<?xml version="1.0" encoding="utf-8"?>
<TestRun id="7f0017da-3715-47cb-82d3-e3e630dd9fc9" name="@psofka0487 2026-03-01 18:37:17" xmlns="http://microsoft.com/schemas/VisualStudio/TeamTest/2010">
  <Times creation="2026-03-01T18:37:17.7621736-05:00" queuing="2026-03-01T18:37:17.7621737-05:00" start="2026-03-01T18:37:16.7334418-05:00" finish="2026-03-01T18:37:17.8337377-05:00" />
  <TestSettings name="default" id="abf07407-7206-4c39-995c-504d5fde99aa">
    <Deployment runDeploymentRoot="_psofka0487_2026-03-01_18_37_17" />
  </TestSettings>
  <Results>
    <UnitTestResult executionId="3ea12756-1ee9-4f94-94bd-a839edfa4ef6" testId="33c2aaf7-9d29-5fef-275f-f7be857b4a5b" testName="MsPaymentService.Worker.Tests.PaymentApprovedEventHandlerTests.HandleAsync_InvalidJson_ThrowsJsonException" computerName="psofka0487" duration="00:00:00.0106807" startTime="2026-03-01T18:37:17.7536755-05:00" endTime="2026-03-01T18:37:17.7536756-05:00" testType="13cdc9d9-ddb5-4fa4-a97d-d965ccfc6d4b" outcome="Passed" testListId="8c84fa94-04c1-424b-9868-57a2d4851a1d" relativeResultsDirectory="3ea12756-1ee9-4f94-94bd-a839edfa4ef6" />
    <UnitTestResult executionId="1fde1002-0c06-40a7-8e77-c31882c2ecdc" testId="74820f9b-bc4b-4b4f-f12a-1287227f0d2e" testName="MsPaymentService.Worker.Tests.PaymentRejectedEventHandlerTests.QueueName_ReturnsRejectedQueueName" computerName="psofka0487" duration="00:00:00.1095712" startTime="2026-03-01T18:37:17.6236734-05:00" endTime="2026-03-01T18:37:17.6237214-05:00" testType="13cdc9d9-ddb5-4fa4-a97d-d965ccfc6d4b" outcome="Passed" testListId="8c84fa94-04c1-424b-9868-57a2d4851a1d" relativeResultsDirectory="1fde1002-0c06-40a7-8e77-c31882c2ecdc" />
    <UnitTestResult executionId="ffb1da5b-3720-48c5-972d-342326796bde" testId="f361a694-d4ab-cd41-806d-b8d446cb9f0c" testName="MsPaymentService.Worker.Tests.PaymentApprovedEventHandlerTests.QueueName_ReturnsApprovedQueueName" computerName="psofka0487" duration="00:00:00.0003152" startTime="2026-03-01T18:37:17.7549437-05:00" endTime="2026-03-01T18:37:17.7549438-05:00" testType="13cdc9d9-ddb5-4fa4-a97d-d965ccfc6d4b" outcome="Passed" testListId="8c84fa94-04c1-424b-9868-57a2d4851a1d" relativeResultsDirectory="ffb1da5b-3720-48c5-972d-342326796bde" />
    <UnitTestResult executionId="cc6917d7-fe91-454c-b518-0bde384d3bfd" testId="b625880a-ae1a-e06a-eebb-6355caa2da0c" testName="MsPaymentService.Worker.Tests.PaymentValidationServiceTests.ApprovedPayment_AlreadyPaid_ReturnsAlreadyProcessed" computerName="psofka0487" duration="00:00:00.0010531" startTime="2026-03-01T18:37:17.7003006-05:00" endTime="2026-03-01T18:37:17.7003006-05:00" testType="13cdc9d9-ddb5-4fa4-a97d-d965ccfc6d4b" outcome="Passed" testListId="8c84fa94-04c1-424b-9868-57a2d4851a1d" relativeResultsDirectory="cc6917d7-fe91-454c-b518-0bde384d3bfd" />
    <UnitTestResult executionId="014273eb-28b1-43a9-84c7-c442aa91e7ad" testId="9a739559-a444-691e-0333-85de114c94e6" testName="MsPaymentService.Worker.Tests.PaymentRejectedEventHandlerTests.HandleAsync_ValidJson_DelegatesToValidationService" computerName="psofka0487" duration="00:00:00.1198281" startTime="2026-03-01T18:37:17.7428845-05:00" endTime="2026-03-01T18:37:17.7428845-05:00" testType="13cdc9d9-ddb5-4fa4-a97d-d965ccfc6d4b" outcome="Passed" testListId="8c84fa94-04c1-424b-9868-57a2d4851a1d" relativeResultsDirectory="014273eb-28b1-43a9-84c7-c442aa91e7ad" />
    <UnitTestResult executionId="cf3fd099-89cb-4131-aa4f-8ae3e4d42e98" testId="0fffb5bb-90a5-6a21-e39a-3ecfe90ff887" testName="MsPaymentService.Worker.Tests.PaymentEventDispatcherImplTests.DispatchAsync_MatchingHandler_DelegatesToHandler" computerName="psofka0487" duration="00:00:00.1267872" startTime="2026-03-01T18:37:17.6423635-05:00" endTime="2026-03-01T18:37:17.6423636-05:00" testType="13cdc9d9-ddb5-4fa4-a97d-d965ccfc6d4b" outcome="Passed" testListId="8c84fa94-04c1-424b-9868-57a2d4851a1d" relativeResultsDirectory="cf3fd099-89cb-4131-aa4f-8ae3e4d42e98" />
    <UnitTestResult executionId="13e075dd-e2b0-4533-bf13-444493c609e5" testId="749e5bec-70e9-4162-83d1-223502716f72" testName="MsPaymentService.Worker.Tests.PaymentEventDispatcherImplTests.DispatchAsync_NoMatchingHandler_ReturnsNull" computerName="psofka0487" duration="00:00:00.0010436" startTime="2026-03-01T18:37:17.6470595-05:00" endTime="2026-03-01T18:37:17.6470596-05:00" testType="13cdc9d9-ddb5-4fa4-a97d-d965ccfc6d4b" outcome="Passed" testListId="8c84fa94-04c1-424b-9868-57a2d4851a1d" relativeResultsDirectory="13e075dd-e2b0-4533-bf13-444493c609e5" />
    <UnitTestResult executionId="4c17be51-a9e8-44c3-a3f8-50ddc17736c6" testId="27d975da-5f48-207a-1551-52e244775429" testName="MsPaymentService.Worker.Tests.PaymentValidationServiceTests.ApprovedPayment_NullReservedAt_TransitionsToReleased" computerName="psofka0487" duration="00:00:00.0009934" startTime="2026-03-01T18:37:17.7007473-05:00" endTime="2026-03-01T18:37:17.7007474-05:00" testType="13cdc9d9-ddb5-4fa4-a97d-d965ccfc6d4b" outcome="Passed" testListId="8c84fa94-04c1-424b-9868-57a2d4851a1d" relativeResultsDirectory="4c17be51-a9e8-44c3-a3f8-50ddc17736c6" />
    <UnitTestResult executionId="f01f7b93-7fbd-40d5-bb54-01c3dcf225c5" testId="1892d3b4-7bfb-6460-dec6-5b93266814c0" testName="MsPaymentService.Worker.Tests.PaymentValidationServiceTests.RejectedPayment_AlreadyReleased_ReturnsAlreadyProcessed" computerName="psofka0487" duration="00:00:00.0012876" startTime="2026-03-01T18:37:17.6999773-05:00" endTime="2026-03-01T18:37:17.6999773-05:00" testType="13cdc9d9-ddb5-4fa4-a97d-d965ccfc6d4b" outcome="Passed" testListId="8c84fa94-04c1-424b-9868-57a2d4851a1d" relativeResultsDirectory="f01f7b93-7fbd-40d5-bb54-01c3dcf225c5" />
    <UnitTestResult executionId="480e6b3c-ece2-4f90-938d-514d9d4fb9f3" testId="b3284e72-0786-ab90-b4df-637a693b6237" testName="MsPaymentService.Worker.Tests.PaymentValidationServiceTests.ApprovedPayment_TicketNotFound_ReturnsFailure" computerName="psofka0487" duration="00:00:00.0008180" startTime="2026-03-01T18:37:17.7005855-05:00" endTime="2026-03-01T18:37:17.7005856-05:00" testType="13cdc9d9-ddb5-4fa4-a97d-d965ccfc6d4b" outcome="Passed" testListId="8c84fa94-04c1-424b-9868-57a2d4851a1d" relativeResultsDirectory="480e6b3c-ece2-4f90-938d-514d9d4fb9f3" />
    <UnitTestResult executionId="03e12ea5-4369-4885-902c-0039055022a1" testId="3ed3fe38-867f-44ce-04c2-822fbbf00c0f" testName="MsPaymentService.Worker.Tests.PaymentValidationServiceTests.RejectedPayment_TransitionFails_ReturnsFailure" computerName="psofka0487" duration="00:00:00.0009608" startTime="2026-03-01T18:37:17.7006674-05:00" endTime="2026-03-01T18:37:17.7006675-05:00" testType="13cdc9d9-ddb5-4fa4-a97d-d965ccfc6d4b" outcome="Passed" testListId="8c84fa94-04c1-424b-9868-57a2d4851a1d" relativeResultsDirectory="03e12ea5-4369-4885-902c-0039055022a1" />
    <UnitTestResult executionId="31fb9e6b-88dd-4926-8c47-67bf23521097" testId="0e03cb13-6b80-262b-b58a-88951561d36e" testName="MsPaymentService.Worker.Tests.PaymentValidationServiceTests.IsWithinTimeLimit_WithinWindow_ReturnsTrue" computerName="psofka0487" duration="00:00:00.0002815" startTime="2026-03-01T18:37:17.7032285-05:00" endTime="2026-03-01T18:37:17.7032286-05:00" testType="13cdc9d9-ddb5-4fa4-a97d-d965ccfc6d4b" outcome="Passed" testListId="8c84fa94-04c1-424b-9868-57a2d4851a1d" relativeResultsDirectory="31fb9e6b-88dd-4926-8c47-67bf23521097" />
    <UnitTestResult executionId="8bfd0f52-def8-454d-a792-d63e8a4e0b95" testId="fa3b1fa7-caf5-e9c0-c856-da78d801cb78" testName="MsPaymentService.Worker.Tests.PaymentValidationServiceTests.ApprovedPayment_TransitionFails_ReturnsFailure" computerName="psofka0487" duration="00:00:00.0019411" startTime="2026-03-01T18:37:17.7033177-05:00" endTime="2026-03-01T18:37:17.7033178-05:00" testType="13cdc9d9-ddb5-4fa4-a97d-d965ccfc6d4b" outcome="Passed" testListId="8c84fa94-04c1-424b-9868-57a2d4851a1d" relativeResultsDirectory="8bfd0f52-def8-454d-a792-d63e8a4e0b95" />
    <UnitTestResult executionId="b8fb2f27-3770-475e-93aa-658af383b4fb" testId="7828b9fe-81ed-ac1b-089d-faec4492d299" testName="MsPaymentService.Worker.Tests.PaymentApprovedEventHandlerTests.HandleAsync_NullDeserialization_ReturnsFailure" computerName="psofka0487" duration="00:00:00.0007991" startTime="2026-03-01T18:37:17.7545620-05:00" endTime="2026-03-01T18:37:17.7545620-05:00" testType="13cdc9d9-ddb5-4fa4-a97d-d965ccfc6d4b" outcome="Passed" testListId="8c84fa94-04c1-424b-9868-57a2d4851a1d" relativeResultsDirectory="b8fb2f27-3770-475e-93aa-658af383b4fb" />
    <UnitTestResult executionId="60745124-96a3-4536-b69e-3639cda74025" testId="a26f8be0-3cd9-affc-4381-0637d1d17ef6" testName="MsPaymentService.Worker.Tests.PaymentEventDispatcherImplTests.DispatchAsync_MultipleHandlers_DispatchesToCorrectOne" computerName="psofka0487" duration="00:00:00.0035345" startTime="2026-03-01T18:37:17.6459927-05:00" endTime="2026-03-01T18:37:17.6459927-05:00" testType="13cdc9d9-ddb5-4fa4-a97d-d965ccfc6d4b" outcome="Passed" testListId="8c84fa94-04c1-424b-9868-57a2d4851a1d" relativeResultsDirectory="60745124-96a3-4536-b69e-3639cda74025" />
    <UnitTestResult executionId="26cca51b-5770-4c28-902c-1e0a06b508ff" testId="3483adf1-f1c9-56d8-e5a2-3afa74aee5e3" testName="MsPaymentService.Worker.Tests.PaymentValidationServiceTests.ApprovedPayment_InvalidStatus_Available_ReturnsFailure" computerName="psofka0487" duration="00:00:00.0028360" startTime="2026-03-01T18:37:17.7004812-05:00" endTime="2026-03-01T18:37:17.7004813-05:00" testType="13cdc9d9-ddb5-4fa4-a97d-d965ccfc6d4b" outcome="Passed" testListId="8c84fa94-04c1-424b-9868-57a2d4851a1d" relativeResultsDirectory="26cca51b-5770-4c28-902c-1e0a06b508ff" />
    <UnitTestResult executionId="9c189823-cddc-4150-99b3-011962b06a53" testId="070a6069-a8ee-02cf-11f8-3d641d95f8ac" testName="MsPaymentService.Worker.Tests.PaymentValidationServiceTests.RejectedPayment_TicketNotFound_ReturnsFailure" computerName="psofka0487" duration="00:00:00.0132595" startTime="2026-03-01T18:37:17.7004033-05:00" endTime="2026-03-01T18:37:17.7004033-05:00" testType="13cdc9d9-ddb5-4fa4-a97d-d965ccfc6d4b" outcome="Passed" testListId="8c84fa94-04c1-424b-9868-57a2d4851a1d" relativeResultsDirectory="9c189823-cddc-4150-99b3-011962b06a53" />
    <UnitTestResult executionId="507c2505-1b97-4c0d-9082-31d8d41678d8" testId="ed9cab0b-baf5-3878-b687-c921d2d2c418" testName="MsPaymentService.Worker.Tests.PaymentRejectedEventHandlerTests.HandleAsync_NullDeserialization_ReturnsFailure" computerName="psofka0487" duration="00:00:00.0007135" startTime="2026-03-01T18:37:17.7436694-05:00" endTime="2026-03-01T18:37:17.7436695-05:00" testType="13cdc9d9-ddb5-4fa4-a97d-d965ccfc6d4b" outcome="Passed" testListId="8c84fa94-04c1-424b-9868-57a2d4851a1d" relativeResultsDirectory="507c2505-1b97-4c0d-9082-31d8d41678d8" />
    <UnitTestResult executionId="9d6b4554-3e89-4b72-9c11-d09b741cf76f" testId="59a6210e-0af3-4fed-80f2-16ec7012bd97" testName="MsPaymentService.Worker.Tests.PaymentValidationServiceTests.ApprovedPayment_TtlExpired_TransitionsToReleased" computerName="psofka0487" duration="00:00:00.0020395" startTime="2026-03-01T18:37:17.7031300-05:00" endTime="2026-03-01T18:37:17.7031301-05:00" testType="13cdc9d9-ddb5-4fa4-a97d-d965ccfc6d4b" outcome="Passed" testListId="8c84fa94-04c1-424b-9868-57a2d4851a1d" relativeResultsDirectory="9d6b4554-3e89-4b72-9c11-d09b741cf76f" />
    <UnitTestResult executionId="93af949f-c7b6-4be5-b410-2e578dd01234" testId="3cf73354-b03f-a178-d674-5e8376a4ac3c" testName="MsPaymentService.Worker.Tests.PaymentValidationServiceTests.IsWithinTimeLimit_PastWindow_ReturnsFalse" computerName="psofka0487" duration="00:00:00.0002354" startTime="2026-03-01T18:37:17.7008261-05:00" endTime="2026-03-01T18:37:17.7008262-05:00" testType="13cdc9d9-ddb5-4fa4-a97d-d965ccfc6d4b" outcome="Passed" testListId="8c84fa94-04c1-424b-9868-57a2d4851a1d" relativeResultsDirectory="93af949f-c7b6-4be5-b410-2e578dd01234" />
    <UnitTestResult executionId="5d3263b6-d85e-4507-84a3-8a5eb83e51ef" testId="052587a7-0155-3f91-4813-368682de3e08" testName="MsPaymentService.Worker.Tests.PaymentValidationServiceTests.ApprovedPayment_HappyPath_CreatesPaymentAndTransitions" computerName="psofka0487" duration="00:00:00.0092498" startTime="2026-03-01T18:37:17.7009041-05:00" endTime="2026-03-01T18:37:17.7009041-05:00" testType="13cdc9d9-ddb5-4fa4-a97d-d965ccfc6d4b" outcome="Passed" testListId="8c84fa94-04c1-424b-9868-57a2d4851a1d" relativeResultsDirectory="5d3263b6-d85e-4507-84a3-8a5eb83e51ef" />
    <UnitTestResult executionId="0ca579a4-bd40-4aea-a5c8-048ddc9089ac" testId="b9b91981-bfdd-039a-1c79-08ec9ea21b30" testName="MsPaymentService.Worker.Tests.PaymentApprovedEventHandlerTests.HandleAsync_ValidJson_DelegatesToValidationService" computerName="psofka0487" duration="00:00:00.2332561" startTime="2026-03-01T18:37:17.7429131-05:00" endTime="2026-03-01T18:37:17.7429131-05:00" testType="13cdc9d9-ddb5-4fa4-a97d-d965ccfc6d4b" outcome="Passed" testListId="8c84fa94-04c1-424b-9868-57a2d4851a1d" relativeResultsDirectory="0ca579a4-bd40-4aea-a5c8-048ddc9089ac" />
    <UnitTestResult executionId="92db24f5-d16c-4c11-af70-5845063694fa" testId="dc4ac2fd-40df-8066-8237-c54ed0210687" testName="MsPaymentService.Worker.Tests.PaymentValidationServiceTests.ApprovedPayment_ExistingPayment_DoesNotCreateNew" computerName="psofka0487" duration="00:00:00.0077802" startTime="2026-03-01T18:37:17.6538158-05:00" endTime="2026-03-01T18:37:17.6538159-05:00" testType="13cdc9d9-ddb5-4fa4-a97d-d965ccfc6d4b" outcome="Passed" testListId="8c84fa94-04c1-424b-9868-57a2d4851a1d" relativeResultsDirectory="92db24f5-d16c-4c11-af70-5845063694fa" />
    <UnitTestResult executionId="8d78841b-441d-47cb-bd23-b8ab3de754bb" testId="44bab782-8502-56f6-c452-5518aafa926b" testName="MsPaymentService.Worker.Tests.PaymentValidationServiceTests.RejectedPayment_HappyPath_TransitionsToReleased" computerName="psofka0487" duration="00:00:00.1363580" startTime="2026-03-01T18:37:17.6459319-05:00" endTime="2026-03-01T18:37:17.6459320-05:00" testType="13cdc9d9-ddb5-4fa4-a97d-d965ccfc6d4b" outcome="Passed" testListId="8c84fa94-04c1-424b-9868-57a2d4851a1d" relativeResultsDirectory="8d78841b-441d-47cb-bd23-b8ab3de754bb" />
    <UnitTestResult executionId="861b98c4-1c31-4e7a-b62b-60cf3212171d" testId="2c8caf0d-af1a-b589-2dab-3e8859cf405e" testName="MsPaymentService.Worker.Tests.PaymentValidationServiceTests.IsWithinTimeLimit_ExactBoundary_ReturnsTrue" computerName="psofka0487" duration="00:00:00.0003142" startTime="2026-03-01T18:37:17.6541947-05:00" endTime="2026-03-01T18:37:17.6541947-05:00" testType="13cdc9d9-ddb5-4fa4-a97d-d965ccfc6d4b" outcome="Passed" testListId="8c84fa94-04c1-424b-9868-57a2d4851a1d" relativeResultsDirectory="861b98c4-1c31-4e7a-b62b-60cf3212171d" />
  </Results>
  <TestDefinitions>
    <UnitTest name="MsPaymentService.Worker.Tests.PaymentValidationServiceTests.ApprovedPayment_InvalidStatus_Available_ReturnsFailure" storage="/home/jorge-ruiz/documentos/sofka/mvp ticketrush/ticketing_project_week0/paymentservice/mspaymentservice.worker.tests/bin/debug/net8.0/mspaymentservice.worker.tests.dll" id="3483adf1-f1c9-56d8-e5a2-3afa74aee5e3">
      <Execution id="26cca51b-5770-4c28-902c-1e0a06b508ff" />
      <TestMethod codeBase="/home/jorge-ruiz/Documentos/Sofka/MVP TicketRush/ticketing_project_week0/paymentService/MsPaymentService.Worker.Tests/bin/Debug/net8.0/MsPaymentService.Worker.Tests.dll" adapterTypeName="executor://xunit/VsTestRunner2/netcoreapp" className="MsPaymentService.Worker.Tests.PaymentValidationServiceTests" name="ApprovedPayment_InvalidStatus_Available_ReturnsFailure" />
    </UnitTest>
    <UnitTest name="MsPaymentService.Worker.Tests.PaymentEventDispatcherImplTests.DispatchAsync_MultipleHandlers_DispatchesToCorrectOne" storage="/home/jorge-ruiz/documentos/sofka/mvp ticketrush/ticketing_project_week0/paymentservice/mspaymentservice.worker.tests/bin/debug/net8.0/mspaymentservice.worker.tests.dll" id="a26f8be0-3cd9-affc-4381-0637d1d17ef6">
      <Execution id="60745124-96a3-4536-b69e-3639cda74025" />
      <TestMethod codeBase="/home/jorge-ruiz/Documentos/Sofka/MVP TicketRush/ticketing_project_week0/paymentService/MsPaymentService.Worker.Tests/bin/Debug/net8.0/MsPaymentService.Worker.Tests.dll" adapterTypeName="executor://xunit/VsTestRunner2/netcoreapp" className="MsPaymentService.Worker.Tests.PaymentEventDispatcherImplTests" name="DispatchAsync_MultipleHandlers_DispatchesToCorrectOne" />
    </UnitTest>
    <UnitTest name="MsPaymentService.Worker.Tests.PaymentValidationServiceTests.ApprovedPayment_HappyPath_CreatesPaymentAndTransitions" storage="/home/jorge-ruiz/documentos/sofka/mvp ticketrush/ticketing_project_week0/paymentservice/mspaymentservice.worker.tests/bin/debug/net8.0/mspaymentservice.worker.tests.dll" id="052587a7-0155-3f91-4813-368682de3e08">
      <Execution id="5d3263b6-d85e-4507-84a3-8a5eb83e51ef" />
      <TestMethod codeBase="/home/jorge-ruiz/Documentos/Sofka/MVP TicketRush/ticketing_project_week0/paymentService/MsPaymentService.Worker.Tests/bin/Debug/net8.0/MsPaymentService.Worker.Tests.dll" adapterTypeName="executor://xunit/VsTestRunner2/netcoreapp" className="MsPaymentService.Worker.Tests.PaymentValidationServiceTests" name="ApprovedPayment_HappyPath_CreatesPaymentAndTransitions" />
    </UnitTest>
    <UnitTest name="MsPaymentService.Worker.Tests.PaymentEventDispatcherImplTests.DispatchAsync_NoMatchingHandler_ReturnsNull" storage="/home/jorge-ruiz/documentos/sofka/mvp ticketrush/ticketing_project_week0/paymentservice/mspaymentservice.worker.tests/bin/debug/net8.0/mspaymentservice.worker.tests.dll" id="749e5bec-70e9-4162-83d1-223502716f72">
      <Execution id="13e075dd-e2b0-4533-bf13-444493c609e5" />
      <TestMethod codeBase="/home/jorge-ruiz/Documentos/Sofka/MVP TicketRush/ticketing_project_week0/paymentService/MsPaymentService.Worker.Tests/bin/Debug/net8.0/MsPaymentService.Worker.Tests.dll" adapterTypeName="executor://xunit/VsTestRunner2/netcoreapp" className="MsPaymentService.Worker.Tests.PaymentEventDispatcherImplTests" name="DispatchAsync_NoMatchingHandler_ReturnsNull" />
    </UnitTest>
    <UnitTest name="MsPaymentService.Worker.Tests.PaymentEventDispatcherImplTests.DispatchAsync_MatchingHandler_DelegatesToHandler" storage="/home/jorge-ruiz/documentos/sofka/mvp ticketrush/ticketing_project_week0/paymentservice/mspaymentservice.worker.tests/bin/debug/net8.0/mspaymentservice.worker.tests.dll" id="0fffb5bb-90a5-6a21-e39a-3ecfe90ff887">
      <Execution id="cf3fd099-89cb-4131-aa4f-8ae3e4d42e98" />
      <TestMethod codeBase="/home/jorge-ruiz/Documentos/Sofka/MVP TicketRush/ticketing_project_week0/paymentService/MsPaymentService.Worker.Tests/bin/Debug/net8.0/MsPaymentService.Worker.Tests.dll" adapterTypeName="executor://xunit/VsTestRunner2/netcoreapp" className="MsPaymentService.Worker.Tests.PaymentEventDispatcherImplTests" name="DispatchAsync_MatchingHandler_DelegatesToHandler" />
    </UnitTest>
    <UnitTest name="MsPaymentService.Worker.Tests.PaymentValidationServiceTests.IsWithinTimeLimit_WithinWindow_ReturnsTrue" storage="/home/jorge-ruiz/documentos/sofka/mvp ticketrush/ticketing_project_week0/paymentservice/mspaymentservice.worker.tests/bin/debug/net8.0/mspaymentservice.worker.tests.dll" id="0e03cb13-6b80-262b-b58a-88951561d36e">
      <Execution id="31fb9e6b-88dd-4926-8c47-67bf23521097" />
      <TestMethod codeBase="/home/jorge-ruiz/Documentos/Sofka/MVP TicketRush/ticketing_project_week0/paymentService/MsPaymentService.Worker.Tests/bin/Debug/net8.0/MsPaymentService.Worker.Tests.dll" adapterTypeName="executor://xunit/VsTestRunner2/netcoreapp" className="MsPaymentService.Worker.Tests.PaymentValidationServiceTests" name="IsWithinTimeLimit_WithinWindow_ReturnsTrue" />
    </UnitTest>
    <UnitTest name="MsPaymentService.Worker.Tests.PaymentValidationServiceTests.ApprovedPayment_NullReservedAt_TransitionsToReleased" storage="/home/jorge-ruiz/documentos/sofka/mvp ticketrush/ticketing_project_week0/paymentservice/mspaymentservice.worker.tests/bin/debug/net8.0/mspaymentservice.worker.tests.dll" id="27d975da-5f48-207a-1551-52e244775429">
      <Execution id="4c17be51-a9e8-44c3-a3f8-50ddc17736c6" />
      <TestMethod codeBase="/home/jorge-ruiz/Documentos/Sofka/MVP TicketRush/ticketing_project_week0/paymentService/MsPaymentService.Worker.Tests/bin/Debug/net8.0/MsPaymentService.Worker.Tests.dll" adapterTypeName="executor://xunit/VsTestRunner2/netcoreapp" className="MsPaymentService.Worker.Tests.PaymentValidationServiceTests" name="ApprovedPayment_NullReservedAt_TransitionsToReleased" />
    </UnitTest>
    <UnitTest name="MsPaymentService.Worker.Tests.PaymentApprovedEventHandlerTests.HandleAsync_NullDeserialization_ReturnsFailure" storage="/home/jorge-ruiz/documentos/sofka/mvp ticketrush/ticketing_project_week0/paymentservice/mspaymentservice.worker.tests/bin/debug/net8.0/mspaymentservice.worker.tests.dll" id="7828b9fe-81ed-ac1b-089d-faec4492d299">
      <Execution id="b8fb2f27-3770-475e-93aa-658af383b4fb" />
      <TestMethod codeBase="/home/jorge-ruiz/Documentos/Sofka/MVP TicketRush/ticketing_project_week0/paymentService/MsPaymentService.Worker.Tests/bin/Debug/net8.0/MsPaymentService.Worker.Tests.dll" adapterTypeName="executor://xunit/VsTestRunner2/netcoreapp" className="MsPaymentService.Worker.Tests.PaymentApprovedEventHandlerTests" name="HandleAsync_NullDeserialization_ReturnsFailure" />
    </UnitTest>
    <UnitTest name="MsPaymentService.Worker.Tests.PaymentRejectedEventHandlerTests.HandleAsync_ValidJson_DelegatesToValidationService" storage="/home/jorge-ruiz/documentos/sofka/mvp ticketrush/ticketing_project_week0/paymentservice/mspaymentservice.worker.tests/bin/debug/net8.0/mspaymentservice.worker.tests.dll" id="9a739559-a444-691e-0333-85de114c94e6">
      <Execution id="014273eb-28b1-43a9-84c7-c442aa91e7ad" />
      <TestMethod codeBase="/home/jorge-ruiz/Documentos/Sofka/MVP TicketRush/ticketing_project_week0/paymentService/MsPaymentService.Worker.Tests/bin/Debug/net8.0/MsPaymentService.Worker.Tests.dll" adapterTypeName="executor://xunit/VsTestRunner2/netcoreapp" className="MsPaymentService.Worker.Tests.PaymentRejectedEventHandlerTests" name="HandleAsync_ValidJson_DelegatesToValidationService" />
    </UnitTest>
    <UnitTest name="MsPaymentService.Worker.Tests.PaymentValidationServiceTests.RejectedPayment_TicketNotFound_ReturnsFailure" storage="/home/jorge-ruiz/documentos/sofka/mvp ticketrush/ticketing_project_week0/paymentservice/mspaymentservice.worker.tests/bin/debug/net8.0/mspaymentservice.worker.tests.dll" id="070a6069-a8ee-02cf-11f8-3d641d95f8ac">
      <Execution id="9c189823-cddc-4150-99b3-011962b06a53" />
      <TestMethod codeBase="/home/jorge-ruiz/Documentos/Sofka/MVP TicketRush/ticketing_project_week0/paymentService/MsPaymentService.Worker.Tests/bin/Debug/net8.0/MsPaymentService.Worker.Tests.dll" adapterTypeName="executor://xunit/VsTestRunner2/netcoreapp" className="MsPaymentService.Worker.Tests.PaymentValidationServiceTests" name="RejectedPayment_TicketNotFound_ReturnsFailure" />
    </UnitTest>
    <UnitTest name="MsPaymentService.Worker.Tests.PaymentValidationServiceTests.RejectedPayment_AlreadyReleased_ReturnsAlreadyProcessed" storage="/home/jorge-ruiz/documentos/sofka/mvp ticketrush/ticketing_project_week0/paymentservice/mspaymentservice.worker.tests/bin/debug/net8.0/mspaymentservice.worker.tests.dll" id="1892d3b4-7bfb-6460-dec6-5b93266814c0">
      <Execution id="f01f7b93-7fbd-40d5-bb54-01c3dcf225c5" />
      <TestMethod codeBase="/home/jorge-ruiz/Documentos/Sofka/MVP TicketRush/ticketing_project_week0/paymentService/MsPaymentService.Worker.Tests/bin/Debug/net8.0/MsPaymentService.Worker.Tests.dll" adapterTypeName="executor://xunit/VsTestRunner2/netcoreapp" className="MsPaymentService.Worker.Tests.PaymentValidationServiceTests" name="RejectedPayment_AlreadyReleased_ReturnsAlreadyProcessed" />
    </UnitTest>
    <UnitTest name="MsPaymentService.Worker.Tests.PaymentValidationServiceTests.ApprovedPayment_TicketNotFound_ReturnsFailure" storage="/home/jorge-ruiz/documentos/sofka/mvp ticketrush/ticketing_project_week0/paymentservice/mspaymentservice.worker.tests/bin/debug/net8.0/mspaymentservice.worker.tests.dll" id="b3284e72-0786-ab90-b4df-637a693b6237">
      <Execution id="480e6b3c-ece2-4f90-938d-514d9d4fb9f3" />
      <TestMethod codeBase="/home/jorge-ruiz/Documentos/Sofka/MVP TicketRush/ticketing_project_week0/paymentService/MsPaymentService.Worker.Tests/bin/Debug/net8.0/MsPaymentService.Worker.Tests.dll" adapterTypeName="executor://xunit/VsTestRunner2/netcoreapp" className="MsPaymentService.Worker.Tests.PaymentValidationServiceTests" name="ApprovedPayment_TicketNotFound_ReturnsFailure" />
    </UnitTest>
    <UnitTest name="MsPaymentService.Worker.Tests.PaymentApprovedEventHandlerTests.QueueName_ReturnsApprovedQueueName" storage="/home/jorge-ruiz/documentos/sofka/mvp ticketrush/ticketing_project_week0/paymentservice/mspaymentservice.worker.tests/bin/debug/net8.0/mspaymentservice.worker.tests.dll" id="f361a694-d4ab-cd41-806d-b8d446cb9f0c">
      <Execution id="ffb1da5b-3720-48c5-972d-342326796bde" />
      <TestMethod codeBase="/home/jorge-ruiz/Documentos/Sofka/MVP TicketRush/ticketing_project_week0/paymentService/MsPaymentService.Worker.Tests/bin/Debug/net8.0/MsPaymentService.Worker.Tests.dll" adapterTypeName="executor://xunit/VsTestRunner2/netcoreapp" className="MsPaymentService.Worker.Tests.PaymentApprovedEventHandlerTests" name="QueueName_ReturnsApprovedQueueName" />
    </UnitTest>
    <UnitTest name="MsPaymentService.Worker.Tests.PaymentValidationServiceTests.ApprovedPayment_TtlExpired_TransitionsToReleased" storage="/home/jorge-ruiz/documentos/sofka/mvp ticketrush/ticketing_project_week0/paymentservice/mspaymentservice.worker.tests/bin/debug/net8.0/mspaymentservice.worker.tests.dll" id="59a6210e-0af3-4fed-80f2-16ec7012bd97">
      <Execution id="9d6b4554-3e89-4b72-9c11-d09b741cf76f" />
      <TestMethod codeBase="/home/jorge-ruiz/Documentos/Sofka/MVP TicketRush/ticketing_project_week0/paymentService/MsPaymentService.Worker.Tests/bin/Debug/net8.0/MsPaymentService.Worker.Tests.dll" adapterTypeName="executor://xunit/VsTestRunner2/netcoreapp" className="MsPaymentService.Worker.Tests.PaymentValidationServiceTests" name="ApprovedPayment_TtlExpired_TransitionsToReleased" />
    </UnitTest>
    <UnitTest name="MsPaymentService.Worker.Tests.PaymentValidationServiceTests.IsWithinTimeLimit_PastWindow_ReturnsFalse" storage="/home/jorge-ruiz/documentos/sofka/mvp ticketrush/ticketing_project_week0/paymentservice/mspaymentservice.worker.tests/bin/debug/net8.0/mspaymentservice.worker.tests.dll" id="3cf73354-b03f-a178-d674-5e8376a4ac3c">
      <Execution id="93af949f-c7b6-4be5-b410-2e578dd01234" />
      <TestMethod codeBase="/home/jorge-ruiz/Documentos/Sofka/MVP TicketRush/ticketing_project_week0/paymentService/MsPaymentService.Worker.Tests/bin/Debug/net8.0/MsPaymentService.Worker.Tests.dll" adapterTypeName="executor://xunit/VsTestRunner2/netcoreapp" className="MsPaymentService.Worker.Tests.PaymentValidationServiceTests" name="IsWithinTimeLimit_PastWindow_ReturnsFalse" />
    </UnitTest>
    <UnitTest name="MsPaymentService.Worker.Tests.PaymentValidationServiceTests.IsWithinTimeLimit_ExactBoundary_ReturnsTrue" storage="/home/jorge-ruiz/documentos/sofka/mvp ticketrush/ticketing_project_week0/paymentservice/mspaymentservice.worker.tests/bin/debug/net8.0/mspaymentservice.worker.tests.dll" id="2c8caf0d-af1a-b589-2dab-3e8859cf405e">
      <Execution id="861b98c4-1c31-4e7a-b62b-60cf3212171d" />
      <TestMethod codeBase="/home/jorge-ruiz/Documentos/Sofka/MVP TicketRush/ticketing_project_week0/paymentService/MsPaymentService.Worker.Tests/bin/Debug/net8.0/MsPaymentService.Worker.Tests.dll" adapterTypeName="executor://xunit/VsTestRunner2/netcoreapp" className="MsPaymentService.Worker.Tests.PaymentValidationServiceTests" name="IsWithinTimeLimit_ExactBoundary_ReturnsTrue" />
    </UnitTest>
    <UnitTest name="MsPaymentService.Worker.Tests.PaymentValidationServiceTests.RejectedPayment_TransitionFails_ReturnsFailure" storage="/home/jorge-ruiz/documentos/sofka/mvp ticketrush/ticketing_project_week0/paymentservice/mspaymentservice.worker.tests/bin/debug/net8.0/mspaymentservice.worker.tests.dll" id="3ed3fe38-867f-44ce-04c2-822fbbf00c0f">
      <Execution id="03e12ea5-4369-4885-902c-0039055022a1" />
      <TestMethod codeBase="/home/jorge-ruiz/Documentos/Sofka/MVP TicketRush/ticketing_project_week0/paymentService/MsPaymentService.Worker.Tests/bin/Debug/net8.0/MsPaymentService.Worker.Tests.dll" adapterTypeName="executor://xunit/VsTestRunner2/netcoreapp" className="MsPaymentService.Worker.Tests.PaymentValidationServiceTests" name="RejectedPayment_TransitionFails_ReturnsFailure" />
    </UnitTest>
    <UnitTest name="MsPaymentService.Worker.Tests.PaymentValidationServiceTests.ApprovedPayment_ExistingPayment_DoesNotCreateNew" storage="/home/jorge-ruiz/documentos/sofka/mvp ticketrush/ticketing_project_week0/paymentservice/mspaymentservice.worker.tests/bin/debug/net8.0/mspaymentservice.worker.tests.dll" id="dc4ac2fd-40df-8066-8237-c54ed0210687">
      <Execution id="92db24f5-d16c-4c11-af70-5845063694fa" />
      <TestMethod codeBase="/home/jorge-ruiz/Documentos/Sofka/MVP TicketRush/ticketing_project_week0/paymentService/MsPaymentService.Worker.Tests/bin/Debug/net8.0/MsPaymentService.Worker.Tests.dll" adapterTypeName="executor://xunit/VsTestRunner2/netcoreapp" className="MsPaymentService.Worker.Tests.PaymentValidationServiceTests" name="ApprovedPayment_ExistingPayment_DoesNotCreateNew" />
    </UnitTest>
    <UnitTest name="MsPaymentService.Worker.Tests.PaymentValidationServiceTests.ApprovedPayment_TransitionFails_ReturnsFailure" storage="/home/jorge-ruiz/documentos/sofka/mvp ticketrush/ticketing_project_week0/paymentservice/mspaymentservice.worker.tests/bin/debug/net8.0/mspaymentservice.worker.tests.dll" id="fa3b1fa7-caf5-e9c0-c856-da78d801cb78">
      <Execution id="8bfd0f52-def8-454d-a792-d63e8a4e0b95" />
      <TestMethod codeBase="/home/jorge-ruiz/Documentos/Sofka/MVP TicketRush/ticketing_project_week0/paymentService/MsPaymentService.Worker.Tests/bin/Debug/net8.0/MsPaymentService.Worker.Tests.dll" adapterTypeName="executor://xunit/VsTestRunner2/netcoreapp" className="MsPaymentService.Worker.Tests.PaymentValidationServiceTests" name="ApprovedPayment_TransitionFails_ReturnsFailure" />
    </UnitTest>
    <UnitTest name="MsPaymentService.Worker.Tests.PaymentRejectedEventHandlerTests.HandleAsync_NullDeserialization_ReturnsFailure" storage="/home/jorge-ruiz/documentos/sofka/mvp ticketrush/ticketing_project_week0/paymentservice/mspaymentservice.worker.tests/bin/debug/net8.0/mspaymentservice.worker.tests.dll" id="ed9cab0b-baf5-3878-b687-c921d2d2c418">
      <Execution id="507c2505-1b97-4c0d-9082-31d8d41678d8" />
      <TestMethod codeBase="/home/jorge-ruiz/Documentos/Sofka/MVP TicketRush/ticketing_project_week0/paymentService/MsPaymentService.Worker.Tests/bin/Debug/net8.0/MsPaymentService.Worker.Tests.dll" adapterTypeName="executor://xunit/VsTestRunner2/netcoreapp" className="MsPaymentService.Worker.Tests.PaymentRejectedEventHandlerTests" name="HandleAsync_NullDeserialization_ReturnsFailure" />
    </UnitTest>
    <UnitTest name="MsPaymentService.Worker.Tests.PaymentRejectedEventHandlerTests.QueueName_ReturnsRejectedQueueName" storage="/home/jorge-ruiz/documentos/sofka/mvp ticketrush/ticketing_project_week0/paymentservice/mspaymentservice.worker.tests/bin/debug/net8.0/mspaymentservice.worker.tests.dll" id="74820f9b-bc4b-4b4f-f12a-1287227f0d2e">
      <Execution id="1fde1002-0c06-40a7-8e77-c31882c2ecdc" />
      <TestMethod codeBase="/home/jorge-ruiz/Documentos/Sofka/MVP TicketRush/ticketing_project_week0/paymentService/MsPaymentService.Worker.Tests/bin/Debug/net8.0/MsPaymentService.Worker.Tests.dll" adapterTypeName="executor://xunit/VsTestRunner2/netcoreapp" className="MsPaymentService.Worker.Tests.PaymentRejectedEventHandlerTests" name="QueueName_ReturnsRejectedQueueName" />
    </UnitTest>
    <UnitTest name="MsPaymentService.Worker.Tests.PaymentApprovedEventHandlerTests.HandleAsync_ValidJson_DelegatesToValidationService" storage="/home/jorge-ruiz/documentos/sofka/mvp ticketrush/ticketing_project_week0/paymentservice/mspaymentservice.worker.tests/bin/debug/net8.0/mspaymentservice.worker.tests.dll" id="b9b91981-bfdd-039a-1c79-08ec9ea21b30">
      <Execution id="0ca579a4-bd40-4aea-a5c8-048ddc9089ac" />
      <TestMethod codeBase="/home/jorge-ruiz/Documentos/Sofka/MVP TicketRush/ticketing_project_week0/paymentService/MsPaymentService.Worker.Tests/bin/Debug/net8.0/MsPaymentService.Worker.Tests.dll" adapterTypeName="executor://xunit/VsTestRunner2/netcoreapp" className="MsPaymentService.Worker.Tests.PaymentApprovedEventHandlerTests" name="HandleAsync_ValidJson_DelegatesToValidationService" />
    </UnitTest>
    <UnitTest name="MsPaymentService.Worker.Tests.PaymentValidationServiceTests.ApprovedPayment_AlreadyPaid_ReturnsAlreadyProcessed" storage="/home/jorge-ruiz/documentos/sofka/mvp ticketrush/ticketing_project_week0/paymentservice/mspaymentservice.worker.tests/bin/debug/net8.0/mspaymentservice.worker.tests.dll" id="b625880a-ae1a-e06a-eebb-6355caa2da0c">
      <Execution id="cc6917d7-fe91-454c-b518-0bde384d3bfd" />
      <TestMethod codeBase="/home/jorge-ruiz/Documentos/Sofka/MVP TicketRush/ticketing_project_week0/paymentService/MsPaymentService.Worker.Tests/bin/Debug/net8.0/MsPaymentService.Worker.Tests.dll" adapterTypeName="executor://xunit/VsTestRunner2/netcoreapp" className="MsPaymentService.Worker.Tests.PaymentValidationServiceTests" name="ApprovedPayment_AlreadyPaid_ReturnsAlreadyProcessed" />
    </UnitTest>
    <UnitTest name="MsPaymentService.Worker.Tests.PaymentApprovedEventHandlerTests.HandleAsync_InvalidJson_ThrowsJsonException" storage="/home/jorge-ruiz/documentos/sofka/mvp ticketrush/ticketing_project_week0/paymentservice/mspaymentservice.worker.tests/bin/debug/net8.0/mspaymentservice.worker.tests.dll" id="33c2aaf7-9d29-5fef-275f-f7be857b4a5b">
      <Execution id="3ea12756-1ee9-4f94-94bd-a839edfa4ef6" />
      <TestMethod codeBase="/home/jorge-ruiz/Documentos/Sofka/MVP TicketRush/ticketing_project_week0/paymentService/MsPaymentService.Worker.Tests/bin/Debug/net8.0/MsPaymentService.Worker.Tests.dll" adapterTypeName="executor://xunit/VsTestRunner2/netcoreapp" className="MsPaymentService.Worker.Tests.PaymentApprovedEventHandlerTests" name="HandleAsync_InvalidJson_ThrowsJsonException" />
    </UnitTest>
    <UnitTest name="MsPaymentService.Worker.Tests.PaymentValidationServiceTests.RejectedPayment_HappyPath_TransitionsToReleased" storage="/home/jorge-ruiz/documentos/sofka/mvp ticketrush/ticketing_project_week0/paymentservice/mspaymentservice.worker.tests/bin/debug/net8.0/mspaymentservice.worker.tests.dll" id="44bab782-8502-56f6-c452-5518aafa926b">
      <Execution id="8d78841b-441d-47cb-bd23-b8ab3de754bb" />
      <TestMethod codeBase="/home/jorge-ruiz/Documentos/Sofka/MVP TicketRush/ticketing_project_week0/paymentService/MsPaymentService.Worker.Tests/bin/Debug/net8.0/MsPaymentService.Worker.Tests.dll" adapterTypeName="executor://xunit/VsTestRunner2/netcoreapp" className="MsPaymentService.Worker.Tests.PaymentValidationServiceTests" name="RejectedPayment_HappyPath_TransitionsToReleased" />
    </UnitTest>
  </TestDefinitions>
  <TestEntries>
    <TestEntry testId="33c2aaf7-9d29-5fef-275f-f7be857b4a5b" executionId="3ea12756-1ee9-4f94-94bd-a839edfa4ef6" testListId="8c84fa94-04c1-424b-9868-57a2d4851a1d" />
    <TestEntry testId="74820f9b-bc4b-4b4f-f12a-1287227f0d2e" executionId="1fde1002-0c06-40a7-8e77-c31882c2ecdc" testListId="8c84fa94-04c1-424b-9868-57a2d4851a1d" />
    <TestEntry testId="f361a694-d4ab-cd41-806d-b8d446cb9f0c" executionId="ffb1da5b-3720-48c5-972d-342326796bde" testListId="8c84fa94-04c1-424b-9868-57a2d4851a1d" />
    <TestEntry testId="b625880a-ae1a-e06a-eebb-6355caa2da0c" executionId="cc6917d7-fe91-454c-b518-0bde384d3bfd" testListId="8c84fa94-04c1-424b-9868-57a2d4851a1d" />
    <TestEntry testId="9a739559-a444-691e-0333-85de114c94e6" executionId="014273eb-28b1-43a9-84c7-c442aa91e7ad" testListId="8c84fa94-04c1-424b-9868-57a2d4851a1d" />
    <TestEntry testId="0fffb5bb-90a5-6a21-e39a-3ecfe90ff887" executionId="cf3fd099-89cb-4131-aa4f-8ae3e4d42e98" testListId="8c84fa94-04c1-424b-9868-57a2d4851a1d" />
    <TestEntry testId="749e5bec-70e9-4162-83d1-223502716f72" executionId="13e075dd-e2b0-4533-bf13-444493c609e5" testListId="8c84fa94-04c1-424b-9868-57a2d4851a1d" />
    <TestEntry testId="27d975da-5f48-207a-1551-52e244775429" executionId="4c17be51-a9e8-44c3-a3f8-50ddc17736c6" testListId="8c84fa94-04c1-424b-9868-57a2d4851a1d" />
    <TestEntry testId="1892d3b4-7bfb-6460-dec6-5b93266814c0" executionId="f01f7b93-7fbd-40d5-bb54-01c3dcf225c5" testListId="8c84fa94-04c1-424b-9868-57a2d4851a1d" />
    <TestEntry testId="b3284e72-0786-ab90-b4df-637a693b6237" executionId="480e6b3c-ece2-4f90-938d-514d9d4fb9f3" testListId="8c84fa94-04c1-424b-9868-57a2d4851a1d" />
    <TestEntry testId="3ed3fe38-867f-44ce-04c2-822fbbf00c0f" executionId="03e12ea5-4369-4885-902c-0039055022a1" testListId="8c84fa94-04c1-424b-9868-57a2d4851a1d" />
    <TestEntry testId="0e03cb13-6b80-262b-b58a-88951561d36e" executionId="31fb9e6b-88dd-4926-8c47-67bf23521097" testListId="8c84fa94-04c1-424b-9868-57a2d4851a1d" />
    <TestEntry testId="fa3b1fa7-caf5-e9c0-c856-da78d801cb78" executionId="8bfd0f52-def8-454d-a792-d63e8a4e0b95" testListId="8c84fa94-04c1-424b-9868-57a2d4851a1d" />
    <TestEntry testId="7828b9fe-81ed-ac1b-089d-faec4492d299" executionId="b8fb2f27-3770-475e-93aa-658af383b4fb" testListId="8c84fa94-04c1-424b-9868-57a2d4851a1d" />
    <TestEntry testId="a26f8be0-3cd9-affc-4381-0637d1d17ef6" executionId="60745124-96a3-4536-b69e-3639cda74025" testListId="8c84fa94-04c1-424b-9868-57a2d4851a1d" />
    <TestEntry testId="3483adf1-f1c9-56d8-e5a2-3afa74aee5e3" executionId="26cca51b-5770-4c28-902c-1e0a06b508ff" testListId="8c84fa94-04c1-424b-9868-57a2d4851a1d" />
    <TestEntry testId="070a6069-a8ee-02cf-11f8-3d641d95f8ac" executionId="9c189823-cddc-4150-99b3-011962b06a53" testListId="8c84fa94-04c1-424b-9868-57a2d4851a1d" />
    <TestEntry testId="ed9cab0b-baf5-3878-b687-c921d2d2c418" executionId="507c2505-1b97-4c0d-9082-31d8d41678d8" testListId="8c84fa94-04c1-424b-9868-57a2d4851a1d" />
    <TestEntry testId="59a6210e-0af3-4fed-80f2-16ec7012bd97" executionId="9d6b4554-3e89-4b72-9c11-d09b741cf76f" testListId="8c84fa94-04c1-424b-9868-57a2d4851a1d" />
    <TestEntry testId="3cf73354-b03f-a178-d674-5e8376a4ac3c" executionId="93af949f-c7b6-4be5-b410-2e578dd01234" testListId="8c84fa94-04c1-424b-9868-57a2d4851a1d" />
    <TestEntry testId="052587a7-0155-3f91-4813-368682de3e08" executionId="5d3263b6-d85e-4507-84a3-8a5eb83e51ef" testListId="8c84fa94-04c1-424b-9868-57a2d4851a1d" />
    <TestEntry testId="b9b91981-bfdd-039a-1c79-08ec9ea21b30" executionId="0ca579a4-bd40-4aea-a5c8-048ddc9089ac" testListId="8c84fa94-04c1-424b-9868-57a2d4851a1d" />
    <TestEntry testId="dc4ac2fd-40df-8066-8237-c54ed0210687" executionId="92db24f5-d16c-4c11-af70-5845063694fa" testListId="8c84fa94-04c1-424b-9868-57a2d4851a1d" />
    <TestEntry testId="44bab782-8502-56f6-c452-5518aafa926b" executionId="8d78841b-441d-47cb-bd23-b8ab3de754bb" testListId="8c84fa94-04c1-424b-9868-57a2d4851a1d" />
    <TestEntry testId="2c8caf0d-af1a-b589-2dab-3e8859cf405e" executionId="861b98c4-1c31-4e7a-b62b-60cf3212171d" testListId="8c84fa94-04c1-424b-9868-57a2d4851a1d" />
  </TestEntries>
  <TestLists>
    <TestList name="Resultados sin formato de lista" id="8c84fa94-04c1-424b-9868-57a2d4851a1d" />
    <TestList name="Todos los resultados cargados" id="19431567-8539-422a-85d7-44ee4e166bda" />
  </TestLists>
  <ResultSummary outcome="Completed">
    <Counters total="25" executed="25" passed="25" failed="0" error="0" timeout="0" aborted="0" inconclusive="0" passedButRunAborted="0" notRunnable="0" notExecuted="0" disconnected="0" warning="0" completed="0" inProgress="0" pending="0" />
    <Output>
      <StdOut>[xUnit.net 00:00:00.00] xUnit.net VSTest Adapter v2.5.6+bf9b858c26 (64-bit .NET 8.0.24)
[xUnit.net 00:00:00.10]   Discovering: MsPaymentService.Worker.Tests
[xUnit.net 00:00:00.14]   Discovered:  MsPaymentService.Worker.Tests
[xUnit.net 00:00:00.14]   Starting:    MsPaymentService.Worker.Tests
[xUnit.net 00:00:00.45]   Finished:    MsPaymentService.Worker.Tests
</StdOut>
    </Output>
  </ResultSummary>
</TestRun>