<?xml version="1.0" encoding="utf-8"?>
<TestRun id="833f8f99-7d6b-405d-a875-9803ee2a6575" name="@psofka0487 2026-03-01 18:36:46" xmlns="http://microsoft.com/schemas/VisualStudio/TeamTest/2010">
  <Times creation="2026-03-01T18:36:46.5326242-05:00" queuing="2026-03-01T18:36:46.5326242-05:00" start="2026-03-01T18:36:44.9171715-05:00" finish="2026-03-01T18:36:46.5807539-05:00" />
  <TestSettings name="default" id="8924dd0d-0f66-443f-b4b1-3b0b0c96a7bc">
    <Deployment runDeploymentRoot="_psofka0487_2026-03-01_18_36_46" />
  </TestSettings>
  <Results>
    <UnitTestResult executionId="256cb19c-9d5d-40ce-aee2-fc2b558bf0bf" testId="592db65f-c1f7-1094-0da6-08d327d283a1" testName="CrudService.Infrastructure.Tests.Messaging.SseMessageFormatterTests.ToSseJson_NullUpdate_ThrowsArgumentNullException" computerName="psofka0487" duration="00:00:00.0007999" startTime="2026-03-01T18:36:46.4250781-05:00" endTime="2026-03-01T18:36:46.4250781-05:00" testType="13cdc9d9-ddb5-4fa4-a97d-d965ccfc6d4b" outcome="Passed" testListId="8c84fa94-04c1-424b-9868-57a2d4851a1d" relativeResultsDirectory="256cb19c-9d5d-40ce-aee2-fc2b558bf0bf" />
    <UnitTestResult executionId="c259131a-0a77-4627-b544-85c0842bb84e" testId="77e909dd-2d7a-7ee6-800e-aea54fb0bd09" testName="CrudService.Infrastructure.Tests.Messaging.TicketStatusConsumerTests.ProcessMessage_WhenNewStatusReleased_NotifiesHubSubscribers" computerName="psofka0487" duration="00:00:00.0008114" startTime="2026-03-01T18:36:46.4268515-05:00" endTime="2026-03-01T18:36:46.4268515-05:00" testType="13cdc9d9-ddb5-4fa4-a97d-d965ccfc6d4b" outcome="Passed" testListId="8c84fa94-04c1-424b-9868-57a2d4851a1d" relativeResultsDirectory="c259131a-0a77-4627-b544-85c0842bb84e" />
    <UnitTestResult executionId="445ff6e5-c668-49ed-8503-33ad2b28ce34" testId="0e50b593-c0f1-3774-77f0-bbfbd1ef8e35" testName="CrudService.Infrastructure.Tests.Messaging.TicketStatusHubTests.Notify_WithNullStatus_IsNoOp" computerName="psofka0487" duration="00:00:00.0001947" startTime="2026-03-01T18:36:46.4228754-05:00" endTime="2026-03-01T18:36:46.4228754-05:00" testType="13cdc9d9-ddb5-4fa4-a97d-d965ccfc6d4b" outcome="Passed" testListId="8c84fa94-04c1-424b-9868-57a2d4851a1d" relativeResultsDirectory="445ff6e5-c668-49ed-8503-33ad2b28ce34" />
    <UnitTestResult executionId="294ed73a-6b7f-460a-897e-4fa8f8982216" testId="964e1d7e-3f31-c88c-afb3-8be4c506288a" testName="CrudService.Infrastructure.Tests.Integration.SseContractIntegrationTests.SseFormat_FollowsServerSentEventsSpec" computerName="psofka0487" duration="00:00:00.0014652" startTime="2026-03-01T18:36:46.4275988-05:00" endTime="2026-03-01T18:36:46.4275988-05:00" testType="13cdc9d9-ddb5-4fa4-a97d-d965ccfc6d4b" outcome="Passed" testListId="8c84fa94-04c1-424b-9868-57a2d4851a1d" relativeResultsDirectory="294ed73a-6b7f-460a-897e-4fa8f8982216" />
    <UnitTestResult executionId="524e3bd8-ae9f-416c-9a56-dfb8e586a898" testId="09a518ca-18b7-cda2-aa3e-4cea05a531e7" testName="CrudService.Infrastructure.Tests.Messaging.StatusPayloadParserTests.TryParse_InvalidJson_ReturnsNull" computerName="psofka0487" duration="00:00:00.0038688" startTime="2026-03-01T18:36:46.4259513-05:00" endTime="2026-03-01T18:36:46.4259514-05:00" testType="13cdc9d9-ddb5-4fa4-a97d-d965ccfc6d4b" outcome="Passed" testListId="8c84fa94-04c1-424b-9868-57a2d4851a1d" relativeResultsDirectory="524e3bd8-ae9f-416c-9a56-dfb8e586a898" />
    <UnitTestResult executionId="e456d335-1ccc-4606-9a8b-537df19b1272" testId="5b72c48e-fb02-f4fc-2879-1dab500aa46c" testName="CrudService.Infrastructure.Tests.Messaging.TicketStatusHubTests.Subscribe_DifferentTickets_AreIsolated" computerName="psofka0487" duration="00:00:00.0084090" startTime="2026-03-01T18:36:46.3497271-05:00" endTime="2026-03-01T18:36:46.3497603-05:00" testType="13cdc9d9-ddb5-4fa4-a97d-d965ccfc6d4b" outcome="Passed" testListId="8c84fa94-04c1-424b-9868-57a2d4851a1d" relativeResultsDirectory="e456d335-1ccc-4606-9a8b-537df19b1272" />
    <UnitTestResult executionId="4d173f07-9efd-4844-8eb2-82829c1dcd87" testId="ded905a3-facd-71df-7f33-5ca491f0b06a" testName="CrudService.Infrastructure.Tests.Messaging.TicketStatusConsumerTests.ProcessMessage_WhenInvalidJson_DoesNotThrow" computerName="psofka0487" duration="00:00:00.0003384" startTime="2026-03-01T18:36:46.4747617-05:00" endTime="2026-03-01T18:36:46.4747619-05:00" testType="13cdc9d9-ddb5-4fa4-a97d-d965ccfc6d4b" outcome="Passed" testListId="8c84fa94-04c1-424b-9868-57a2d4851a1d" relativeResultsDirectory="4d173f07-9efd-4844-8eb2-82829c1dcd87" />
    <UnitTestResult executionId="dcfe3931-a0cd-4eee-8045-150a9543d003" testId="6519db9f-9764-a392-d986-94cb027b2f55" testName="CrudService.Infrastructure.Tests.Component.TicketStatusPipelineTests.Pipeline_ConcurrentMessages_AllDeliveredCorrectly" computerName="psofka0487" duration="00:00:00.0067527" startTime="2026-03-01T18:36:46.4286120-05:00" endTime="2026-03-01T18:36:46.4286120-05:00" testType="13cdc9d9-ddb5-4fa4-a97d-d965ccfc6d4b" outcome="Passed" testListId="8c84fa94-04c1-424b-9868-57a2d4851a1d" relativeResultsDirectory="dcfe3931-a0cd-4eee-8045-150a9543d003" />
    <UnitTestResult executionId="9b09c92c-3a60-40e8-80c2-5525429b89cc" testId="f6f22bff-99f0-2ed0-1d13-809131c47918" testName="CrudService.Infrastructure.Tests.Messaging.TicketStatusHubTests.Notify_PaidStatus_DeliversCorrectly" computerName="psofka0487" duration="00:00:00.0001898" startTime="2026-03-01T18:36:46.4229249-05:00" endTime="2026-03-01T18:36:46.4229249-05:00" testType="13cdc9d9-ddb5-4fa4-a97d-d965ccfc6d4b" outcome="Passed" testListId="8c84fa94-04c1-424b-9868-57a2d4851a1d" relativeResultsDirectory="9b09c92c-3a60-40e8-80c2-5525429b89cc" />
    <UnitTestResult executionId="e1436623-57e6-4b07-ac66-70b9b712b00f" testId="0f70af2f-cf82-4774-4d74-91eefbab171a" testName="CrudService.Infrastructure.Tests.Messaging.StatusPayloadParserTests.TryParse_EmptyString_ReturnsNull" computerName="psofka0487" duration="00:00:00.0000887" startTime="2026-03-01T18:36:46.4249172-05:00" endTime="2026-03-01T18:36:46.4249173-05:00" testType="13cdc9d9-ddb5-4fa4-a97d-d965ccfc6d4b" outcome="Passed" testListId="8c84fa94-04c1-424b-9868-57a2d4851a1d" relativeResultsDirectory="e1436623-57e6-4b07-ac66-70b9b712b00f" />
    <UnitTestResult executionId="e36e28cb-d61c-492e-a997-6213fa21c90c" testId="529f308b-aa43-554f-1239-eb6e0b060cf0" testName="CrudService.Infrastructure.Tests.Integration.SseContractIntegrationTests.FullFlow_DataIntegrity_PreservedEndToEnd(ticketId: 0, status: &quot;reserved&quot;)" computerName="psofka0487" duration="00:00:00.0000733" startTime="2026-03-01T18:36:46.4267990-05:00" endTime="2026-03-01T18:36:46.4267991-05:00" testType="13cdc9d9-ddb5-4fa4-a97d-d965ccfc6d4b" outcome="Passed" testListId="8c84fa94-04c1-424b-9868-57a2d4851a1d" relativeResultsDirectory="e36e28cb-d61c-492e-a997-6213fa21c90c" />
    <UnitTestResult executionId="289dc3ce-7771-4852-a3a5-9925a80f891d" testId="1aceda49-5adb-0a75-131e-af2993017513" testName="CrudService.Infrastructure.Tests.Integration.SseContractIntegrationTests.FullFlow_DataIntegrity_PreservedEndToEnd(ticketId: 1, status: &quot;released&quot;)" computerName="psofka0487" duration="00:00:00.0004001" startTime="2026-03-01T18:36:46.4261928-05:00" endTime="2026-03-01T18:36:46.4261928-05:00" testType="13cdc9d9-ddb5-4fa4-a97d-d965ccfc6d4b" outcome="Passed" testListId="8c84fa94-04c1-424b-9868-57a2d4851a1d" relativeResultsDirectory="289dc3ce-7771-4852-a3a5-9925a80f891d" />
    <UnitTestResult executionId="d4abb539-05d4-499c-b54d-db4014389ffa" testId="302e9fa3-ac0d-9249-e7f3-67326e6448cf" testName="CrudService.Infrastructure.Tests.Messaging.SseMessageFormatterTests.ToSseJson_ReleasedStatus_ReturnsCorrectJson" computerName="psofka0487" duration="00:00:00.0003705" startTime="2026-03-01T18:36:46.4250356-05:00" endTime="2026-03-01T18:36:46.4250356-05:00" testType="13cdc9d9-ddb5-4fa4-a97d-d965ccfc6d4b" outcome="Passed" testListId="8c84fa94-04c1-424b-9868-57a2d4851a1d" relativeResultsDirectory="d4abb539-05d4-499c-b54d-db4014389ffa" />
    <UnitTestResult executionId="525ae1b4-fcc5-46ec-ac93-d8a25b85a66a" testId="8a746501-ebff-e806-8150-729787bbd85c" testName="CrudService.Infrastructure.Tests.Messaging.TicketStatusHubTests.Notify_ConcurrentCalls_AllSubscribersReceive" computerName="psofka0487" duration="00:00:00.0062639" startTime="2026-03-01T18:36:46.3658456-05:00" endTime="2026-03-01T18:36:46.3658457-05:00" testType="13cdc9d9-ddb5-4fa4-a97d-d965ccfc6d4b" outcome="Passed" testListId="8c84fa94-04c1-424b-9868-57a2d4851a1d" relativeResultsDirectory="525ae1b4-fcc5-46ec-ac93-d8a25b85a66a" />
    <UnitTestResult executionId="ba904d12-b6cf-4f7c-b2c3-da306441569a" testId="28717164-482b-2ba4-e9a9-e9d3994e6b3b" testName="CrudService.Infrastructure.Tests.Messaging.SseMessageFormatterTests.FormatSseLine_FollowsSseSpec" computerName="psofka0487" duration="00:00:00.0315295" startTime="2026-03-01T18:36:46.3688115-05:00" endTime="2026-03-01T18:36:46.3688120-05:00" testType="13cdc9d9-ddb5-4fa4-a97d-d965ccfc6d4b" outcome="Passed" testListId="8c84fa94-04c1-424b-9868-57a2d4851a1d" relativeResultsDirectory="ba904d12-b6cf-4f7c-b2c3-da306441569a" />
    <UnitTestResult executionId="4095a32f-b4bf-4616-8b4e-9d9b1cc0357b" testId="8398a5d9-08fb-0b28-f2cc-5a3018542ec6" testName="CrudService.Infrastructure.Tests.Messaging.SseMessageFormatterTests.ToSseJson_OnlyContainsContractFields" computerName="psofka0487" duration="00:00:00.0051541" startTime="2026-03-01T18:36:46.4249906-05:00" endTime="2026-03-01T18:36:46.4249906-05:00" testType="13cdc9d9-ddb5-4fa4-a97d-d965ccfc6d4b" outcome="Passed" testListId="8c84fa94-04c1-424b-9868-57a2d4851a1d" relativeResultsDirectory="4095a32f-b4bf-4616-8b4e-9d9b1cc0357b" />
    <UnitTestResult executionId="ff7405de-efc4-45fe-98a6-dc839b5d7006" testId="28c15cb0-339c-539e-2a82-a2fc5e19f191" testName="CrudService.Infrastructure.Tests.Messaging.SseMessageFormatterTests.ToSseJson_PaidStatus_ReturnsCorrectJson" computerName="psofka0487" duration="00:00:00.0003196" startTime="2026-03-01T18:36:46.4251196-05:00" endTime="2026-03-01T18:36:46.4251197-05:00" testType="13cdc9d9-ddb5-4fa4-a97d-d965ccfc6d4b" outcome="Passed" testListId="8c84fa94-04c1-424b-9868-57a2d4851a1d" relativeResultsDirectory="ff7405de-efc4-45fe-98a6-dc839b5d7006" />
    <UnitTestResult executionId="03cbc0f5-c2f8-40f3-a091-d46ab2693b0d" testId="b535dbc5-b370-8095-cecd-021fe5d089ce" testName="CrudService.Infrastructure.Tests.Messaging.TicketStatusConsumerTests.ProcessMessage_WhenNewStatusPaid_NotifiesHub" computerName="psofka0487" duration="00:00:00.0008318" startTime="2026-03-01T18:36:46.4276521-05:00" endTime="2026-03-01T18:36:46.4276522-05:00" testType="13cdc9d9-ddb5-4fa4-a97d-d965ccfc6d4b" outcome="Passed" testListId="8c84fa94-04c1-424b-9868-57a2d4851a1d" relativeResultsDirectory="03cbc0f5-c2f8-40f3-a091-d46ab2693b0d" />
    <UnitTestResult executionId="2edb74c6-57bc-4987-852c-a4edc2864afa" testId="97a2691f-5931-2304-9333-dc23a4b96324" testName="CrudService.Infrastructure.Tests.Messaging.StatusPayloadParserTests.TryParse_AllValidStatuses_ParseCorrectly(status: &quot;paid&quot;)" computerName="psofka0487" duration="00:00:00.0366678" startTime="2026-03-01T18:36:46.4229882-05:00" endTime="2026-03-01T18:36:46.4229882-05:00" testType="13cdc9d9-ddb5-4fa4-a97d-d965ccfc6d4b" outcome="Passed" testListId="8c84fa94-04c1-424b-9868-57a2d4851a1d" relativeResultsDirectory="2edb74c6-57bc-4987-852c-a4edc2864afa" />
    <UnitTestResult executionId="47d8c753-318f-4f14-bd65-7b38b72776e4" testId="9c60d75b-debe-b257-c42c-20bce1b1915e" testName="CrudService.Infrastructure.Tests.Messaging.StatusPayloadParserTests.TryParse_NullInput_ReturnsNull" computerName="psofka0487" duration="00:00:00.0001024" startTime="2026-03-01T18:36:46.4261526-05:00" endTime="2026-03-01T18:36:46.4261527-05:00" testType="13cdc9d9-ddb5-4fa4-a97d-d965ccfc6d4b" outcome="Passed" testListId="8c84fa94-04c1-424b-9868-57a2d4851a1d" relativeResultsDirectory="47d8c753-318f-4f14-bd65-7b38b72776e4" />
    <UnitTestResult executionId="1a6d7304-a90f-44b3-9ae5-69f4ab483fbd" testId="f1b195d8-067b-ac2c-172b-149e982790c7" testName="CrudService.Infrastructure.Tests.Integration.SseContractIntegrationTests.SseOutput_StatusValues_MatchExpectedJsonContract(status: &quot;released&quot;)" computerName="psofka0487" duration="00:00:00.0015972" startTime="2026-03-01T18:36:46.4277781-05:00" endTime="2026-03-01T18:36:46.4277782-05:00" testType="13cdc9d9-ddb5-4fa4-a97d-d965ccfc6d4b" outcome="Passed" testListId="8c84fa94-04c1-424b-9868-57a2d4851a1d" relativeResultsDirectory="1a6d7304-a90f-44b3-9ae5-69f4ab483fbd" />
    <UnitTestResult executionId="1724a689-1c1b-46d1-8389-9acd9ea651f4" testId="6288a0f7-741b-8c0f-e291-86fedf01e567" testName="CrudService.Infrastructure.Tests.Messaging.StatusPayloadParserTests.TryParse_AllValidStatuses_ParseCorrectly(status: &quot;released&quot;)" computerName="psofka0487" duration="00:00:00.0002399" startTime="2026-03-01T18:36:46.4247642-05:00" endTime="2026-03-01T18:36:46.4247643-05:00" testType="13cdc9d9-ddb5-4fa4-a97d-d965ccfc6d4b" outcome="Passed" testListId="8c84fa94-04c1-424b-9868-57a2d4851a1d" relativeResultsDirectory="1724a689-1c1b-46d1-8389-9acd9ea651f4" />
    <UnitTestResult executionId="9e016a10-a21c-4da4-942e-d8a6b5d7e478" testId="095d6dd0-af79-23f1-2a95-1cd6880104d8" testName="CrudService.Infrastructure.Tests.Messaging.TicketStatusConsumerTests.ProcessMessage_WhenNullString_DoesNotThrow" computerName="psofka0487" duration="00:00:00.0001550" startTime="2026-03-01T18:36:46.4700246-05:00" endTime="2026-03-01T18:36:46.4700247-05:00" testType="13cdc9d9-ddb5-4fa4-a97d-d965ccfc6d4b" outcome="Passed" testListId="8c84fa94-04c1-424b-9868-57a2d4851a1d" relativeResultsDirectory="9e016a10-a21c-4da4-942e-d8a6b5d7e478" />
    <UnitTestResult executionId="763ec9ed-5237-43be-ae1b-8bd1397f8239" testId="1c38662e-55a7-e097-0a3a-baa494744ed5" testName="CrudService.Infrastructure.Tests.Component.TicketStatusPipelineTests.Pipeline_MultipleTickets_EachRoutedToCorrectSubscriber" computerName="psofka0487" duration="00:00:00.0013760" startTime="2026-03-01T18:36:46.4278128-05:00" endTime="2026-03-01T18:36:46.4278129-05:00" testType="13cdc9d9-ddb5-4fa4-a97d-d965ccfc6d4b" outcome="Passed" testListId="8c84fa94-04c1-424b-9868-57a2d4851a1d" relativeResultsDirectory="763ec9ed-5237-43be-ae1b-8bd1397f8239" />
    <UnitTestResult executionId="7699a1cb-4f04-4ceb-88ac-bce3f30bd824" testId="0b301fc2-7737-e0dd-06a2-d2b548c3d8a9" testName="CrudService.Infrastructure.Tests.Messaging.TicketStatusConsumerTests.ProcessMessage_WithMockedNotifier_EmptyStatus_DoesNotCallNotify" computerName="psofka0487" duration="00:00:00.0003553" startTime="2026-03-01T18:36:46.4741360-05:00" endTime="2026-03-01T18:36:46.4741361-05:00" testType="13cdc9d9-ddb5-4fa4-a97d-d965ccfc6d4b" outcome="Passed" testListId="8c84fa94-04c1-424b-9868-57a2d4851a1d" relativeResultsDirectory="7699a1cb-4f04-4ceb-88ac-bce3f30bd824" />
    <UnitTestResult executionId="ed409f53-e120-48b4-9729-c8e6028ce1c9" testId="6423e82c-5700-57ad-f1ab-875125f2e84d" testName="CrudService.Infrastructure.Tests.Messaging.TicketStatusHubTests.Notify_WithoutSubscribers_IsSafeNoOp" computerName="psofka0487" duration="00:00:00.0003029" startTime="2026-03-01T18:36:46.4228277-05:00" endTime="2026-03-01T18:36:46.4228278-05:00" testType="13cdc9d9-ddb5-4fa4-a97d-d965ccfc6d4b" outcome="Passed" testListId="8c84fa94-04c1-424b-9868-57a2d4851a1d" relativeResultsDirectory="ed409f53-e120-48b4-9729-c8e6028ce1c9" />
    <UnitTestResult executionId="1db52ed9-bc7c-4b46-8369-8fb46516797d" testId="14d84e07-19ee-9019-79ae-402894fba6a3" testName="CrudService.Infrastructure.Tests.Messaging.TicketStatusConsumerTests.ProcessMessage_WithMockedNotifier_InvalidJson_DoesNotCallNotify" computerName="psofka0487" duration="00:00:00.0036713" startTime="2026-03-01T18:36:46.4737224-05:00" endTime="2026-03-01T18:36:46.4737225-05:00" testType="13cdc9d9-ddb5-4fa4-a97d-d965ccfc6d4b" outcome="Passed" testListId="8c84fa94-04c1-424b-9868-57a2d4851a1d" relativeResultsDirectory="1db52ed9-bc7c-4b46-8369-8fb46516797d" />
    <UnitTestResult executionId="92673a1f-ccf1-4da3-95a9-752433fc1437" testId="d0ca6976-d79d-1c7a-a005-b7065ebbe18e" testName="CrudService.Infrastructure.Tests.Messaging.TicketStatusConsumerTests.ProcessMessage_WhenStatusIsEmpty_DoesNotNotify" computerName="psofka0487" duration="00:00:00.0433424" startTime="2026-03-01T18:36:46.4260596-05:00" endTime="2026-03-01T18:36:46.4260597-05:00" testType="13cdc9d9-ddb5-4fa4-a97d-d965ccfc6d4b" outcome="Passed" testListId="8c84fa94-04c1-424b-9868-57a2d4851a1d" relativeResultsDirectory="92673a1f-ccf1-4da3-95a9-752433fc1437" />
    <UnitTestResult executionId="d1ee8aba-18c4-40b7-8686-8836c564611a" testId="2f7fd739-353d-9a40-2152-76b0bf2dc7ae" testName="CrudService.Infrastructure.Tests.Integration.SseContractIntegrationTests.FullFlow_DataIntegrity_PreservedEndToEnd(ticketId: 999999, status: &quot;paid&quot;)" computerName="psofka0487" duration="00:00:00.0434100" startTime="2026-03-01T18:36:46.4261069-05:00" endTime="2026-03-01T18:36:46.4261069-05:00" testType="13cdc9d9-ddb5-4fa4-a97d-d965ccfc6d4b" outcome="Passed" testListId="8c84fa94-04c1-424b-9868-57a2d4851a1d" relativeResultsDirectory="d1ee8aba-18c4-40b7-8686-8836c564611a" />
    <UnitTestResult executionId="111cad0d-442f-4274-be34-beece7155860" testId="f921e8a7-bd25-2941-c06a-5a25716a9df2" testName="CrudService.Infrastructure.Tests.Messaging.TicketStatusHubTests.Subscribe_MultipleSubscribers_AllReceiveUpdate" computerName="psofka0487" duration="00:00:00.0010415" startTime="2026-03-01T18:36:46.4227849-05:00" endTime="2026-03-01T18:36:46.4227849-05:00" testType="13cdc9d9-ddb5-4fa4-a97d-d965ccfc6d4b" outcome="Passed" testListId="8c84fa94-04c1-424b-9868-57a2d4851a1d" relativeResultsDirectory="111cad0d-442f-4274-be34-beece7155860" />
    <UnitTestResult executionId="03b83aa1-375b-4bcd-bbeb-cecf5b792695" testId="41b9779c-26e8-6a03-6e6b-f6d8c6a0c2b0" testName="CrudService.Infrastructure.Tests.Component.TicketStatusPipelineTests.Pipeline_MultipleSubscribersSameTicket_AllReceive" computerName="psofka0487" duration="00:00:00.0450755" startTime="2026-03-01T18:36:46.4270092-05:00" endTime="2026-03-01T18:36:46.4270092-05:00" testType="13cdc9d9-ddb5-4fa4-a97d-d965ccfc6d4b" outcome="Passed" testListId="8c84fa94-04c1-424b-9868-57a2d4851a1d" relativeResultsDirectory="03b83aa1-375b-4bcd-bbeb-cecf5b792695" />
    <UnitTestResult executionId="41c68261-bea7-452c-8bfe-b25f8e7ba185" testId="53bbd75a-5793-add0-2fcf-0b841a6da974" testName="CrudService.Infrastructure.Tests.Messaging.StatusPayloadParserTests.TryParse_AllValidStatuses_ParseCorrectly(status: &quot;reserved&quot;)" computerName="psofka0487" duration="00:00:00.0000314" startTime="2026-03-01T18:36:46.4248316-05:00" endTime="2026-03-01T18:36:46.4248317-05:00" testType="13cdc9d9-ddb5-4fa4-a97d-d965ccfc6d4b" outcome="Passed" testListId="8c84fa94-04c1-424b-9868-57a2d4851a1d" relativeResultsDirectory="41c68261-bea7-452c-8bfe-b25f8e7ba185" />
    <UnitTestResult executionId="f5ffad44-cbba-4e6e-b6ee-a74e062d3af2" testId="ffaaed94-d3ae-b7be-5ca7-67531d60557a" testName="CrudService.Infrastructure.Tests.Messaging.TicketStatusConsumerTests.ProcessMessage_CaseInsensitiveDeserialization_Works" computerName="psofka0487" duration="00:00:00.0006391" startTime="2026-03-01T18:36:46.4699545-05:00" endTime="2026-03-01T18:36:46.4699546-05:00" testType="13cdc9d9-ddb5-4fa4-a97d-d965ccfc6d4b" outcome="Passed" testListId="8c84fa94-04c1-424b-9868-57a2d4851a1d" relativeResultsDirectory="f5ffad44-cbba-4e6e-b6ee-a74e062d3af2" />
    <UnitTestResult executionId="54bf2197-6a74-4e98-9879-e9e60b3e057a" testId="9f81ec80-3d7d-a997-35a1-fedd58336999" testName="CrudService.Infrastructure.Tests.Messaging.TicketStatusConsumerTests.ProcessMessage_WhenNewStatusReserved_NotifiesHub" computerName="psofka0487" duration="00:00:00.0008239" startTime="2026-03-01T18:36:46.4270296-05:00" endTime="2026-03-01T18:36:46.4270296-05:00" testType="13cdc9d9-ddb5-4fa4-a97d-d965ccfc6d4b" outcome="Passed" testListId="8c84fa94-04c1-424b-9868-57a2d4851a1d" relativeResultsDirectory="54bf2197-6a74-4e98-9879-e9e60b3e057a" />
    <UnitTestResult executionId="a9290e2e-0d1e-41de-9eb0-70c4725e9988" testId="8828564f-c896-be6d-26a1-353006221582" testName="CrudService.Infrastructure.Tests.Component.TicketStatusPipelineTests.Pipeline_SequentialMessages_SubscriptionCleanedUpBetween" computerName="psofka0487" duration="00:00:00.0009813" startTime="2026-03-01T18:36:46.4276954-05:00" endTime="2026-03-01T18:36:46.4276955-05:00" testType="13cdc9d9-ddb5-4fa4-a97d-d965ccfc6d4b" outcome="Passed" testListId="8c84fa94-04c1-424b-9868-57a2d4851a1d" relativeResultsDirectory="a9290e2e-0d1e-41de-9eb0-70c4725e9988" />
    <UnitTestResult executionId="2f695822-6d93-464c-b2e1-d04134e43478" testId="5c903889-c618-6c74-6fe9-b37e93e43cc7" testName="CrudService.Infrastructure.Tests.Integration.SseContractIntegrationTests.Pipeline_Resilience_InvalidMessagesDoNotCorruptState" computerName="psofka0487" duration="00:00:00.0011120" startTime="2026-03-01T18:36:46.4287213-05:00" endTime="2026-03-01T18:36:46.4287213-05:00" testType="13cdc9d9-ddb5-4fa4-a97d-d965ccfc6d4b" outcome="Passed" testListId="8c84fa94-04c1-424b-9868-57a2d4851a1d" relativeResultsDirectory="2f695822-6d93-464c-b2e1-d04134e43478" />
    <UnitTestResult executionId="7b8f0abd-859d-48c3-b225-92af775b2a67" testId="155f171f-c973-ea94-9350-4e4ee4898f7f" testName="CrudService.Infrastructure.Tests.Messaging.StatusPayloadParserTests.TryParse_WhitespaceOnly_ReturnsNull" computerName="psofka0487" duration="00:00:00.0001000" startTime="2026-03-01T18:36:46.4248761-05:00" endTime="2026-03-01T18:36:46.4248761-05:00" testType="13cdc9d9-ddb5-4fa4-a97d-d965ccfc6d4b" outcome="Passed" testListId="8c84fa94-04c1-424b-9868-57a2d4851a1d" relativeResultsDirectory="7b8f0abd-859d-48c3-b225-92af775b2a67" />
    <UnitTestResult executionId="bf3224b6-56c5-4d54-beb8-e5852a755676" testId="196c2c1b-f364-1912-b13d-dffdbd37ba7c" testName="CrudService.Infrastructure.Tests.Messaging.TicketStatusHubTests.Notify_WithActiveSubscriber_PublishesReleasedUpdate" computerName="psofka0487" duration="00:00:00.0009771" startTime="2026-03-01T18:36:46.4224876-05:00" endTime="2026-03-01T18:36:46.4224877-05:00" testType="13cdc9d9-ddb5-4fa4-a97d-d965ccfc6d4b" outcome="Passed" testListId="8c84fa94-04c1-424b-9868-57a2d4851a1d" relativeResultsDirectory="bf3224b6-56c5-4d54-beb8-e5852a755676" />
    <UnitTestResult executionId="afca4e2d-acd8-44c0-b42d-2b3fd0a034f5" testId="3d1596d6-0886-a38c-f57c-4f468d129e02" testName="CrudService.Infrastructure.Tests.Messaging.TicketStatusConsumerTests.ProcessMessage_WhenNullJsonLiteral_DoesNotThrow" computerName="psofka0487" duration="00:00:00.0001566" startTime="2026-03-01T18:36:46.4743600-05:00" endTime="2026-03-01T18:36:46.4743604-05:00" testType="13cdc9d9-ddb5-4fa4-a97d-d965ccfc6d4b" outcome="Passed" testListId="8c84fa94-04c1-424b-9868-57a2d4851a1d" relativeResultsDirectory="afca4e2d-acd8-44c0-b42d-2b3fd0a034f5" />
    <UnitTestResult executionId="704d1ffd-2b4a-439f-bdd8-24bae0f14c71" testId="4d877ba2-bdef-a8e0-2bef-07b3fc58df5e" testName="CrudService.Infrastructure.Tests.Messaging.TicketStatusConsumerTests.ProcessMessage_WithMockedNotifier_CallsNotifyWithCorrectArgs" computerName="psofka0487" duration="00:00:00.0869270" startTime="2026-03-01T18:36:46.4688095-05:00" endTime="2026-03-01T18:36:46.4688096-05:00" testType="13cdc9d9-ddb5-4fa4-a97d-d965ccfc6d4b" outcome="Passed" testListId="8c84fa94-04c1-424b-9868-57a2d4851a1d" relativeResultsDirectory="704d1ffd-2b4a-439f-bdd8-24bae0f14c71" />
    <UnitTestResult executionId="ce1b3948-5d26-465a-a63a-c2e5bb8abaf8" testId="721698e9-ee47-aa09-8c06-c4c2132d680e" testName="CrudService.Infrastructure.Tests.Component.TicketStatusPipelineTests.Pipeline_PaidStatus_FlowsFromJsonToChannelReader" computerName="psofka0487" duration="00:00:00.0007778" startTime="2026-03-01T18:36:46.4284429-05:00" endTime="2026-03-01T18:36:46.4284429-05:00" testType="13cdc9d9-ddb5-4fa4-a97d-d965ccfc6d4b" outcome="Passed" testListId="8c84fa94-04c1-424b-9868-57a2d4851a1d" relativeResultsDirectory="ce1b3948-5d26-465a-a63a-c2e5bb8abaf8" />
    <UnitTestResult executionId="fa45c18b-f391-4bc3-9bd6-f214f24ebce7" testId="309fc398-628d-be60-e824-213212b480ac" testName="CrudService.Infrastructure.Tests.Integration.SseContractIntegrationTests.SseOutput_StatusValues_MatchExpectedJsonContract(status: &quot;reserved&quot;)" computerName="psofka0487" duration="00:00:00.0000602" startTime="2026-03-01T18:36:46.4283862-05:00" endTime="2026-03-01T18:36:46.4283863-05:00" testType="13cdc9d9-ddb5-4fa4-a97d-d965ccfc6d4b" outcome="Passed" testListId="8c84fa94-04c1-424b-9868-57a2d4851a1d" relativeResultsDirectory="fa45c18b-f391-4bc3-9bd6-f214f24ebce7" />
    <UnitTestResult executionId="5a20d31e-050a-4f66-9dc8-7719ac58b01f" testId="96ddabaf-3630-9121-0bc2-8f302d43c362" testName="CrudService.Infrastructure.Tests.Component.TicketStatusPipelineTests.Pipeline_ReleasedStatus_FlowsFromJsonToChannelReader" computerName="psofka0487" duration="00:00:00.0008000" startTime="2026-03-01T18:36:46.4284862-05:00" endTime="2026-03-01T18:36:46.4284863-05:00" testType="13cdc9d9-ddb5-4fa4-a97d-d965ccfc6d4b" outcome="Passed" testListId="8c84fa94-04c1-424b-9868-57a2d4851a1d" relativeResultsDirectory="5a20d31e-050a-4f66-9dc8-7719ac58b01f" />
    <UnitTestResult executionId="0193e6f6-5b11-46a9-b9cc-9bd4afbaad59" testId="dc3ff081-3e19-27f6-22e7-f4b30467fba4" testName="CrudService.Infrastructure.Tests.Messaging.SseMessageFormatterTests.FormatSseLine_ContainsValidJson" computerName="psofka0487" duration="00:00:00.0020661" startTime="2026-03-01T18:36:46.4227306-05:00" endTime="2026-03-01T18:36:46.4227307-05:00" testType="13cdc9d9-ddb5-4fa4-a97d-d965ccfc6d4b" outcome="Passed" testListId="8c84fa94-04c1-424b-9868-57a2d4851a1d" relativeResultsDirectory="0193e6f6-5b11-46a9-b9cc-9bd4afbaad59" />
    <UnitTestResult executionId="5ce17cfc-9036-47c2-8593-33674f2e4981" testId="1a5ab69e-db87-93b3-ae22-1516cfd05303" testName="CrudService.Infrastructure.Tests.Messaging.TicketStatusConsumerTests.ProcessMessage_WhenMissingNewStatus_DoesNotNotify" computerName="psofka0487" duration="00:00:00.0001923" startTime="2026-03-01T18:36:46.4698699-05:00" endTime="2026-03-01T18:36:46.4698700-05:00" testType="13cdc9d9-ddb5-4fa4-a97d-d965ccfc6d4b" outcome="Passed" testListId="8c84fa94-04c1-424b-9868-57a2d4851a1d" relativeResultsDirectory="5ce17cfc-9036-47c2-8593-33674f2e4981" />
    <UnitTestResult executionId="c7052cb3-5c8b-4306-9ba9-f3930303b5b3" testId="fac31d1e-01c5-26fc-0d47-600eeac60ee2" testName="CrudService.Infrastructure.Tests.Integration.SseContractIntegrationTests.PayloadContract_IncomingFieldsMapToSseOutput" computerName="psofka0487" duration="00:00:00.0131882" startTime="2026-03-01T18:36:46.4286404-05:00" endTime="2026-03-01T18:36:46.4286405-05:00" testType="13cdc9d9-ddb5-4fa4-a97d-d965ccfc6d4b" outcome="Passed" testListId="8c84fa94-04c1-424b-9868-57a2d4851a1d" relativeResultsDirectory="c7052cb3-5c8b-4306-9ba9-f3930303b5b3" />
    <UnitTestResult executionId="6b237d6e-2742-48d9-a7e1-056f58ee8826" testId="612e0a92-fe73-10b6-fc75-105f64942e2e" testName="CrudService.Infrastructure.Tests.Messaging.SseMessageFormatterTests.ToSseJson_DoesNotExposeInternalFieldName" computerName="psofka0487" duration="00:00:00.0002553" startTime="2026-03-01T18:36:46.4258908-05:00" endTime="2026-03-01T18:36:46.4258913-05:00" testType="13cdc9d9-ddb5-4fa4-a97d-d965ccfc6d4b" outcome="Passed" testListId="8c84fa94-04c1-424b-9868-57a2d4851a1d" relativeResultsDirectory="6b237d6e-2742-48d9-a7e1-056f58ee8826" />
    <UnitTestResult executionId="64fa66f9-1653-4d83-8787-2594e9f82310" testId="70bcd2bb-0bee-9e00-88b3-5a64ff40d7ee" testName="CrudService.Infrastructure.Tests.Messaging.TicketStatusHubTests.Subscribe_ReturnsNonNullChannelReader" computerName="psofka0487" duration="00:00:00.0001881" startTime="2026-03-01T18:36:46.4229664-05:00" endTime="2026-03-01T18:36:46.4229664-05:00" testType="13cdc9d9-ddb5-4fa4-a97d-d965ccfc6d4b" outcome="Passed" testListId="8c84fa94-04c1-424b-9868-57a2d4851a1d" relativeResultsDirectory="64fa66f9-1653-4d83-8787-2594e9f82310" />
    <UnitTestResult executionId="5b151e80-d868-4e5d-a3db-267d59b43166" testId="9acb80f1-bb5a-7763-e845-57e8831a0353" testName="CrudService.Infrastructure.Tests.Component.TicketStatusPipelineTests.Pipeline_InvalidThenValidMessage_OnlyValidDelivered" computerName="psofka0487" duration="00:00:00.0011076" startTime="2026-03-01T18:36:46.4285684-05:00" endTime="2026-03-01T18:36:46.4285684-05:00" testType="13cdc9d9-ddb5-4fa4-a97d-d965ccfc6d4b" outcome="Passed" testListId="8c84fa94-04c1-424b-9868-57a2d4851a1d" relativeResultsDirectory="5b151e80-d868-4e5d-a3db-267d59b43166" />
    <UnitTestResult executionId="82ad8cae-34e6-42b3-830d-c8e068d5ce35" testId="8af3898b-96c2-d972-21b9-922a323df8c7" testName="CrudService.Infrastructure.Tests.Messaging.TicketStatusHubTests.Notify_RemovesSubscriptionAfterDelivery" computerName="psofka0487" duration="00:00:00.0012499" startTime="2026-03-01T18:36:46.3546868-05:00" endTime="2026-03-01T18:36:46.3546869-05:00" testType="13cdc9d9-ddb5-4fa4-a97d-d965ccfc6d4b" outcome="Passed" testListId="8c84fa94-04c1-424b-9868-57a2d4851a1d" relativeResultsDirectory="82ad8cae-34e6-42b3-830d-c8e068d5ce35" />
    <UnitTestResult executionId="d499210e-c228-4c87-ab00-2aef0f4e502e" testId="ff3a4f7d-9525-c7fb-8156-f66c38000790" testName="CrudService.Infrastructure.Tests.Messaging.TicketStatusConsumerTests.ProcessMessage_WhenEmptyString_DoesNotThrow" computerName="psofka0487" duration="00:00:00.0002302" startTime="2026-03-01T18:36:46.4277360-05:00" endTime="2026-03-01T18:36:46.4277360-05:00" testType="13cdc9d9-ddb5-4fa4-a97d-d965ccfc6d4b" outcome="Passed" testListId="8c84fa94-04c1-424b-9868-57a2d4851a1d" relativeResultsDirectory="d499210e-c228-4c87-ab00-2aef0f4e502e" />
    <UnitTestResult executionId="4952af3b-8b86-4557-b446-1407b1212b2b" testId="e7023fcd-f4bf-c093-0909-5345e2427731" testName="CrudService.Infrastructure.Tests.Messaging.StatusPayloadParserTests.TryParse_CaseInsensitive_ReturnsPayload" computerName="psofka0487" duration="00:00:00.0010529" startTime="2026-03-01T18:36:46.4268951-05:00" endTime="2026-03-01T18:36:46.4268951-05:00" testType="13cdc9d9-ddb5-4fa4-a97d-d965ccfc6d4b" outcome="Passed" testListId="8c84fa94-04c1-424b-9868-57a2d4851a1d" relativeResultsDirectory="4952af3b-8b86-4557-b446-1407b1212b2b" />
    <UnitTestResult executionId="76a66d7a-2058-46e4-aa2c-16ad8675eff1" testId="c03c9ee9-10d3-ca63-e7ab-ef9c2beb8f59" testName="CrudService.Infrastructure.Tests.Component.TicketStatusPipelineTests.Pipeline_WithoutSubscriber_CompletesWithoutError" computerName="psofka0487" duration="00:00:00.0002269" startTime="2026-03-01T18:36:46.4285278-05:00" endTime="2026-03-01T18:36:46.4285279-05:00" testType="13cdc9d9-ddb5-4fa4-a97d-d965ccfc6d4b" outcome="Passed" testListId="8c84fa94-04c1-424b-9868-57a2d4851a1d" relativeResultsDirectory="76a66d7a-2058-46e4-aa2c-16ad8675eff1" />
    <UnitTestResult executionId="821e00a6-db73-4c2a-9dd1-cd0c79f56e0b" testId="8bc5adae-09a3-ea83-3558-148f11175fbb" testName="CrudService.Infrastructure.Tests.Messaging.StatusPayloadParserTests.TryParse_ValidJson_ReturnsPayload" computerName="psofka0487" duration="00:00:00.0001364" startTime="2026-03-01T18:36:46.4269787-05:00" endTime="2026-03-01T18:36:46.4269787-05:00" testType="13cdc9d9-ddb5-4fa4-a97d-d965ccfc6d4b" outcome="Passed" testListId="8c84fa94-04c1-424b-9868-57a2d4851a1d" relativeResultsDirectory="821e00a6-db73-4c2a-9dd1-cd0c79f56e0b" />
    <UnitTestResult executionId="2db0337a-0ac6-4484-b045-8a10a1f4db06" testId="aaa25b39-bd59-16dc-0440-a30eb81061c0" testName="CrudService.Infrastructure.Tests.Integration.SseContractIntegrationTests.SseOutput_FieldNames_AreCamelCasePerContract" computerName="psofka0487" duration="00:00:00.0011113" startTime="2026-03-01T18:36:46.4286808-05:00" endTime="2026-03-01T18:36:46.4286809-05:00" testType="13cdc9d9-ddb5-4fa4-a97d-d965ccfc6d4b" outcome="Passed" testListId="8c84fa94-04c1-424b-9868-57a2d4851a1d" relativeResultsDirectory="2db0337a-0ac6-4484-b045-8a10a1f4db06" />
    <UnitTestResult executionId="b84bde6f-6074-46ac-9f12-bdc494d06d62" testId="fc5fbf16-c1d3-00e6-c265-579b6bdee8b4" testName="CrudService.Infrastructure.Tests.Integration.SseContractIntegrationTests.SseOutput_StatusValues_MatchExpectedJsonContract(status: &quot;paid&quot;)" computerName="psofka0487" duration="00:00:00.0003531" startTime="2026-03-01T18:36:46.4278342-05:00" endTime="2026-03-01T18:36:46.4278342-05:00" testType="13cdc9d9-ddb5-4fa4-a97d-d965ccfc6d4b" outcome="Passed" testListId="8c84fa94-04c1-424b-9868-57a2d4851a1d" relativeResultsDirectory="b84bde6f-6074-46ac-9f12-bdc494d06d62" />
    <UnitTestResult executionId="f8e61193-868d-4f24-94e6-f9630f6f94f4" testId="8613f99d-ab01-720e-fe07-41d961a0c59f" testName="CrudService.Infrastructure.Tests.Messaging.StatusPayloadParserTests.TryParse_JsonNull_ReturnsNull" computerName="psofka0487" duration="00:00:00.0001310" startTime="2026-03-01T18:36:46.4269378-05:00" endTime="2026-03-01T18:36:46.4269378-05:00" testType="13cdc9d9-ddb5-4fa4-a97d-d965ccfc6d4b" outcome="Passed" testListId="8c84fa94-04c1-424b-9868-57a2d4851a1d" relativeResultsDirectory="f8e61193-868d-4f24-94e6-f9630f6f94f4" />
    <UnitTestResult executionId="211826c7-d087-451b-8f21-c696217afc09" testId="dbf66767-8981-a4a1-b7fc-a04aa5e0b656" testName="CrudService.Infrastructure.Tests.Messaging.StatusPayloadParserTests.TryParse_MissingNewStatus_ReturnsPayloadWithDefaultStatus" computerName="psofka0487" duration="00:00:00.0001652" startTime="2026-03-01T18:36:46.4260171-05:00" endTime="2026-03-01T18:36:46.4260172-05:00" testType="13cdc9d9-ddb5-4fa4-a97d-d965ccfc6d4b" outcome="Passed" testListId="8c84fa94-04c1-424b-9868-57a2d4851a1d" relativeResultsDirectory="211826c7-d087-451b-8f21-c696217afc09" />
  </Results>
  <TestDefinitions>
    <UnitTest name="CrudService.Infrastructure.Tests.Integration.SseContractIntegrationTests.SseOutput_StatusValues_MatchExpectedJsonContract(status: &quot;released&quot;)" storage="/home/jorge-ruiz/documentos/sofka/mvp ticketrush/ticketing_project_week0/crud_service/tests/crudservice.infrastructure.tests/bin/debug/net8.0/crudservice.infrastructure.tests.dll" id="f1b195d8-067b-ac2c-172b-149e982790c7">
      <Execution id="1a6d7304-a90f-44b3-9ae5-69f4ab483fbd" />
      <TestMethod codeBase="/home/jorge-ruiz/Documentos/Sofka/MVP TicketRush/ticketing_project_week0/crud_service/tests/CrudService.Infrastructure.Tests/bin/Debug/net8.0/CrudService.Infrastructure.Tests.dll" adapterTypeName="executor://xunit/VsTestRunner2/netcoreapp" className="CrudService.Infrastructure.Tests.Integration.SseContractIntegrationTests" name="SseOutput_StatusValues_MatchExpectedJsonContract" />
    </UnitTest>
    <UnitTest name="CrudService.Infrastructure.Tests.Messaging.TicketStatusConsumerTests.ProcessMessage_WhenNewStatusPaid_NotifiesHub" storage="/home/jorge-ruiz/documentos/sofka/mvp ticketrush/ticketing_project_week0/crud_service/tests/crudservice.infrastructure.tests/bin/debug/net8.0/crudservice.infrastructure.tests.dll" id="b535dbc5-b370-8095-cecd-021fe5d089ce">
      <Execution id="03cbc0f5-c2f8-40f3-a091-d46ab2693b0d" />
      <TestMethod codeBase="/home/jorge-ruiz/Documentos/Sofka/MVP TicketRush/ticketing_project_week0/crud_service/tests/CrudService.Infrastructure.Tests/bin/Debug/net8.0/CrudService.Infrastructure.Tests.dll" adapterTypeName="executor://xunit/VsTestRunner2/netcoreapp" className="CrudService.Infrastructure.Tests.Messaging.TicketStatusConsumerTests" name="ProcessMessage_WhenNewStatusPaid_NotifiesHub" />
    </UnitTest>
    <UnitTest name="CrudService.Infrastructure.Tests.Integration.SseContractIntegrationTests.FullFlow_DataIntegrity_PreservedEndToEnd(ticketId: 999999, status: &quot;paid&quot;)" storage="/home/jorge-ruiz/documentos/sofka/mvp ticketrush/ticketing_project_week0/crud_service/tests/crudservice.infrastructure.tests/bin/debug/net8.0/crudservice.infrastructure.tests.dll" id="2f7fd739-353d-9a40-2152-76b0bf2dc7ae">
      <Execution id="d1ee8aba-18c4-40b7-8686-8836c564611a" />
      <TestMethod codeBase="/home/jorge-ruiz/Documentos/Sofka/MVP TicketRush/ticketing_project_week0/crud_service/tests/CrudService.Infrastructure.Tests/bin/Debug/net8.0/CrudService.Infrastructure.Tests.dll" adapterTypeName="executor://xunit/VsTestRunner2/netcoreapp" className="CrudService.Infrastructure.Tests.Integration.SseContractIntegrationTests" name="FullFlow_DataIntegrity_PreservedEndToEnd" />
    </UnitTest>
    <UnitTest name="CrudService.Infrastructure.Tests.Messaging.StatusPayloadParserTests.TryParse_InvalidJson_ReturnsNull" storage="/home/jorge-ruiz/documentos/sofka/mvp ticketrush/ticketing_project_week0/crud_service/tests/crudservice.infrastructure.tests/bin/debug/net8.0/crudservice.infrastructure.tests.dll" id="09a518ca-18b7-cda2-aa3e-4cea05a531e7">
      <Execution id="524e3bd8-ae9f-416c-9a56-dfb8e586a898" />
      <TestMethod codeBase="/home/jorge-ruiz/Documentos/Sofka/MVP TicketRush/ticketing_project_week0/crud_service/tests/CrudService.Infrastructure.Tests/bin/Debug/net8.0/CrudService.Infrastructure.Tests.dll" adapterTypeName="executor://xunit/VsTestRunner2/netcoreapp" className="CrudService.Infrastructure.Tests.Messaging.StatusPayloadParserTests" name="TryParse_InvalidJson_ReturnsNull" />
    </UnitTest>
    <UnitTest name="CrudService.Infrastructure.Tests.Messaging.SseMessageFormatterTests.FormatSseLine_FollowsSseSpec" storage="/home/jorge-ruiz/documentos/sofka/mvp ticketrush/ticketing_project_week0/crud_service/tests/crudservice.infrastructure.tests/bin/debug/net8.0/crudservice.infrastructure.tests.dll" id="28717164-482b-2ba4-e9a9-e9d3994e6b3b">
      <Execution id="ba904d12-b6cf-4f7c-b2c3-da306441569a" />
      <TestMethod codeBase="/home/jorge-ruiz/Documentos/Sofka/MVP TicketRush/ticketing_project_week0/crud_service/tests/CrudService.Infrastructure.Tests/bin/Debug/net8.0/CrudService.Infrastructure.Tests.dll" adapterTypeName="executor://xunit/VsTestRunner2/netcoreapp" className="CrudService.Infrastructure.Tests.Messaging.SseMessageFormatterTests" name="FormatSseLine_FollowsSseSpec" />
    </UnitTest>
    <UnitTest name="CrudService.Infrastructure.Tests.Messaging.SseMessageFormatterTests.ToSseJson_PaidStatus_ReturnsCorrectJson" storage="/home/jorge-ruiz/documentos/sofka/mvp ticketrush/ticketing_project_week0/crud_service/tests/crudservice.infrastructure.tests/bin/debug/net8.0/crudservice.infrastructure.tests.dll" id="28c15cb0-339c-539e-2a82-a2fc5e19f191">
      <Execution id="ff7405de-efc4-45fe-98a6-dc839b5d7006" />
      <TestMethod codeBase="/home/jorge-ruiz/Documentos/Sofka/MVP TicketRush/ticketing_project_week0/crud_service/tests/CrudService.Infrastructure.Tests/bin/Debug/net8.0/CrudService.Infrastructure.Tests.dll" adapterTypeName="executor://xunit/VsTestRunner2/netcoreapp" className="CrudService.Infrastructure.Tests.Messaging.SseMessageFormatterTests" name="ToSseJson_PaidStatus_ReturnsCorrectJson" />
    </UnitTest>
    <UnitTest name="CrudService.Infrastructure.Tests.Messaging.TicketStatusConsumerTests.ProcessMessage_WithMockedNotifier_EmptyStatus_DoesNotCallNotify" storage="/home/jorge-ruiz/documentos/sofka/mvp ticketrush/ticketing_project_week0/crud_service/tests/crudservice.infrastructure.tests/bin/debug/net8.0/crudservice.infrastructure.tests.dll" id="0b301fc2-7737-e0dd-06a2-d2b548c3d8a9">
      <Execution id="7699a1cb-4f04-4ceb-88ac-bce3f30bd824" />
      <TestMethod codeBase="/home/jorge-ruiz/Documentos/Sofka/MVP TicketRush/ticketing_project_week0/crud_service/tests/CrudService.Infrastructure.Tests/bin/Debug/net8.0/CrudService.Infrastructure.Tests.dll" adapterTypeName="executor://xunit/VsTestRunner2/netcoreapp" className="CrudService.Infrastructure.Tests.Messaging.TicketStatusConsumerTests" name="ProcessMessage_WithMockedNotifier_EmptyStatus_DoesNotCallNotify" />
    </UnitTest>
    <UnitTest name="CrudService.Infrastructure.Tests.Integration.SseContractIntegrationTests.SseOutput_StatusValues_MatchExpectedJsonContract(status: &quot;reserved&quot;)" storage="/home/jorge-ruiz/documentos/sofka/mvp ticketrush/ticketing_project_week0/crud_service/tests/crudservice.infrastructure.tests/bin/debug/net8.0/crudservice.infrastructure.tests.dll" id="309fc398-628d-be60-e824-213212b480ac">
      <Execution id="fa45c18b-f391-4bc3-9bd6-f214f24ebce7" />
      <TestMethod codeBase="/home/jorge-ruiz/Documentos/Sofka/MVP TicketRush/ticketing_project_week0/crud_service/tests/CrudService.Infrastructure.Tests/bin/Debug/net8.0/CrudService.Infrastructure.Tests.dll" adapterTypeName="executor://xunit/VsTestRunner2/netcoreapp" className="CrudService.Infrastructure.Tests.Integration.SseContractIntegrationTests" name="SseOutput_StatusValues_MatchExpectedJsonContract" />
    </UnitTest>
    <UnitTest name="CrudService.Infrastructure.Tests.Messaging.StatusPayloadParserTests.TryParse_NullInput_ReturnsNull" storage="/home/jorge-ruiz/documentos/sofka/mvp ticketrush/ticketing_project_week0/crud_service/tests/crudservice.infrastructure.tests/bin/debug/net8.0/crudservice.infrastructure.tests.dll" id="9c60d75b-debe-b257-c42c-20bce1b1915e">
      <Execution id="47d8c753-318f-4f14-bd65-7b38b72776e4" />
      <TestMethod codeBase="/home/jorge-ruiz/Documentos/Sofka/MVP TicketRush/ticketing_project_week0/crud_service/tests/CrudService.Infrastructure.Tests/bin/Debug/net8.0/CrudService.Infrastructure.Tests.dll" adapterTypeName="executor://xunit/VsTestRunner2/netcoreapp" className="CrudService.Infrastructure.Tests.Messaging.StatusPayloadParserTests" name="TryParse_NullInput_ReturnsNull" />
    </UnitTest>
    <UnitTest name="CrudService.Infrastructure.Tests.Component.TicketStatusPipelineTests.Pipeline_WithoutSubscriber_CompletesWithoutError" storage="/home/jorge-ruiz/documentos/sofka/mvp ticketrush/ticketing_project_week0/crud_service/tests/crudservice.infrastructure.tests/bin/debug/net8.0/crudservice.infrastructure.tests.dll" id="c03c9ee9-10d3-ca63-e7ab-ef9c2beb8f59">
      <Execution id="76a66d7a-2058-46e4-aa2c-16ad8675eff1" />
      <TestMethod codeBase="/home/jorge-ruiz/Documentos/Sofka/MVP TicketRush/ticketing_project_week0/crud_service/tests/CrudService.Infrastructure.Tests/bin/Debug/net8.0/CrudService.Infrastructure.Tests.dll" adapterTypeName="executor://xunit/VsTestRunner2/netcoreapp" className="CrudService.Infrastructure.Tests.Component.TicketStatusPipelineTests" name="Pipeline_WithoutSubscriber_CompletesWithoutError" />
    </UnitTest>
    <UnitTest name="CrudService.Infrastructure.Tests.Component.TicketStatusPipelineTests.Pipeline_InvalidThenValidMessage_OnlyValidDelivered" storage="/home/jorge-ruiz/documentos/sofka/mvp ticketrush/ticketing_project_week0/crud_service/tests/crudservice.infrastructure.tests/bin/debug/net8.0/crudservice.infrastructure.tests.dll" id="9acb80f1-bb5a-7763-e845-57e8831a0353">
      <Execution id="5b151e80-d868-4e5d-a3db-267d59b43166" />
      <TestMethod codeBase="/home/jorge-ruiz/Documentos/Sofka/MVP TicketRush/ticketing_project_week0/crud_service/tests/CrudService.Infrastructure.Tests/bin/Debug/net8.0/CrudService.Infrastructure.Tests.dll" adapterTypeName="executor://xunit/VsTestRunner2/netcoreapp" className="CrudService.Infrastructure.Tests.Component.TicketStatusPipelineTests" name="Pipeline_InvalidThenValidMessage_OnlyValidDelivered" />
    </UnitTest>
    <UnitTest name="CrudService.Infrastructure.Tests.Messaging.StatusPayloadParserTests.TryParse_AllValidStatuses_ParseCorrectly(status: &quot;released&quot;)" storage="/home/jorge-ruiz/documentos/sofka/mvp ticketrush/ticketing_project_week0/crud_service/tests/crudservice.infrastructure.tests/bin/debug/net8.0/crudservice.infrastructure.tests.dll" id="6288a0f7-741b-8c0f-e291-86fedf01e567">
      <Execution id="1724a689-1c1b-46d1-8389-9acd9ea651f4" />
      <TestMethod codeBase="/home/jorge-ruiz/Documentos/Sofka/MVP TicketRush/ticketing_project_week0/crud_service/tests/CrudService.Infrastructure.Tests/bin/Debug/net8.0/CrudService.Infrastructure.Tests.dll" adapterTypeName="executor://xunit/VsTestRunner2/netcoreapp" className="CrudService.Infrastructure.Tests.Messaging.StatusPayloadParserTests" name="TryParse_AllValidStatuses_ParseCorrectly" />
    </UnitTest>
    <UnitTest name="CrudService.Infrastructure.Tests.Messaging.TicketStatusConsumerTests.ProcessMessage_WhenEmptyString_DoesNotThrow" storage="/home/jorge-ruiz/documentos/sofka/mvp ticketrush/ticketing_project_week0/crud_service/tests/crudservice.infrastructure.tests/bin/debug/net8.0/crudservice.infrastructure.tests.dll" id="ff3a4f7d-9525-c7fb-8156-f66c38000790">
      <Execution id="d499210e-c228-4c87-ab00-2aef0f4e502e" />
      <TestMethod codeBase="/home/jorge-ruiz/Documentos/Sofka/MVP TicketRush/ticketing_project_week0/crud_service/tests/CrudService.Infrastructure.Tests/bin/Debug/net8.0/CrudService.Infrastructure.Tests.dll" adapterTypeName="executor://xunit/VsTestRunner2/netcoreapp" className="CrudService.Infrastructure.Tests.Messaging.TicketStatusConsumerTests" name="ProcessMessage_WhenEmptyString_DoesNotThrow" />
    </UnitTest>
    <UnitTest name="CrudService.Infrastructure.Tests.Messaging.StatusPayloadParserTests.TryParse_WhitespaceOnly_ReturnsNull" storage="/home/jorge-ruiz/documentos/sofka/mvp ticketrush/ticketing_project_week0/crud_service/tests/crudservice.infrastructure.tests/bin/debug/net8.0/crudservice.infrastructure.tests.dll" id="155f171f-c973-ea94-9350-4e4ee4898f7f">
      <Execution id="7b8f0abd-859d-48c3-b225-92af775b2a67" />
      <TestMethod codeBase="/home/jorge-ruiz/Documentos/Sofka/MVP TicketRush/ticketing_project_week0/crud_service/tests/CrudService.Infrastructure.Tests/bin/Debug/net8.0/CrudService.Infrastructure.Tests.dll" adapterTypeName="executor://xunit/VsTestRunner2/netcoreapp" className="CrudService.Infrastructure.Tests.Messaging.StatusPayloadParserTests" name="TryParse_WhitespaceOnly_ReturnsNull" />
    </UnitTest>
    <UnitTest name="CrudService.Infrastructure.Tests.Messaging.TicketStatusHubTests.Notify_PaidStatus_DeliversCorrectly" storage="/home/jorge-ruiz/documentos/sofka/mvp ticketrush/ticketing_project_week0/crud_service/tests/crudservice.infrastructure.tests/bin/debug/net8.0/crudservice.infrastructure.tests.dll" id="f6f22bff-99f0-2ed0-1d13-809131c47918">
      <Execution id="9b09c92c-3a60-40e8-80c2-5525429b89cc" />
      <TestMethod codeBase="/home/jorge-ruiz/Documentos/Sofka/MVP TicketRush/ticketing_project_week0/crud_service/tests/CrudService.Infrastructure.Tests/bin/Debug/net8.0/CrudService.Infrastructure.Tests.dll" adapterTypeName="executor://xunit/VsTestRunner2/netcoreapp" className="CrudService.Infrastructure.Tests.Messaging.TicketStatusHubTests" name="Notify_PaidStatus_DeliversCorrectly" />
    </UnitTest>
    <UnitTest name="CrudService.Infrastructure.Tests.Messaging.SseMessageFormatterTests.FormatSseLine_ContainsValidJson" storage="/home/jorge-ruiz/documentos/sofka/mvp ticketrush/ticketing_project_week0/crud_service/tests/crudservice.infrastructure.tests/bin/debug/net8.0/crudservice.infrastructure.tests.dll" id="dc3ff081-3e19-27f6-22e7-f4b30467fba4">
      <Execution id="0193e6f6-5b11-46a9-b9cc-9bd4afbaad59" />
      <TestMethod codeBase="/home/jorge-ruiz/Documentos/Sofka/MVP TicketRush/ticketing_project_week0/crud_service/tests/CrudService.Infrastructure.Tests/bin/Debug/net8.0/CrudService.Infrastructure.Tests.dll" adapterTypeName="executor://xunit/VsTestRunner2/netcoreapp" className="CrudService.Infrastructure.Tests.Messaging.SseMessageFormatterTests" name="FormatSseLine_ContainsValidJson" />
    </UnitTest>
    <UnitTest name="CrudService.Infrastructure.Tests.Messaging.TicketStatusHubTests.Subscribe_ReturnsNonNullChannelReader" storage="/home/jorge-ruiz/documentos/sofka/mvp ticketrush/ticketing_project_week0/crud_service/tests/crudservice.infrastructure.tests/bin/debug/net8.0/crudservice.infrastructure.tests.dll" id="70bcd2bb-0bee-9e00-88b3-5a64ff40d7ee">
      <Execution id="64fa66f9-1653-4d83-8787-2594e9f82310" />
      <TestMethod codeBase="/home/jorge-ruiz/Documentos/Sofka/MVP TicketRush/ticketing_project_week0/crud_service/tests/CrudService.Infrastructure.Tests/bin/Debug/net8.0/CrudService.Infrastructure.Tests.dll" adapterTypeName="executor://xunit/VsTestRunner2/netcoreapp" className="CrudService.Infrastructure.Tests.Messaging.TicketStatusHubTests" name="Subscribe_ReturnsNonNullChannelReader" />
    </UnitTest>
    <UnitTest name="CrudService.Infrastructure.Tests.Component.TicketStatusPipelineTests.Pipeline_PaidStatus_FlowsFromJsonToChannelReader" storage="/home/jorge-ruiz/documentos/sofka/mvp ticketrush/ticketing_project_week0/crud_service/tests/crudservice.infrastructure.tests/bin/debug/net8.0/crudservice.infrastructure.tests.dll" id="721698e9-ee47-aa09-8c06-c4c2132d680e">
      <Execution id="ce1b3948-5d26-465a-a63a-c2e5bb8abaf8" />
      <TestMethod codeBase="/home/jorge-ruiz/Documentos/Sofka/MVP TicketRush/ticketing_project_week0/crud_service/tests/CrudService.Infrastructure.Tests/bin/Debug/net8.0/CrudService.Infrastructure.Tests.dll" adapterTypeName="executor://xunit/VsTestRunner2/netcoreapp" className="CrudService.Infrastructure.Tests.Component.TicketStatusPipelineTests" name="Pipeline_PaidStatus_FlowsFromJsonToChannelReader" />
    </UnitTest>
    <UnitTest name="CrudService.Infrastructure.Tests.Integration.SseContractIntegrationTests.FullFlow_DataIntegrity_PreservedEndToEnd(ticketId: 1, status: &quot;released&quot;)" storage="/home/jorge-ruiz/documentos/sofka/mvp ticketrush/ticketing_project_week0/crud_service/tests/crudservice.infrastructure.tests/bin/debug/net8.0/crudservice.infrastructure.tests.dll" id="1aceda49-5adb-0a75-131e-af2993017513">
      <Execution id="289dc3ce-7771-4852-a3a5-9925a80f891d" />
      <TestMethod codeBase="/home/jorge-ruiz/Documentos/Sofka/MVP TicketRush/ticketing_project_week0/crud_service/tests/CrudService.Infrastructure.Tests/bin/Debug/net8.0/CrudService.Infrastructure.Tests.dll" adapterTypeName="executor://xunit/VsTestRunner2/netcoreapp" className="CrudService.Infrastructure.Tests.Integration.SseContractIntegrationTests" name="FullFlow_DataIntegrity_PreservedEndToEnd" />
    </UnitTest>
    <UnitTest name="CrudService.Infrastructure.Tests.Messaging.TicketStatusHubTests.Notify_WithNullStatus_IsNoOp" storage="/home/jorge-ruiz/documentos/sofka/mvp ticketrush/ticketing_project_week0/crud_service/tests/crudservice.infrastructure.tests/bin/debug/net8.0/crudservice.infrastructure.tests.dll" id="0e50b593-c0f1-3774-77f0-bbfbd1ef8e35">
      <Execution id="445ff6e5-c668-49ed-8503-33ad2b28ce34" />
      <TestMethod codeBase="/home/jorge-ruiz/Documentos/Sofka/MVP TicketRush/ticketing_project_week0/crud_service/tests/CrudService.Infrastructure.Tests/bin/Debug/net8.0/CrudService.Infrastructure.Tests.dll" adapterTypeName="executor://xunit/VsTestRunner2/netcoreapp" className="CrudService.Infrastructure.Tests.Messaging.TicketStatusHubTests" name="Notify_WithNullStatus_IsNoOp" />
    </UnitTest>
    <UnitTest name="CrudService.Infrastructure.Tests.Messaging.SseMessageFormatterTests.ToSseJson_ReleasedStatus_ReturnsCorrectJson" storage="/home/jorge-ruiz/documentos/sofka/mvp ticketrush/ticketing_project_week0/crud_service/tests/crudservice.infrastructure.tests/bin/debug/net8.0/crudservice.infrastructure.tests.dll" id="302e9fa3-ac0d-9249-e7f3-67326e6448cf">
      <Execution id="d4abb539-05d4-499c-b54d-db4014389ffa" />
      <TestMethod codeBase="/home/jorge-ruiz/Documentos/Sofka/MVP TicketRush/ticketing_project_week0/crud_service/tests/CrudService.Infrastructure.Tests/bin/Debug/net8.0/CrudService.Infrastructure.Tests.dll" adapterTypeName="executor://xunit/VsTestRunner2/netcoreapp" className="CrudService.Infrastructure.Tests.Messaging.SseMessageFormatterTests" name="ToSseJson_ReleasedStatus_ReturnsCorrectJson" />
    </UnitTest>
    <UnitTest name="CrudService.Infrastructure.Tests.Messaging.StatusPayloadParserTests.TryParse_AllValidStatuses_ParseCorrectly(status: &quot;paid&quot;)" storage="/home/jorge-ruiz/documentos/sofka/mvp ticketrush/ticketing_project_week0/crud_service/tests/crudservice.infrastructure.tests/bin/debug/net8.0/crudservice.infrastructure.tests.dll" id="97a2691f-5931-2304-9333-dc23a4b96324">
      <Execution id="2edb74c6-57bc-4987-852c-a4edc2864afa" />
      <TestMethod codeBase="/home/jorge-ruiz/Documentos/Sofka/MVP TicketRush/ticketing_project_week0/crud_service/tests/CrudService.Infrastructure.Tests/bin/Debug/net8.0/CrudService.Infrastructure.Tests.dll" adapterTypeName="executor://xunit/VsTestRunner2/netcoreapp" className="CrudService.Infrastructure.Tests.Messaging.StatusPayloadParserTests" name="TryParse_AllValidStatuses_ParseCorrectly" />
    </UnitTest>
    <UnitTest name="CrudService.Infrastructure.Tests.Messaging.TicketStatusHubTests.Notify_WithoutSubscribers_IsSafeNoOp" storage="/home/jorge-ruiz/documentos/sofka/mvp ticketrush/ticketing_project_week0/crud_service/tests/crudservice.infrastructure.tests/bin/debug/net8.0/crudservice.infrastructure.tests.dll" id="6423e82c-5700-57ad-f1ab-875125f2e84d">
      <Execution id="ed409f53-e120-48b4-9729-c8e6028ce1c9" />
      <TestMethod codeBase="/home/jorge-ruiz/Documentos/Sofka/MVP TicketRush/ticketing_project_week0/crud_service/tests/CrudService.Infrastructure.Tests/bin/Debug/net8.0/CrudService.Infrastructure.Tests.dll" adapterTypeName="executor://xunit/VsTestRunner2/netcoreapp" className="CrudService.Infrastructure.Tests.Messaging.TicketStatusHubTests" name="Notify_WithoutSubscribers_IsSafeNoOp" />
    </UnitTest>
    <UnitTest name="CrudService.Infrastructure.Tests.Messaging.TicketStatusHubTests.Subscribe_MultipleSubscribers_AllReceiveUpdate" storage="/home/jorge-ruiz/documentos/sofka/mvp ticketrush/ticketing_project_week0/crud_service/tests/crudservice.infrastructure.tests/bin/debug/net8.0/crudservice.infrastructure.tests.dll" id="f921e8a7-bd25-2941-c06a-5a25716a9df2">
      <Execution id="111cad0d-442f-4274-be34-beece7155860" />
      <TestMethod codeBase="/home/jorge-ruiz/Documentos/Sofka/MVP TicketRush/ticketing_project_week0/crud_service/tests/CrudService.Infrastructure.Tests/bin/Debug/net8.0/CrudService.Infrastructure.Tests.dll" adapterTypeName="executor://xunit/VsTestRunner2/netcoreapp" className="CrudService.Infrastructure.Tests.Messaging.TicketStatusHubTests" name="Subscribe_MultipleSubscribers_AllReceiveUpdate" />
    </UnitTest>
    <UnitTest name="CrudService.Infrastructure.Tests.Messaging.SseMessageFormatterTests.ToSseJson_DoesNotExposeInternalFieldName" storage="/home/jorge-ruiz/documentos/sofka/mvp ticketrush/ticketing_project_week0/crud_service/tests/crudservice.infrastructure.tests/bin/debug/net8.0/crudservice.infrastructure.tests.dll" id="612e0a92-fe73-10b6-fc75-105f64942e2e">
      <Execution id="6b237d6e-2742-48d9-a7e1-056f58ee8826" />
      <TestMethod codeBase="/home/jorge-ruiz/Documentos/Sofka/MVP TicketRush/ticketing_project_week0/crud_service/tests/CrudService.Infrastructure.Tests/bin/Debug/net8.0/CrudService.Infrastructure.Tests.dll" adapterTypeName="executor://xunit/VsTestRunner2/netcoreapp" className="CrudService.Infrastructure.Tests.Messaging.SseMessageFormatterTests" name="ToSseJson_DoesNotExposeInternalFieldName" />
    </UnitTest>
    <UnitTest name="CrudService.Infrastructure.Tests.Component.TicketStatusPipelineTests.Pipeline_SequentialMessages_SubscriptionCleanedUpBetween" storage="/home/jorge-ruiz/documentos/sofka/mvp ticketrush/ticketing_project_week0/crud_service/tests/crudservice.infrastructure.tests/bin/debug/net8.0/crudservice.infrastructure.tests.dll" id="8828564f-c896-be6d-26a1-353006221582">
      <Execution id="a9290e2e-0d1e-41de-9eb0-70c4725e9988" />
      <TestMethod codeBase="/home/jorge-ruiz/Documentos/Sofka/MVP TicketRush/ticketing_project_week0/crud_service/tests/CrudService.Infrastructure.Tests/bin/Debug/net8.0/CrudService.Infrastructure.Tests.dll" adapterTypeName="executor://xunit/VsTestRunner2/netcoreapp" className="CrudService.Infrastructure.Tests.Component.TicketStatusPipelineTests" name="Pipeline_SequentialMessages_SubscriptionCleanedUpBetween" />
    </UnitTest>
    <UnitTest name="CrudService.Infrastructure.Tests.Messaging.TicketStatusConsumerTests.ProcessMessage_WhenNullJsonLiteral_DoesNotThrow" storage="/home/jorge-ruiz/documentos/sofka/mvp ticketrush/ticketing_project_week0/crud_service/tests/crudservice.infrastructure.tests/bin/debug/net8.0/crudservice.infrastructure.tests.dll" id="3d1596d6-0886-a38c-f57c-4f468d129e02">
      <Execution id="afca4e2d-acd8-44c0-b42d-2b3fd0a034f5" />
      <TestMethod codeBase="/home/jorge-ruiz/Documentos/Sofka/MVP TicketRush/ticketing_project_week0/crud_service/tests/CrudService.Infrastructure.Tests/bin/Debug/net8.0/CrudService.Infrastructure.Tests.dll" adapterTypeName="executor://xunit/VsTestRunner2/netcoreapp" className="CrudService.Infrastructure.Tests.Messaging.TicketStatusConsumerTests" name="ProcessMessage_WhenNullJsonLiteral_DoesNotThrow" />
    </UnitTest>
    <UnitTest name="CrudService.Infrastructure.Tests.Messaging.TicketStatusHubTests.Notify_WithActiveSubscriber_PublishesReleasedUpdate" storage="/home/jorge-ruiz/documentos/sofka/mvp ticketrush/ticketing_project_week0/crud_service/tests/crudservice.infrastructure.tests/bin/debug/net8.0/crudservice.infrastructure.tests.dll" id="196c2c1b-f364-1912-b13d-dffdbd37ba7c">
      <Execution id="bf3224b6-56c5-4d54-beb8-e5852a755676" />
      <TestMethod codeBase="/home/jorge-ruiz/Documentos/Sofka/MVP TicketRush/ticketing_project_week0/crud_service/tests/CrudService.Infrastructure.Tests/bin/Debug/net8.0/CrudService.Infrastructure.Tests.dll" adapterTypeName="executor://xunit/VsTestRunner2/netcoreapp" className="CrudService.Infrastructure.Tests.Messaging.TicketStatusHubTests" name="Notify_WithActiveSubscriber_PublishesReleasedUpdate" />
    </UnitTest>
    <UnitTest name="CrudService.Infrastructure.Tests.Messaging.TicketStatusConsumerTests.ProcessMessage_WithMockedNotifier_InvalidJson_DoesNotCallNotify" storage="/home/jorge-ruiz/documentos/sofka/mvp ticketrush/ticketing_project_week0/crud_service/tests/crudservice.infrastructure.tests/bin/debug/net8.0/crudservice.infrastructure.tests.dll" id="14d84e07-19ee-9019-79ae-402894fba6a3">
      <Execution id="1db52ed9-bc7c-4b46-8369-8fb46516797d" />
      <TestMethod codeBase="/home/jorge-ruiz/Documentos/Sofka/MVP TicketRush/ticketing_project_week0/crud_service/tests/CrudService.Infrastructure.Tests/bin/Debug/net8.0/CrudService.Infrastructure.Tests.dll" adapterTypeName="executor://xunit/VsTestRunner2/netcoreapp" className="CrudService.Infrastructure.Tests.Messaging.TicketStatusConsumerTests" name="ProcessMessage_WithMockedNotifier_InvalidJson_DoesNotCallNotify" />
    </UnitTest>
    <UnitTest name="CrudService.Infrastructure.Tests.Integration.SseContractIntegrationTests.SseOutput_StatusValues_MatchExpectedJsonContract(status: &quot;paid&quot;)" storage="/home/jorge-ruiz/documentos/sofka/mvp ticketrush/ticketing_project_week0/crud_service/tests/crudservice.infrastructure.tests/bin/debug/net8.0/crudservice.infrastructure.tests.dll" id="fc5fbf16-c1d3-00e6-c265-579b6bdee8b4">
      <Execution id="b84bde6f-6074-46ac-9f12-bdc494d06d62" />
      <TestMethod codeBase="/home/jorge-ruiz/Documentos/Sofka/MVP TicketRush/ticketing_project_week0/crud_service/tests/CrudService.Infrastructure.Tests/bin/Debug/net8.0/CrudService.Infrastructure.Tests.dll" adapterTypeName="executor://xunit/VsTestRunner2/netcoreapp" className="CrudService.Infrastructure.Tests.Integration.SseContractIntegrationTests" name="SseOutput_StatusValues_MatchExpectedJsonContract" />
    </UnitTest>
    <UnitTest name="CrudService.Infrastructure.Tests.Component.TicketStatusPipelineTests.Pipeline_MultipleSubscribersSameTicket_AllReceive" storage="/home/jorge-ruiz/documentos/sofka/mvp ticketrush/ticketing_project_week0/crud_service/tests/crudservice.infrastructure.tests/bin/debug/net8.0/crudservice.infrastructure.tests.dll" id="41b9779c-26e8-6a03-6e6b-f6d8c6a0c2b0">
      <Execution id="03b83aa1-375b-4bcd-bbeb-cecf5b792695" />
      <TestMethod codeBase="/home/jorge-ruiz/Documentos/Sofka/MVP TicketRush/ticketing_project_week0/crud_service/tests/CrudService.Infrastructure.Tests/bin/Debug/net8.0/CrudService.Infrastructure.Tests.dll" adapterTypeName="executor://xunit/VsTestRunner2/netcoreapp" className="CrudService.Infrastructure.Tests.Component.TicketStatusPipelineTests" name="Pipeline_MultipleSubscribersSameTicket_AllReceive" />
    </UnitTest>
    <UnitTest name="CrudService.Infrastructure.Tests.Messaging.TicketStatusConsumerTests.ProcessMessage_WhenInvalidJson_DoesNotThrow" storage="/home/jorge-ruiz/documentos/sofka/mvp ticketrush/ticketing_project_week0/crud_service/tests/crudservice.infrastructure.tests/bin/debug/net8.0/crudservice.infrastructure.tests.dll" id="ded905a3-facd-71df-7f33-5ca491f0b06a">
      <Execution id="4d173f07-9efd-4844-8eb2-82829c1dcd87" />
      <TestMethod codeBase="/home/jorge-ruiz/Documentos/Sofka/MVP TicketRush/ticketing_project_week0/crud_service/tests/CrudService.Infrastructure.Tests/bin/Debug/net8.0/CrudService.Infrastructure.Tests.dll" adapterTypeName="executor://xunit/VsTestRunner2/netcoreapp" className="CrudService.Infrastructure.Tests.Messaging.TicketStatusConsumerTests" name="ProcessMessage_WhenInvalidJson_DoesNotThrow" />
    </UnitTest>
    <UnitTest name="CrudService.Infrastructure.Tests.Messaging.StatusPayloadParserTests.TryParse_AllValidStatuses_ParseCorrectly(status: &quot;reserved&quot;)" storage="/home/jorge-ruiz/documentos/sofka/mvp ticketrush/ticketing_project_week0/crud_service/tests/crudservice.infrastructure.tests/bin/debug/net8.0/crudservice.infrastructure.tests.dll" id="53bbd75a-5793-add0-2fcf-0b841a6da974">
      <Execution id="41c68261-bea7-452c-8bfe-b25f8e7ba185" />
      <TestMethod codeBase="/home/jorge-ruiz/Documentos/Sofka/MVP TicketRush/ticketing_project_week0/crud_service/tests/CrudService.Infrastructure.Tests/bin/Debug/net8.0/CrudService.Infrastructure.Tests.dll" adapterTypeName="executor://xunit/VsTestRunner2/netcoreapp" className="CrudService.Infrastructure.Tests.Messaging.StatusPayloadParserTests" name="TryParse_AllValidStatuses_ParseCorrectly" />
    </UnitTest>
    <UnitTest name="CrudService.Infrastructure.Tests.Integration.SseContractIntegrationTests.PayloadContract_IncomingFieldsMapToSseOutput" storage="/home/jorge-ruiz/documentos/sofka/mvp ticketrush/ticketing_project_week0/crud_service/tests/crudservice.infrastructure.tests/bin/debug/net8.0/crudservice.infrastructure.tests.dll" id="fac31d1e-01c5-26fc-0d47-600eeac60ee2">
      <Execution id="c7052cb3-5c8b-4306-9ba9-f3930303b5b3" />
      <TestMethod codeBase="/home/jorge-ruiz/Documentos/Sofka/MVP TicketRush/ticketing_project_week0/crud_service/tests/CrudService.Infrastructure.Tests/bin/Debug/net8.0/CrudService.Infrastructure.Tests.dll" adapterTypeName="executor://xunit/VsTestRunner2/netcoreapp" className="CrudService.Infrastructure.Tests.Integration.SseContractIntegrationTests" name="PayloadContract_IncomingFieldsMapToSseOutput" />
    </UnitTest>
    <UnitTest name="CrudService.Infrastructure.Tests.Messaging.TicketStatusHubTests.Notify_ConcurrentCalls_AllSubscribersReceive" storage="/home/jorge-ruiz/documentos/sofka/mvp ticketrush/ticketing_project_week0/crud_service/tests/crudservice.infrastructure.tests/bin/debug/net8.0/crudservice.infrastructure.tests.dll" id="8a746501-ebff-e806-8150-729787bbd85c">
      <Execution id="525ae1b4-fcc5-46ec-ac93-d8a25b85a66a" />
      <TestMethod codeBase="/home/jorge-ruiz/Documentos/Sofka/MVP TicketRush/ticketing_project_week0/crud_service/tests/CrudService.Infrastructure.Tests/bin/Debug/net8.0/CrudService.Infrastructure.Tests.dll" adapterTypeName="executor://xunit/VsTestRunner2/netcoreapp" className="CrudService.Infrastructure.Tests.Messaging.TicketStatusHubTests" name="Notify_ConcurrentCalls_AllSubscribersReceive" />
    </UnitTest>
    <UnitTest name="CrudService.Infrastructure.Tests.Integration.SseContractIntegrationTests.FullFlow_DataIntegrity_PreservedEndToEnd(ticketId: 0, status: &quot;reserved&quot;)" storage="/home/jorge-ruiz/documentos/sofka/mvp ticketrush/ticketing_project_week0/crud_service/tests/crudservice.infrastructure.tests/bin/debug/net8.0/crudservice.infrastructure.tests.dll" id="529f308b-aa43-554f-1239-eb6e0b060cf0">
      <Execution id="e36e28cb-d61c-492e-a997-6213fa21c90c" />
      <TestMethod codeBase="/home/jorge-ruiz/Documentos/Sofka/MVP TicketRush/ticketing_project_week0/crud_service/tests/CrudService.Infrastructure.Tests/bin/Debug/net8.0/CrudService.Infrastructure.Tests.dll" adapterTypeName="executor://xunit/VsTestRunner2/netcoreapp" className="CrudService.Infrastructure.Tests.Integration.SseContractIntegrationTests" name="FullFlow_DataIntegrity_PreservedEndToEnd" />
    </UnitTest>
    <UnitTest name="CrudService.Infrastructure.Tests.Messaging.TicketStatusConsumerTests.ProcessMessage_WhenNewStatusReleased_NotifiesHubSubscribers" storage="/home/jorge-ruiz/documentos/sofka/mvp ticketrush/ticketing_project_week0/crud_service/tests/crudservice.infrastructure.tests/bin/debug/net8.0/crudservice.infrastructure.tests.dll" id="77e909dd-2d7a-7ee6-800e-aea54fb0bd09">
      <Execution id="c259131a-0a77-4627-b544-85c0842bb84e" />
      <TestMethod codeBase="/home/jorge-ruiz/Documentos/Sofka/MVP TicketRush/ticketing_project_week0/crud_service/tests/CrudService.Infrastructure.Tests/bin/Debug/net8.0/CrudService.Infrastructure.Tests.dll" adapterTypeName="executor://xunit/VsTestRunner2/netcoreapp" className="CrudService.Infrastructure.Tests.Messaging.TicketStatusConsumerTests" name="ProcessMessage_WhenNewStatusReleased_NotifiesHubSubscribers" />
    </UnitTest>
    <UnitTest name="CrudService.Infrastructure.Tests.Messaging.TicketStatusConsumerTests.ProcessMessage_CaseInsensitiveDeserialization_Works" storage="/home/jorge-ruiz/documentos/sofka/mvp ticketrush/ticketing_project_week0/crud_service/tests/crudservice.infrastructure.tests/bin/debug/net8.0/crudservice.infrastructure.tests.dll" id="ffaaed94-d3ae-b7be-5ca7-67531d60557a">
      <Execution id="f5ffad44-cbba-4e6e-b6ee-a74e062d3af2" />
      <TestMethod codeBase="/home/jorge-ruiz/Documentos/Sofka/MVP TicketRush/ticketing_project_week0/crud_service/tests/CrudService.Infrastructure.Tests/bin/Debug/net8.0/CrudService.Infrastructure.Tests.dll" adapterTypeName="executor://xunit/VsTestRunner2/netcoreapp" className="CrudService.Infrastructure.Tests.Messaging.TicketStatusConsumerTests" name="ProcessMessage_CaseInsensitiveDeserialization_Works" />
    </UnitTest>
    <UnitTest name="CrudService.Infrastructure.Tests.Messaging.TicketStatusConsumerTests.ProcessMessage_WhenMissingNewStatus_DoesNotNotify" storage="/home/jorge-ruiz/documentos/sofka/mvp ticketrush/ticketing_project_week0/crud_service/tests/crudservice.infrastructure.tests/bin/debug/net8.0/crudservice.infrastructure.tests.dll" id="1a5ab69e-db87-93b3-ae22-1516cfd05303">
      <Execution id="5ce17cfc-9036-47c2-8593-33674f2e4981" />
      <TestMethod codeBase="/home/jorge-ruiz/Documentos/Sofka/MVP TicketRush/ticketing_project_week0/crud_service/tests/CrudService.Infrastructure.Tests/bin/Debug/net8.0/CrudService.Infrastructure.Tests.dll" adapterTypeName="executor://xunit/VsTestRunner2/netcoreapp" className="CrudService.Infrastructure.Tests.Messaging.TicketStatusConsumerTests" name="ProcessMessage_WhenMissingNewStatus_DoesNotNotify" />
    </UnitTest>
    <UnitTest name="CrudService.Infrastructure.Tests.Messaging.StatusPayloadParserTests.TryParse_MissingNewStatus_ReturnsPayloadWithDefaultStatus" storage="/home/jorge-ruiz/documentos/sofka/mvp ticketrush/ticketing_project_week0/crud_service/tests/crudservice.infrastructure.tests/bin/debug/net8.0/crudservice.infrastructure.tests.dll" id="dbf66767-8981-a4a1-b7fc-a04aa5e0b656">
      <Execution id="211826c7-d087-451b-8f21-c696217afc09" />
      <TestMethod codeBase="/home/jorge-ruiz/Documentos/Sofka/MVP TicketRush/ticketing_project_week0/crud_service/tests/CrudService.Infrastructure.Tests/bin/Debug/net8.0/CrudService.Infrastructure.Tests.dll" adapterTypeName="executor://xunit/VsTestRunner2/netcoreapp" className="CrudService.Infrastructure.Tests.Messaging.StatusPayloadParserTests" name="TryParse_MissingNewStatus_ReturnsPayloadWithDefaultStatus" />
    </UnitTest>
    <UnitTest name="CrudService.Infrastructure.Tests.Integration.SseContractIntegrationTests.SseOutput_FieldNames_AreCamelCasePerContract" storage="/home/jorge-ruiz/documentos/sofka/mvp ticketrush/ticketing_project_week0/crud_service/tests/crudservice.infrastructure.tests/bin/debug/net8.0/crudservice.infrastructure.tests.dll" id="aaa25b39-bd59-16dc-0440-a30eb81061c0">
      <Execution id="2db0337a-0ac6-4484-b045-8a10a1f4db06" />
      <TestMethod codeBase="/home/jorge-ruiz/Documentos/Sofka/MVP TicketRush/ticketing_project_week0/crud_service/tests/CrudService.Infrastructure.Tests/bin/Debug/net8.0/CrudService.Infrastructure.Tests.dll" adapterTypeName="executor://xunit/VsTestRunner2/netcoreapp" className="CrudService.Infrastructure.Tests.Integration.SseContractIntegrationTests" name="SseOutput_FieldNames_AreCamelCasePerContract" />
    </UnitTest>
    <UnitTest name="CrudService.Infrastructure.Tests.Component.TicketStatusPipelineTests.Pipeline_ConcurrentMessages_AllDeliveredCorrectly" storage="/home/jorge-ruiz/documentos/sofka/mvp ticketrush/ticketing_project_week0/crud_service/tests/crudservice.infrastructure.tests/bin/debug/net8.0/crudservice.infrastructure.tests.dll" id="6519db9f-9764-a392-d986-94cb027b2f55">
      <Execution id="dcfe3931-a0cd-4eee-8045-150a9543d003" />
      <TestMethod codeBase="/home/jorge-ruiz/Documentos/Sofka/MVP TicketRush/ticketing_project_week0/crud_service/tests/CrudService.Infrastructure.Tests/bin/Debug/net8.0/CrudService.Infrastructure.Tests.dll" adapterTypeName="executor://xunit/VsTestRunner2/netcoreapp" className="CrudService.Infrastructure.Tests.Component.TicketStatusPipelineTests" name="Pipeline_ConcurrentMessages_AllDeliveredCorrectly" />
    </UnitTest>
    <UnitTest name="CrudService.Infrastructure.Tests.Messaging.StatusPayloadParserTests.TryParse_CaseInsensitive_ReturnsPayload" storage="/home/jorge-ruiz/documentos/sofka/mvp ticketrush/ticketing_project_week0/crud_service/tests/crudservice.infrastructure.tests/bin/debug/net8.0/crudservice.infrastructure.tests.dll" id="e7023fcd-f4bf-c093-0909-5345e2427731">
      <Execution id="4952af3b-8b86-4557-b446-1407b1212b2b" />
      <TestMethod codeBase="/home/jorge-ruiz/Documentos/Sofka/MVP TicketRush/ticketing_project_week0/crud_service/tests/CrudService.Infrastructure.Tests/bin/Debug/net8.0/CrudService.Infrastructure.Tests.dll" adapterTypeName="executor://xunit/VsTestRunner2/netcoreapp" className="CrudService.Infrastructure.Tests.Messaging.StatusPayloadParserTests" name="TryParse_CaseInsensitive_ReturnsPayload" />
    </UnitTest>
    <UnitTest name="CrudService.Infrastructure.Tests.Component.TicketStatusPipelineTests.Pipeline_ReleasedStatus_FlowsFromJsonToChannelReader" storage="/home/jorge-ruiz/documentos/sofka/mvp ticketrush/ticketing_project_week0/crud_service/tests/crudservice.infrastructure.tests/bin/debug/net8.0/crudservice.infrastructure.tests.dll" id="96ddabaf-3630-9121-0bc2-8f302d43c362">
      <Execution id="5a20d31e-050a-4f66-9dc8-7719ac58b01f" />
      <TestMethod codeBase="/home/jorge-ruiz/Documentos/Sofka/MVP TicketRush/ticketing_project_week0/crud_service/tests/CrudService.Infrastructure.Tests/bin/Debug/net8.0/CrudService.Infrastructure.Tests.dll" adapterTypeName="executor://xunit/VsTestRunner2/netcoreapp" className="CrudService.Infrastructure.Tests.Component.TicketStatusPipelineTests" name="Pipeline_ReleasedStatus_FlowsFromJsonToChannelReader" />
    </UnitTest>
    <UnitTest name="CrudService.Infrastructure.Tests.Messaging.SseMessageFormatterTests.ToSseJson_NullUpdate_ThrowsArgumentNullException" storage="/home/jorge-ruiz/documentos/sofka/mvp ticketrush/ticketing_project_week0/crud_service/tests/crudservice.infrastructure.tests/bin/debug/net8.0/crudservice.infrastructure.tests.dll" id="592db65f-c1f7-1094-0da6-08d327d283a1">
      <Execution id="256cb19c-9d5d-40ce-aee2-fc2b558bf0bf" />
      <TestMethod codeBase="/home/jorge-ruiz/Documentos/Sofka/MVP TicketRush/ticketing_project_week0/crud_service/tests/CrudService.Infrastructure.Tests/bin/Debug/net8.0/CrudService.Infrastructure.Tests.dll" adapterTypeName="executor://xunit/VsTestRunner2/netcoreapp" className="CrudService.Infrastructure.Tests.Messaging.SseMessageFormatterTests" name="ToSseJson_NullUpdate_ThrowsArgumentNullException" />
    </UnitTest>
    <UnitTest name="CrudService.Infrastructure.Tests.Messaging.StatusPayloadParserTests.TryParse_JsonNull_ReturnsNull" storage="/home/jorge-ruiz/documentos/sofka/mvp ticketrush/ticketing_project_week0/crud_service/tests/crudservice.infrastructure.tests/bin/debug/net8.0/crudservice.infrastructure.tests.dll" id="8613f99d-ab01-720e-fe07-41d961a0c59f">
      <Execution id="f8e61193-868d-4f24-94e6-f9630f6f94f4" />
      <TestMethod codeBase="/home/jorge-ruiz/Documentos/Sofka/MVP TicketRush/ticketing_project_week0/crud_service/tests/CrudService.Infrastructure.Tests/bin/Debug/net8.0/CrudService.Infrastructure.Tests.dll" adapterTypeName="executor://xunit/VsTestRunner2/netcoreapp" className="CrudService.Infrastructure.Tests.Messaging.StatusPayloadParserTests" name="TryParse_JsonNull_ReturnsNull" />
    </UnitTest>
    <UnitTest name="CrudService.Infrastructure.Tests.Integration.SseContractIntegrationTests.SseFormat_FollowsServerSentEventsSpec" storage="/home/jorge-ruiz/documentos/sofka/mvp ticketrush/ticketing_project_week0/crud_service/tests/crudservice.infrastructure.tests/bin/debug/net8.0/crudservice.infrastructure.tests.dll" id="964e1d7e-3f31-c88c-afb3-8be4c506288a">
      <Execution id="294ed73a-6b7f-460a-897e-4fa8f8982216" />
      <TestMethod codeBase="/home/jorge-ruiz/Documentos/Sofka/MVP TicketRush/ticketing_project_week0/crud_service/tests/CrudService.Infrastructure.Tests/bin/Debug/net8.0/CrudService.Infrastructure.Tests.dll" adapterTypeName="executor://xunit/VsTestRunner2/netcoreapp" className="CrudService.Infrastructure.Tests.Integration.SseContractIntegrationTests" name="SseFormat_FollowsServerSentEventsSpec" />
    </UnitTest>
    <UnitTest name="CrudService.Infrastructure.Tests.Messaging.TicketStatusConsumerTests.ProcessMessage_WithMockedNotifier_CallsNotifyWithCorrectArgs" storage="/home/jorge-ruiz/documentos/sofka/mvp ticketrush/ticketing_project_week0/crud_service/tests/crudservice.infrastructure.tests/bin/debug/net8.0/crudservice.infrastructure.tests.dll" id="4d877ba2-bdef-a8e0-2bef-07b3fc58df5e">
      <Execution id="704d1ffd-2b4a-439f-bdd8-24bae0f14c71" />
      <TestMethod codeBase="/home/jorge-ruiz/Documentos/Sofka/MVP TicketRush/ticketing_project_week0/crud_service/tests/CrudService.Infrastructure.Tests/bin/Debug/net8.0/CrudService.Infrastructure.Tests.dll" adapterTypeName="executor://xunit/VsTestRunner2/netcoreapp" className="CrudService.Infrastructure.Tests.Messaging.TicketStatusConsumerTests" name="ProcessMessage_WithMockedNotifier_CallsNotifyWithCorrectArgs" />
    </UnitTest>
    <UnitTest name="CrudService.Infrastructure.Tests.Messaging.TicketStatusHubTests.Subscribe_DifferentTickets_AreIsolated" storage="/home/jorge-ruiz/documentos/sofka/mvp ticketrush/ticketing_project_week0/crud_service/tests/crudservice.infrastructure.tests/bin/debug/net8.0/crudservice.infrastructure.tests.dll" id="5b72c48e-fb02-f4fc-2879-1dab500aa46c">
      <Execution id="e456d335-1ccc-4606-9a8b-537df19b1272" />
      <TestMethod codeBase="/home/jorge-ruiz/Documentos/Sofka/MVP TicketRush/ticketing_project_week0/crud_service/tests/CrudService.Infrastructure.Tests/bin/Debug/net8.0/CrudService.Infrastructure.Tests.dll" adapterTypeName="executor://xunit/VsTestRunner2/netcoreapp" className="CrudService.Infrastructure.Tests.Messaging.TicketStatusHubTests" name="Subscribe_DifferentTickets_AreIsolated" />
    </UnitTest>
    <UnitTest name="CrudService.Infrastructure.Tests.Integration.SseContractIntegrationTests.Pipeline_Resilience_InvalidMessagesDoNotCorruptState" storage="/home/jorge-ruiz/documentos/sofka/mvp ticketrush/ticketing_project_week0/crud_service/tests/crudservice.infrastructure.tests/bin/debug/net8.0/crudservice.infrastructure.tests.dll" id="5c903889-c618-6c74-6fe9-b37e93e43cc7">
      <Execution id="2f695822-6d93-464c-b2e1-d04134e43478" />
      <TestMethod codeBase="/home/jorge-ruiz/Documentos/Sofka/MVP TicketRush/ticketing_project_week0/crud_service/tests/CrudService.Infrastructure.Tests/bin/Debug/net8.0/CrudService.Infrastructure.Tests.dll" adapterTypeName="executor://xunit/VsTestRunner2/netcoreapp" className="CrudService.Infrastructure.Tests.Integration.SseContractIntegrationTests" name="Pipeline_Resilience_InvalidMessagesDoNotCorruptState" />
    </UnitTest>
    <UnitTest name="CrudService.Infrastructure.Tests.Messaging.TicketStatusConsumerTests.ProcessMessage_WhenNullString_DoesNotThrow" storage="/home/jorge-ruiz/documentos/sofka/mvp ticketrush/ticketing_project_week0/crud_service/tests/crudservice.infrastructure.tests/bin/debug/net8.0/crudservice.infrastructure.tests.dll" id="095d6dd0-af79-23f1-2a95-1cd6880104d8">
      <Execution id="9e016a10-a21c-4da4-942e-d8a6b5d7e478" />
      <TestMethod codeBase="/home/jorge-ruiz/Documentos/Sofka/MVP TicketRush/ticketing_project_week0/crud_service/tests/CrudService.Infrastructure.Tests/bin/Debug/net8.0/CrudService.Infrastructure.Tests.dll" adapterTypeName="executor://xunit/VsTestRunner2/netcoreapp" className="CrudService.Infrastructure.Tests.Messaging.TicketStatusConsumerTests" name="ProcessMessage_WhenNullString_DoesNotThrow" />
    </UnitTest>
    <UnitTest name="CrudService.Infrastructure.Tests.Messaging.SseMessageFormatterTests.ToSseJson_OnlyContainsContractFields" storage="/home/jorge-ruiz/documentos/sofka/mvp ticketrush/ticketing_project_week0/crud_service/tests/crudservice.infrastructure.tests/bin/debug/net8.0/crudservice.infrastructure.tests.dll" id="8398a5d9-08fb-0b28-f2cc-5a3018542ec6">
      <Execution id="4095a32f-b4bf-4616-8b4e-9d9b1cc0357b" />
      <TestMethod codeBase="/home/jorge-ruiz/Documentos/Sofka/MVP TicketRush/ticketing_project_week0/crud_service/tests/CrudService.Infrastructure.Tests/bin/Debug/net8.0/CrudService.Infrastructure.Tests.dll" adapterTypeName="executor://xunit/VsTestRunner2/netcoreapp" className="CrudService.Infrastructure.Tests.Messaging.SseMessageFormatterTests" name="ToSseJson_OnlyContainsContractFields" />
    </UnitTest>
    <UnitTest name="CrudService.Infrastructure.Tests.Messaging.TicketStatusConsumerTests.ProcessMessage_WhenNewStatusReserved_NotifiesHub" storage="/home/jorge-ruiz/documentos/sofka/mvp ticketrush/ticketing_project_week0/crud_service/tests/crudservice.infrastructure.tests/bin/debug/net8.0/crudservice.infrastructure.tests.dll" id="9f81ec80-3d7d-a997-35a1-fedd58336999">
      <Execution id="54bf2197-6a74-4e98-9879-e9e60b3e057a" />
      <TestMethod codeBase="/home/jorge-ruiz/Documentos/Sofka/MVP TicketRush/ticketing_project_week0/crud_service/tests/CrudService.Infrastructure.Tests/bin/Debug/net8.0/CrudService.Infrastructure.Tests.dll" adapterTypeName="executor://xunit/VsTestRunner2/netcoreapp" className="CrudService.Infrastructure.Tests.Messaging.TicketStatusConsumerTests" name="ProcessMessage_WhenNewStatusReserved_NotifiesHub" />
    </UnitTest>
    <UnitTest name="CrudService.Infrastructure.Tests.Component.TicketStatusPipelineTests.Pipeline_MultipleTickets_EachRoutedToCorrectSubscriber" storage="/home/jorge-ruiz/documentos/sofka/mvp ticketrush/ticketing_project_week0/crud_service/tests/crudservice.infrastructure.tests/bin/debug/net8.0/crudservice.infrastructure.tests.dll" id="1c38662e-55a7-e097-0a3a-baa494744ed5">
      <Execution id="763ec9ed-5237-43be-ae1b-8bd1397f8239" />
      <TestMethod codeBase="/home/jorge-ruiz/Documentos/Sofka/MVP TicketRush/ticketing_project_week0/crud_service/tests/CrudService.Infrastructure.Tests/bin/Debug/net8.0/CrudService.Infrastructure.Tests.dll" adapterTypeName="executor://xunit/VsTestRunner2/netcoreapp" className="CrudService.Infrastructure.Tests.Component.TicketStatusPipelineTests" name="Pipeline_MultipleTickets_EachRoutedToCorrectSubscriber" />
    </UnitTest>
    <UnitTest name="CrudService.Infrastructure.Tests.Messaging.StatusPayloadParserTests.TryParse_EmptyString_ReturnsNull" storage="/home/jorge-ruiz/documentos/sofka/mvp ticketrush/ticketing_project_week0/crud_service/tests/crudservice.infrastructure.tests/bin/debug/net8.0/crudservice.infrastructure.tests.dll" id="0f70af2f-cf82-4774-4d74-91eefbab171a">
      <Execution id="e1436623-57e6-4b07-ac66-70b9b712b00f" />
      <TestMethod codeBase="/home/jorge-ruiz/Documentos/Sofka/MVP TicketRush/ticketing_project_week0/crud_service/tests/CrudService.Infrastructure.Tests/bin/Debug/net8.0/CrudService.Infrastructure.Tests.dll" adapterTypeName="executor://xunit/VsTestRunner2/netcoreapp" className="CrudService.Infrastructure.Tests.Messaging.StatusPayloadParserTests" name="TryParse_EmptyString_ReturnsNull" />
    </UnitTest>
    <UnitTest name="CrudService.Infrastructure.Tests.Messaging.TicketStatusHubTests.Notify_RemovesSubscriptionAfterDelivery" storage="/home/jorge-ruiz/documentos/sofka/mvp ticketrush/ticketing_project_week0/crud_service/tests/crudservice.infrastructure.tests/bin/debug/net8.0/crudservice.infrastructure.tests.dll" id="8af3898b-96c2-d972-21b9-922a323df8c7">
      <Execution id="82ad8cae-34e6-42b3-830d-c8e068d5ce35" />
      <TestMethod codeBase="/home/jorge-ruiz/Documentos/Sofka/MVP TicketRush/ticketing_project_week0/crud_service/tests/CrudService.Infrastructure.Tests/bin/Debug/net8.0/CrudService.Infrastructure.Tests.dll" adapterTypeName="executor://xunit/VsTestRunner2/netcoreapp" className="CrudService.Infrastructure.Tests.Messaging.TicketStatusHubTests" name="Notify_RemovesSubscriptionAfterDelivery" />
    </UnitTest>
    <UnitTest name="CrudService.Infrastructure.Tests.Messaging.StatusPayloadParserTests.TryParse_ValidJson_ReturnsPayload" storage="/home/jorge-ruiz/documentos/sofka/mvp ticketrush/ticketing_project_week0/crud_service/tests/crudservice.infrastructure.tests/bin/debug/net8.0/crudservice.infrastructure.tests.dll" id="8bc5adae-09a3-ea83-3558-148f11175fbb">
      <Execution id="821e00a6-db73-4c2a-9dd1-cd0c79f56e0b" />
      <TestMethod codeBase="/home/jorge-ruiz/Documentos/Sofka/MVP TicketRush/ticketing_project_week0/crud_service/tests/CrudService.Infrastructure.Tests/bin/Debug/net8.0/CrudService.Infrastructure.Tests.dll" adapterTypeName="executor://xunit/VsTestRunner2/netcoreapp" className="CrudService.Infrastructure.Tests.Messaging.StatusPayloadParserTests" name="TryParse_ValidJson_ReturnsPayload" />
    </UnitTest>
    <UnitTest name="CrudService.Infrastructure.Tests.Messaging.TicketStatusConsumerTests.ProcessMessage_WhenStatusIsEmpty_DoesNotNotify" storage="/home/jorge-ruiz/documentos/sofka/mvp ticketrush/ticketing_project_week0/crud_service/tests/crudservice.infrastructure.tests/bin/debug/net8.0/crudservice.infrastructure.tests.dll" id="d0ca6976-d79d-1c7a-a005-b7065ebbe18e">
      <Execution id="92673a1f-ccf1-4da3-95a9-752433fc1437" />
      <TestMethod codeBase="/home/jorge-ruiz/Documentos/Sofka/MVP TicketRush/ticketing_project_week0/crud_service/tests/CrudService.Infrastructure.Tests/bin/Debug/net8.0/CrudService.Infrastructure.Tests.dll" adapterTypeName="executor://xunit/VsTestRunner2/netcoreapp" className="CrudService.Infrastructure.Tests.Messaging.TicketStatusConsumerTests" name="ProcessMessage_WhenStatusIsEmpty_DoesNotNotify" />
    </UnitTest>
  </TestDefinitions>
  <TestEntries>
    <TestEntry testId="592db65f-c1f7-1094-0da6-08d327d283a1" executionId="256cb19c-9d5d-40ce-aee2-fc2b558bf0bf" testListId="8c84fa94-04c1-424b-9868-57a2d4851a1d" />
    <TestEntry testId="77e909dd-2d7a-7ee6-800e-aea54fb0bd09" executionId="c259131a-0a77-4627-b544-85c0842bb84e" testListId="8c84fa94-04c1-424b-9868-57a2d4851a1d" />
    <TestEntry testId="0e50b593-c0f1-3774-77f0-bbfbd1ef8e35" executionId="445ff6e5-c668-49ed-8503-33ad2b28ce34" testListId="8c84fa94-04c1-424b-9868-57a2d4851a1d" />
    <TestEntry testId="964e1d7e-3f31-c88c-afb3-8be4c506288a" executionId="294ed73a-6b7f-460a-897e-4fa8f8982216" testListId="8c84fa94-04c1-424b-9868-57a2d4851a1d" />
    <TestEntry testId="09a518ca-18b7-cda2-aa3e-4cea05a531e7" executionId="524e3bd8-ae9f-416c-9a56-dfb8e586a898" testListId="8c84fa94-04c1-424b-9868-57a2d4851a1d" />
    <TestEntry testId="5b72c48e-fb02-f4fc-2879-1dab500aa46c" executionId="e456d335-1ccc-4606-9a8b-537df19b1272" testListId="8c84fa94-04c1-424b-9868-57a2d4851a1d" />
    <TestEntry testId="ded905a3-facd-71df-7f33-5ca491f0b06a" executionId="4d173f07-9efd-4844-8eb2-82829c1dcd87" testListId="8c84fa94-04c1-424b-9868-57a2d4851a1d" />
    <TestEntry testId="6519db9f-9764-a392-d986-94cb027b2f55" executionId="dcfe3931-a0cd-4eee-8045-150a9543d003" testListId="8c84fa94-04c1-424b-9868-57a2d4851a1d" />
    <TestEntry testId="f6f22bff-99f0-2ed0-1d13-809131c47918" executionId="9b09c92c-3a60-40e8-80c2-5525429b89cc" testListId="8c84fa94-04c1-424b-9868-57a2d4851a1d" />
    <TestEntry testId="0f70af2f-cf82-4774-4d74-91eefbab171a" executionId="e1436623-57e6-4b07-ac66-70b9b712b00f" testListId="8c84fa94-04c1-424b-9868-57a2d4851a1d" />
    <TestEntry testId="529f308b-aa43-554f-1239-eb6e0b060cf0" executionId="e36e28cb-d61c-492e-a997-6213fa21c90c" testListId="8c84fa94-04c1-424b-9868-57a2d4851a1d" />
    <TestEntry testId="1aceda49-5adb-0a75-131e-af2993017513" executionId="289dc3ce-7771-4852-a3a5-9925a80f891d" testListId="8c84fa94-04c1-424b-9868-57a2d4851a1d" />
    <TestEntry testId="302e9fa3-ac0d-9249-e7f3-67326e6448cf" executionId="d4abb539-05d4-499c-b54d-db4014389ffa" testListId="8c84fa94-04c1-424b-9868-57a2d4851a1d" />
    <TestEntry testId="8a746501-ebff-e806-8150-729787bbd85c" executionId="525ae1b4-fcc5-46ec-ac93-d8a25b85a66a" testListId="8c84fa94-04c1-424b-9868-57a2d4851a1d" />
    <TestEntry testId="28717164-482b-2ba4-e9a9-e9d3994e6b3b" executionId="ba904d12-b6cf-4f7c-b2c3-da306441569a" testListId="8c84fa94-04c1-424b-9868-57a2d4851a1d" />
    <TestEntry testId="8398a5d9-08fb-0b28-f2cc-5a3018542ec6" executionId="4095a32f-b4bf-4616-8b4e-9d9b1cc0357b" testListId="8c84fa94-04c1-424b-9868-57a2d4851a1d" />
    <TestEntry testId="28c15cb0-339c-539e-2a82-a2fc5e19f191" executionId="ff7405de-efc4-45fe-98a6-dc839b5d7006" testListId="8c84fa94-04c1-424b-9868-57a2d4851a1d" />
    <TestEntry testId="b535dbc5-b370-8095-cecd-021fe5d089ce" executionId="03cbc0f5-c2f8-40f3-a091-d46ab2693b0d" testListId="8c84fa94-04c1-424b-9868-57a2d4851a1d" />
    <TestEntry testId="97a2691f-5931-2304-9333-dc23a4b96324" executionId="2edb74c6-57bc-4987-852c-a4edc2864afa" testListId="8c84fa94-04c1-424b-9868-57a2d4851a1d" />
    <TestEntry testId="9c60d75b-debe-b257-c42c-20bce1b1915e" executionId="47d8c753-318f-4f14-bd65-7b38b72776e4" testListId="8c84fa94-04c1-424b-9868-57a2d4851a1d" />
    <TestEntry testId="f1b195d8-067b-ac2c-172b-149e982790c7" executionId="1a6d7304-a90f-44b3-9ae5-69f4ab483fbd" testListId="8c84fa94-04c1-424b-9868-57a2d4851a1d" />
    <TestEntry testId="6288a0f7-741b-8c0f-e291-86fedf01e567" executionId="1724a689-1c1b-46d1-8389-9acd9ea651f4" testListId="8c84fa94-04c1-424b-9868-57a2d4851a1d" />
    <TestEntry testId="095d6dd0-af79-23f1-2a95-1cd6880104d8" executionId="9e016a10-a21c-4da4-942e-d8a6b5d7e478" testListId="8c84fa94-04c1-424b-9868-57a2d4851a1d" />
    <TestEntry testId="1c38662e-55a7-e097-0a3a-baa494744ed5" executionId="763ec9ed-5237-43be-ae1b-8bd1397f8239" testListId="8c84fa94-04c1-424b-9868-57a2d4851a1d" />
    <TestEntry testId="0b301fc2-7737-e0dd-06a2-d2b548c3d8a9" executionId="7699a1cb-4f04-4ceb-88ac-bce3f30bd824" testListId="8c84fa94-04c1-424b-9868-57a2d4851a1d" />
    <TestEntry testId="6423e82c-5700-57ad-f1ab-875125f2e84d" executionId="ed409f53-e120-48b4-9729-c8e6028ce1c9" testListId="8c84fa94-04c1-424b-9868-57a2d4851a1d" />
    <TestEntry testId="14d84e07-19ee-9019-79ae-402894fba6a3" executionId="1db52ed9-bc7c-4b46-8369-8fb46516797d" testListId="8c84fa94-04c1-424b-9868-57a2d4851a1d" />
    <TestEntry testId="d0ca6976-d79d-1c7a-a005-b7065ebbe18e" executionId="92673a1f-ccf1-4da3-95a9-752433fc1437" testListId="8c84fa94-04c1-424b-9868-57a2d4851a1d" />
    <TestEntry testId="2f7fd739-353d-9a40-2152-76b0bf2dc7ae" executionId="d1ee8aba-18c4-40b7-8686-8836c564611a" testListId="8c84fa94-04c1-424b-9868-57a2d4851a1d" />
    <TestEntry testId="f921e8a7-bd25-2941-c06a-5a25716a9df2" executionId="111cad0d-442f-4274-be34-beece7155860" testListId="8c84fa94-04c1-424b-9868-57a2d4851a1d" />
    <TestEntry testId="41b9779c-26e8-6a03-6e6b-f6d8c6a0c2b0" executionId="03b83aa1-375b-4bcd-bbeb-cecf5b792695" testListId="8c84fa94-04c1-424b-9868-57a2d4851a1d" />
    <TestEntry testId="53bbd75a-5793-add0-2fcf-0b841a6da974" executionId="41c68261-bea7-452c-8bfe-b25f8e7ba185" testListId="8c84fa94-04c1-424b-9868-57a2d4851a1d" />
    <TestEntry testId="ffaaed94-d3ae-b7be-5ca7-67531d60557a" executionId="f5ffad44-cbba-4e6e-b6ee-a74e062d3af2" testListId="8c84fa94-04c1-424b-9868-57a2d4851a1d" />
    <TestEntry testId="9f81ec80-3d7d-a997-35a1-fedd58336999" executionId="54bf2197-6a74-4e98-9879-e9e60b3e057a" testListId="8c84fa94-04c1-424b-9868-57a2d4851a1d" />
    <TestEntry testId="8828564f-c896-be6d-26a1-353006221582" executionId="a9290e2e-0d1e-41de-9eb0-70c4725e9988" testListId="8c84fa94-04c1-424b-9868-57a2d4851a1d" />
    <TestEntry testId="5c903889-c618-6c74-6fe9-b37e93e43cc7" executionId="2f695822-6d93-464c-b2e1-d04134e43478" testListId="8c84fa94-04c1-424b-9868-57a2d4851a1d" />
    <TestEntry testId="155f171f-c973-ea94-9350-4e4ee4898f7f" executionId="7b8f0abd-859d-48c3-b225-92af775b2a67" testListId="8c84fa94-04c1-424b-9868-57a2d4851a1d" />
    <TestEntry testId="196c2c1b-f364-1912-b13d-dffdbd37ba7c" executionId="bf3224b6-56c5-4d54-beb8-e5852a755676" testListId="8c84fa94-04c1-424b-9868-57a2d4851a1d" />
    <TestEntry testId="3d1596d6-0886-a38c-f57c-4f468d129e02" executionId="afca4e2d-acd8-44c0-b42d-2b3fd0a034f5" testListId="8c84fa94-04c1-424b-9868-57a2d4851a1d" />
    <TestEntry testId="4d877ba2-bdef-a8e0-2bef-07b3fc58df5e" executionId="704d1ffd-2b4a-439f-bdd8-24bae0f14c71" testListId="8c84fa94-04c1-424b-9868-57a2d4851a1d" />
    <TestEntry testId="721698e9-ee47-aa09-8c06-c4c2132d680e" executionId="ce1b3948-5d26-465a-a63a-c2e5bb8abaf8" testListId="8c84fa94-04c1-424b-9868-57a2d4851a1d" />
    <TestEntry testId="309fc398-628d-be60-e824-213212b480ac" executionId="fa45c18b-f391-4bc3-9bd6-f214f24ebce7" testListId="8c84fa94-04c1-424b-9868-57a2d4851a1d" />
    <TestEntry testId="96ddabaf-3630-9121-0bc2-8f302d43c362" executionId="5a20d31e-050a-4f66-9dc8-7719ac58b01f" testListId="8c84fa94-04c1-424b-9868-57a2d4851a1d" />
    <TestEntry testId="dc3ff081-3e19-27f6-22e7-f4b30467fba4" executionId="0193e6f6-5b11-46a9-b9cc-9bd4afbaad59" testListId="8c84fa94-04c1-424b-9868-57a2d4851a1d" />
    <TestEntry testId="1a5ab69e-db87-93b3-ae22-1516cfd05303" executionId="5ce17cfc-9036-47c2-8593-33674f2e4981" testListId="8c84fa94-04c1-424b-9868-57a2d4851a1d" />
    <TestEntry testId="fac31d1e-01c5-26fc-0d47-600eeac60ee2" executionId="c7052cb3-5c8b-4306-9ba9-f3930303b5b3" testListId="8c84fa94-04c1-424b-9868-57a2d4851a1d" />
    <TestEntry testId="612e0a92-fe73-10b6-fc75-105f64942e2e" executionId="6b237d6e-2742-48d9-a7e1-056f58ee8826" testListId="8c84fa94-04c1-424b-9868-57a2d4851a1d" />
    <TestEntry testId="70bcd2bb-0bee-9e00-88b3-5a64ff40d7ee" executionId="64fa66f9-1653-4d83-8787-2594e9f82310" testListId="8c84fa94-04c1-424b-9868-57a2d4851a1d" />
    <TestEntry testId="9acb80f1-bb5a-7763-e845-57e8831a0353" executionId="5b151e80-d868-4e5d-a3db-267d59b43166" testListId="8c84fa94-04c1-424b-9868-57a2d4851a1d" />
    <TestEntry testId="8af3898b-96c2-d972-21b9-922a323df8c7" executionId="82ad8cae-34e6-42b3-830d-c8e068d5ce35" testListId="8c84fa94-04c1-424b-9868-57a2d4851a1d" />
    <TestEntry testId="ff3a4f7d-9525-c7fb-8156-f66c38000790" executionId="d499210e-c228-4c87-ab00-2aef0f4e502e" testListId="8c84fa94-04c1-424b-9868-57a2d4851a1d" />
    <TestEntry testId="e7023fcd-f4bf-c093-0909-5345e2427731" executionId="4952af3b-8b86-4557-b446-1407b1212b2b" testListId="8c84fa94-04c1-424b-9868-57a2d4851a1d" />
    <TestEntry testId="c03c9ee9-10d3-ca63-e7ab-ef9c2beb8f59" executionId="76a66d7a-2058-46e4-aa2c-16ad8675eff1" testListId="8c84fa94-04c1-424b-9868-57a2d4851a1d" />
    <TestEntry testId="8bc5adae-09a3-ea83-3558-148f11175fbb" executionId="821e00a6-db73-4c2a-9dd1-cd0c79f56e0b" testListId="8c84fa94-04c1-424b-9868-57a2d4851a1d" />
    <TestEntry testId="aaa25b39-bd59-16dc-0440-a30eb81061c0" executionId="2db0337a-0ac6-4484-b045-8a10a1f4db06" testListId="8c84fa94-04c1-424b-9868-57a2d4851a1d" />
    <TestEntry testId="fc5fbf16-c1d3-00e6-c265-579b6bdee8b4" executionId="b84bde6f-6074-46ac-9f12-bdc494d06d62" testListId="8c84fa94-04c1-424b-9868-57a2d4851a1d" />
    <TestEntry testId="8613f99d-ab01-720e-fe07-41d961a0c59f" executionId="f8e61193-868d-4f24-94e6-f9630f6f94f4" testListId="8c84fa94-04c1-424b-9868-57a2d4851a1d" />
    <TestEntry testId="dbf66767-8981-a4a1-b7fc-a04aa5e0b656" executionId="211826c7-d087-451b-8f21-c696217afc09" testListId="8c84fa94-04c1-424b-9868-57a2d4851a1d" />
  </TestEntries>
  <TestLists>
    <TestList name="Resultados sin formato de lista" id="8c84fa94-04c1-424b-9868-57a2d4851a1d" />
    <TestList name="Todos los resultados cargados" id="19431567-8539-422a-85d7-44ee4e166bda" />
  </TestLists>
  <ResultSummary outcome="Completed">
    <Counters total="58" executed="58" passed="58" failed="0" error="0" timeout="0" aborted="0" inconclusive="0" passedButRunAborted="0" notRunnable="0" notExecuted="0" disconnected="0" warning="0" completed="0" inProgress="0" pending="0" />
    <Output>
      <StdOut>[xUnit.net 00:00:00.00] xUnit.net VSTest Adapter v2.4.5+1caef2f33e (64-bit .NET 8.0.24)
[xUnit.net 00:00:00.68]   Discovering: CrudService.Infrastructure.Tests
[xUnit.net 00:00:00.76]   Discovered:  CrudService.Infrastructure.Tests
[xUnit.net 00:00:00.76]   Starting:    CrudService.Infrastructure.Tests
[xUnit.net 00:00:00.96]   Finished:    CrudService.Infrastructure.Tests
</StdOut>
    </Output>
  </ResultSummary>
</TestRun>