<?xml version="1.0" encoding="utf-8"?>
<TestRun id="8366554b-e27c-4a97-bf49-750c340817d1" name="@runnervm0kj6c 2026-03-09 05:36:14" xmlns="http://microsoft.com/schemas/VisualStudio/TeamTest/2010">
  <Times creation="2026-03-09T05:36:14.3990901+00:00" queuing="2026-03-09T05:36:14.3990902+00:00" start="2026-03-09T05:36:10.3378614+00:00" finish="2026-03-09T05:36:14.4485759+00:00" />
  <TestSettings name="default" id="8b09f299-1579-4539-9b26-fc39f0a0361d">
    <Deployment runDeploymentRoot="_runnervm0kj6c_2026-03-09_05_36_14" />
  </TestSettings>
  <Results>
    <UnitTestResult executionId="593008b0-7728-4609-bdca-34ebc67f86a7" testId="f1b195d8-067b-ac2c-172b-149e982790c7" testName="CrudService.Infrastructure.Tests.Integration.SseContractIntegrationTests.SseOutput_StatusValues_MatchExpectedJsonContract(status: &quot;released&quot;)" computerName="runnervm0kj6c" duration="00:00:00.0023186" startTime="2026-03-09T05:36:14.3722184+00:00" endTime="2026-03-09T05:36:14.3722185+00:00" testType="13cdc9d9-ddb5-4fa4-a97d-d965ccfc6d4b" outcome="Passed" testListId="8c84fa94-04c1-424b-9868-57a2d4851a1d" relativeResultsDirectory="593008b0-7728-4609-bdca-34ebc67f86a7" />
    <UnitTestResult executionId="665ec706-cb43-42c0-a561-63dec6773821" testId="2f7fd739-353d-9a40-2152-76b0bf2dc7ae" testName="CrudService.Infrastructure.Tests.Integration.SseContractIntegrationTests.FullFlow_DataIntegrity_PreservedEndToEnd(ticketId: 999999, status: &quot;paid&quot;)" computerName="runnervm0kj6c" duration="00:00:00.0601734" startTime="2026-03-09T05:36:14.3653572+00:00" endTime="2026-03-09T05:36:14.3653770+00:00" testType="13cdc9d9-ddb5-4fa4-a97d-d965ccfc6d4b" outcome="Passed" testListId="8c84fa94-04c1-424b-9868-57a2d4851a1d" relativeResultsDirectory="665ec706-cb43-42c0-a561-63dec6773821" />
    <UnitTestResult executionId="9e1e21b4-7035-48a3-8e70-541351496d38" testId="fac31d1e-01c5-26fc-0d47-600eeac60ee2" testName="CrudService.Infrastructure.Tests.Integration.SseContractIntegrationTests.PayloadContract_IncomingFieldsMapToSseOutput" computerName="runnervm0kj6c" duration="00:00:00.0014607" startTime="2026-03-09T05:36:14.3741767+00:00" endTime="2026-03-09T05:36:14.3741768+00:00" testType="13cdc9d9-ddb5-4fa4-a97d-d965ccfc6d4b" outcome="Passed" testListId="8c84fa94-04c1-424b-9868-57a2d4851a1d" relativeResultsDirectory="9e1e21b4-7035-48a3-8e70-541351496d38" />
    <UnitTestResult executionId="25a1e950-54fc-4c39-8a24-b5ba59d0fdd1" testId="964e1d7e-3f31-c88c-afb3-8be4c506288a" testName="CrudService.Infrastructure.Tests.Integration.SseContractIntegrationTests.SseFormat_FollowsServerSentEventsSpec" computerName="runnervm0kj6c" duration="00:00:00.0042745" startTime="2026-03-09T05:36:14.3697990+00:00" endTime="2026-03-09T05:36:14.3697990+00:00" testType="13cdc9d9-ddb5-4fa4-a97d-d965ccfc6d4b" outcome="Passed" testListId="8c84fa94-04c1-424b-9868-57a2d4851a1d" relativeResultsDirectory="25a1e950-54fc-4c39-8a24-b5ba59d0fdd1" />
    <UnitTestResult executionId="a6836db8-106c-40cb-85d2-0a5d87512163" testId="529f308b-aa43-554f-1239-eb6e0b060cf0" testName="CrudService.Infrastructure.Tests.Integration.SseContractIntegrationTests.FullFlow_DataIntegrity_PreservedEndToEnd(ticketId: 0, status: &quot;reserved&quot;)" computerName="runnervm0kj6c" duration="00:00:00.0000444" startTime="2026-03-09T05:36:14.3687356+00:00" endTime="2026-03-09T05:36:14.3687357+00:00" testType="13cdc9d9-ddb5-4fa4-a97d-d965ccfc6d4b" outcome="Passed" testListId="8c84fa94-04c1-424b-9868-57a2d4851a1d" relativeResultsDirectory="a6836db8-106c-40cb-85d2-0a5d87512163" />
    <UnitTestResult executionId="1e4b61d7-c49b-4955-8fe4-7ee019a43ef6" testId="fc5fbf16-c1d3-00e6-c265-579b6bdee8b4" testName="CrudService.Infrastructure.Tests.Integration.SseContractIntegrationTests.SseOutput_StatusValues_MatchExpectedJsonContract(status: &quot;paid&quot;)" computerName="runnervm0kj6c" duration="00:00:00.0002761" startTime="2026-03-09T05:36:14.3725619+00:00" endTime="2026-03-09T05:36:14.3725619+00:00" testType="13cdc9d9-ddb5-4fa4-a97d-d965ccfc6d4b" outcome="Passed" testListId="8c84fa94-04c1-424b-9868-57a2d4851a1d" relativeResultsDirectory="1e4b61d7-c49b-4955-8fe4-7ee019a43ef6" />
    <UnitTestResult executionId="98af65c2-a66d-4699-a4b2-ca56fc86cb95" testId="5c903889-c618-6c74-6fe9-b37e93e43cc7" testName="CrudService.Infrastructure.Tests.Integration.SseContractIntegrationTests.Pipeline_Resilience_InvalidMessagesDoNotCorruptState" computerName="runnervm0kj6c" duration="00:00:00.0012177" startTime="2026-03-09T05:36:14.3841915+00:00" endTime="2026-03-09T05:36:14.3841917+00:00" testType="13cdc9d9-ddb5-4fa4-a97d-d965ccfc6d4b" outcome="Passed" testListId="8c84fa94-04c1-424b-9868-57a2d4851a1d" relativeResultsDirectory="98af65c2-a66d-4699-a4b2-ca56fc86cb95" />
    <UnitTestResult executionId="9b40849f-fe81-42ee-bfe6-6b2a9e902b53" testId="1aceda49-5adb-0a75-131e-af2993017513" testName="CrudService.Infrastructure.Tests.Integration.SseContractIntegrationTests.FullFlow_DataIntegrity_PreservedEndToEnd(ticketId: 1, status: &quot;released&quot;)" computerName="runnervm0kj6c" duration="00:00:00.0005209" startTime="2026-03-09T05:36:14.3683255+00:00" endTime="2026-03-09T05:36:14.3683256+00:00" testType="13cdc9d9-ddb5-4fa4-a97d-d965ccfc6d4b" outcome="Passed" testListId="8c84fa94-04c1-424b-9868-57a2d4851a1d" relativeResultsDirectory="9b40849f-fe81-42ee-bfe6-6b2a9e902b53" />
    <UnitTestResult executionId="1620ea2c-d717-4896-a107-fa823d35851f" testId="aaa25b39-bd59-16dc-0440-a30eb81061c0" testName="CrudService.Infrastructure.Tests.Integration.SseContractIntegrationTests.SseOutput_FieldNames_AreCamelCasePerContract" computerName="runnervm0kj6c" duration="00:00:00.0004634" startTime="2026-03-09T05:36:14.3747211+00:00" endTime="2026-03-09T05:36:14.3747211+00:00" testType="13cdc9d9-ddb5-4fa4-a97d-d965ccfc6d4b" outcome="Passed" testListId="8c84fa94-04c1-424b-9868-57a2d4851a1d" relativeResultsDirectory="1620ea2c-d717-4896-a107-fa823d35851f" />
    <UnitTestResult executionId="9836045d-6eba-4afc-8a2d-4a1ca0819994" testId="309fc398-628d-be60-e824-213212b480ac" testName="CrudService.Infrastructure.Tests.Integration.SseContractIntegrationTests.SseOutput_StatusValues_MatchExpectedJsonContract(status: &quot;reserved&quot;)" computerName="runnervm0kj6c" duration="00:00:00.0000528" startTime="2026-03-09T05:36:14.3726569+00:00" endTime="2026-03-09T05:36:14.3726569+00:00" testType="13cdc9d9-ddb5-4fa4-a97d-d965ccfc6d4b" outcome="Passed" testListId="8c84fa94-04c1-424b-9868-57a2d4851a1d" relativeResultsDirectory="9836045d-6eba-4afc-8a2d-4a1ca0819994" />
  </Results>
  <TestDefinitions>
    <UnitTest name="CrudService.Infrastructure.Tests.Integration.SseContractIntegrationTests.FullFlow_DataIntegrity_PreservedEndToEnd(ticketId: 0, status: &quot;reserved&quot;)" storage="/home/runner/work/ticketing_project_week1/ticketing_project_week1/crud_service/tests/crudservice.infrastructure.tests/bin/release/net8.0/crudservice.infrastructure.tests.dll" id="529f308b-aa43-554f-1239-eb6e0b060cf0">
      <Execution id="a6836db8-106c-40cb-85d2-0a5d87512163" />
      <TestMethod codeBase="/home/runner/work/ticketing_project_week1/ticketing_project_week1/crud_service/tests/CrudService.Infrastructure.Tests/bin/Release/net8.0/CrudService.Infrastructure.Tests.dll" adapterTypeName="executor://xunit/VsTestRunner2/netcoreapp" className="CrudService.Infrastructure.Tests.Integration.SseContractIntegrationTests" name="FullFlow_DataIntegrity_PreservedEndToEnd" />
    </UnitTest>
    <UnitTest name="CrudService.Infrastructure.Tests.Integration.SseContractIntegrationTests.FullFlow_DataIntegrity_PreservedEndToEnd(ticketId: 999999, status: &quot;paid&quot;)" storage="/home/runner/work/ticketing_project_week1/ticketing_project_week1/crud_service/tests/crudservice.infrastructure.tests/bin/release/net8.0/crudservice.infrastructure.tests.dll" id="2f7fd739-353d-9a40-2152-76b0bf2dc7ae">
      <Execution id="665ec706-cb43-42c0-a561-63dec6773821" />
      <TestMethod codeBase="/home/runner/work/ticketing_project_week1/ticketing_project_week1/crud_service/tests/CrudService.Infrastructure.Tests/bin/Release/net8.0/CrudService.Infrastructure.Tests.dll" adapterTypeName="executor://xunit/VsTestRunner2/netcoreapp" className="CrudService.Infrastructure.Tests.Integration.SseContractIntegrationTests" name="FullFlow_DataIntegrity_PreservedEndToEnd" />
    </UnitTest>
    <UnitTest name="CrudService.Infrastructure.Tests.Integration.SseContractIntegrationTests.Pipeline_Resilience_InvalidMessagesDoNotCorruptState" storage="/home/runner/work/ticketing_project_week1/ticketing_project_week1/crud_service/tests/crudservice.infrastructure.tests/bin/release/net8.0/crudservice.infrastructure.tests.dll" id="5c903889-c618-6c74-6fe9-b37e93e43cc7">
      <Execution id="98af65c2-a66d-4699-a4b2-ca56fc86cb95" />
      <TestMethod codeBase="/home/runner/work/ticketing_project_week1/ticketing_project_week1/crud_service/tests/CrudService.Infrastructure.Tests/bin/Release/net8.0/CrudService.Infrastructure.Tests.dll" adapterTypeName="executor://xunit/VsTestRunner2/netcoreapp" className="CrudService.Infrastructure.Tests.Integration.SseContractIntegrationTests" name="Pipeline_Resilience_InvalidMessagesDoNotCorruptState" />
    </UnitTest>
    <UnitTest name="CrudService.Infrastructure.Tests.Integration.SseContractIntegrationTests.SseFormat_FollowsServerSentEventsSpec" storage="/home/runner/work/ticketing_project_week1/ticketing_project_week1/crud_service/tests/crudservice.infrastructure.tests/bin/release/net8.0/crudservice.infrastructure.tests.dll" id="964e1d7e-3f31-c88c-afb3-8be4c506288a">
      <Execution id="25a1e950-54fc-4c39-8a24-b5ba59d0fdd1" />
      <TestMethod codeBase="/home/runner/work/ticketing_project_week1/ticketing_project_week1/crud_service/tests/CrudService.Infrastructure.Tests/bin/Release/net8.0/CrudService.Infrastructure.Tests.dll" adapterTypeName="executor://xunit/VsTestRunner2/netcoreapp" className="CrudService.Infrastructure.Tests.Integration.SseContractIntegrationTests" name="SseFormat_FollowsServerSentEventsSpec" />
    </UnitTest>
    <UnitTest name="CrudService.Infrastructure.Tests.Integration.SseContractIntegrationTests.SseOutput_StatusValues_MatchExpectedJsonContract(status: &quot;paid&quot;)" storage="/home/runner/work/ticketing_project_week1/ticketing_project_week1/crud_service/tests/crudservice.infrastructure.tests/bin/release/net8.0/crudservice.infrastructure.tests.dll" id="fc5fbf16-c1d3-00e6-c265-579b6bdee8b4">
      <Execution id="1e4b61d7-c49b-4955-8fe4-7ee019a43ef6" />
      <TestMethod codeBase="/home/runner/work/ticketing_project_week1/ticketing_project_week1/crud_service/tests/CrudService.Infrastructure.Tests/bin/Release/net8.0/CrudService.Infrastructure.Tests.dll" adapterTypeName="executor://xunit/VsTestRunner2/netcoreapp" className="CrudService.Infrastructure.Tests.Integration.SseContractIntegrationTests" name="SseOutput_StatusValues_MatchExpectedJsonContract" />
    </UnitTest>
    <UnitTest name="CrudService.Infrastructure.Tests.Integration.SseContractIntegrationTests.SseOutput_StatusValues_MatchExpectedJsonContract(status: &quot;released&quot;)" storage="/home/runner/work/ticketing_project_week1/ticketing_project_week1/crud_service/tests/crudservice.infrastructure.tests/bin/release/net8.0/crudservice.infrastructure.tests.dll" id="f1b195d8-067b-ac2c-172b-149e982790c7">
      <Execution id="593008b0-7728-4609-bdca-34ebc67f86a7" />
      <TestMethod codeBase="/home/runner/work/ticketing_project_week1/ticketing_project_week1/crud_service/tests/CrudService.Infrastructure.Tests/bin/Release/net8.0/CrudService.Infrastructure.Tests.dll" adapterTypeName="executor://xunit/VsTestRunner2/netcoreapp" className="CrudService.Infrastructure.Tests.Integration.SseContractIntegrationTests" name="SseOutput_StatusValues_MatchExpectedJsonContract" />
    </UnitTest>
    <UnitTest name="CrudService.Infrastructure.Tests.Integration.SseContractIntegrationTests.FullFlow_DataIntegrity_PreservedEndToEnd(ticketId: 1, status: &quot;released&quot;)" storage="/home/runner/work/ticketing_project_week1/ticketing_project_week1/crud_service/tests/crudservice.infrastructure.tests/bin/release/net8.0/crudservice.infrastructure.tests.dll" id="1aceda49-5adb-0a75-131e-af2993017513">
      <Execution id="9b40849f-fe81-42ee-bfe6-6b2a9e902b53" />
      <TestMethod codeBase="/home/runner/work/ticketing_project_week1/ticketing_project_week1/crud_service/tests/CrudService.Infrastructure.Tests/bin/Release/net8.0/CrudService.Infrastructure.Tests.dll" adapterTypeName="executor://xunit/VsTestRunner2/netcoreapp" className="CrudService.Infrastructure.Tests.Integration.SseContractIntegrationTests" name="FullFlow_DataIntegrity_PreservedEndToEnd" />
    </UnitTest>
    <UnitTest name="CrudService.Infrastructure.Tests.Integration.SseContractIntegrationTests.PayloadContract_IncomingFieldsMapToSseOutput" storage="/home/runner/work/ticketing_project_week1/ticketing_project_week1/crud_service/tests/crudservice.infrastructure.tests/bin/release/net8.0/crudservice.infrastructure.tests.dll" id="fac31d1e-01c5-26fc-0d47-600eeac60ee2">
      <Execution id="9e1e21b4-7035-48a3-8e70-541351496d38" />
      <TestMethod codeBase="/home/runner/work/ticketing_project_week1/ticketing_project_week1/crud_service/tests/CrudService.Infrastructure.Tests/bin/Release/net8.0/CrudService.Infrastructure.Tests.dll" adapterTypeName="executor://xunit/VsTestRunner2/netcoreapp" className="CrudService.Infrastructure.Tests.Integration.SseContractIntegrationTests" name="PayloadContract_IncomingFieldsMapToSseOutput" />
    </UnitTest>
    <UnitTest name="CrudService.Infrastructure.Tests.Integration.SseContractIntegrationTests.SseOutput_StatusValues_MatchExpectedJsonContract(status: &quot;reserved&quot;)" storage="/home/runner/work/ticketing_project_week1/ticketing_project_week1/crud_service/tests/crudservice.infrastructure.tests/bin/release/net8.0/crudservice.infrastructure.tests.dll" id="309fc398-628d-be60-e824-213212b480ac">
      <Execution id="9836045d-6eba-4afc-8a2d-4a1ca0819994" />
      <TestMethod codeBase="/home/runner/work/ticketing_project_week1/ticketing_project_week1/crud_service/tests/CrudService.Infrastructure.Tests/bin/Release/net8.0/CrudService.Infrastructure.Tests.dll" adapterTypeName="executor://xunit/VsTestRunner2/netcoreapp" className="CrudService.Infrastructure.Tests.Integration.SseContractIntegrationTests" name="SseOutput_StatusValues_MatchExpectedJsonContract" />
    </UnitTest>
    <UnitTest name="CrudService.Infrastructure.Tests.Integration.SseContractIntegrationTests.SseOutput_FieldNames_AreCamelCasePerContract" storage="/home/runner/work/ticketing_project_week1/ticketing_project_week1/crud_service/tests/crudservice.infrastructure.tests/bin/release/net8.0/crudservice.infrastructure.tests.dll" id="aaa25b39-bd59-16dc-0440-a30eb81061c0">
      <Execution id="1620ea2c-d717-4896-a107-fa823d35851f" />
      <TestMethod codeBase="/home/runner/work/ticketing_project_week1/ticketing_project_week1/crud_service/tests/CrudService.Infrastructure.Tests/bin/Release/net8.0/CrudService.Infrastructure.Tests.dll" adapterTypeName="executor://xunit/VsTestRunner2/netcoreapp" className="CrudService.Infrastructure.Tests.Integration.SseContractIntegrationTests" name="SseOutput_FieldNames_AreCamelCasePerContract" />
    </UnitTest>
  </TestDefinitions>
  <TestEntries>
    <TestEntry testId="f1b195d8-067b-ac2c-172b-149e982790c7" executionId="593008b0-7728-4609-bdca-34ebc67f86a7" testListId="8c84fa94-04c1-424b-9868-57a2d4851a1d" />
    <TestEntry testId="2f7fd739-353d-9a40-2152-76b0bf2dc7ae" executionId="665ec706-cb43-42c0-a561-63dec6773821" testListId="8c84fa94-04c1-424b-9868-57a2d4851a1d" />
    <TestEntry testId="fac31d1e-01c5-26fc-0d47-600eeac60ee2" executionId="9e1e21b4-7035-48a3-8e70-541351496d38" testListId="8c84fa94-04c1-424b-9868-57a2d4851a1d" />
    <TestEntry testId="964e1d7e-3f31-c88c-afb3-8be4c506288a" executionId="25a1e950-54fc-4c39-8a24-b5ba59d0fdd1" testListId="8c84fa94-04c1-424b-9868-57a2d4851a1d" />
    <TestEntry testId="529f308b-aa43-554f-1239-eb6e0b060cf0" executionId="a6836db8-106c-40cb-85d2-0a5d87512163" testListId="8c84fa94-04c1-424b-9868-57a2d4851a1d" />
    <TestEntry testId="fc5fbf16-c1d3-00e6-c265-579b6bdee8b4" executionId="1e4b61d7-c49b-4955-8fe4-7ee019a43ef6" testListId="8c84fa94-04c1-424b-9868-57a2d4851a1d" />
    <TestEntry testId="5c903889-c618-6c74-6fe9-b37e93e43cc7" executionId="98af65c2-a66d-4699-a4b2-ca56fc86cb95" testListId="8c84fa94-04c1-424b-9868-57a2d4851a1d" />
    <TestEntry testId="1aceda49-5adb-0a75-131e-af2993017513" executionId="9b40849f-fe81-42ee-bfe6-6b2a9e902b53" testListId="8c84fa94-04c1-424b-9868-57a2d4851a1d" />
    <TestEntry testId="aaa25b39-bd59-16dc-0440-a30eb81061c0" executionId="1620ea2c-d717-4896-a107-fa823d35851f" testListId="8c84fa94-04c1-424b-9868-57a2d4851a1d" />
    <TestEntry testId="309fc398-628d-be60-e824-213212b480ac" executionId="9836045d-6eba-4afc-8a2d-4a1ca0819994" testListId="8c84fa94-04c1-424b-9868-57a2d4851a1d" />
  </TestEntries>
  <TestLists>
    <TestList name="Results Not in a List" id="8c84fa94-04c1-424b-9868-57a2d4851a1d" />
    <TestList name="All Loaded Results" id="19431567-8539-422a-85d7-44ee4e166bda" />
  </TestLists>
  <ResultSummary outcome="Completed">
    <Counters total="10" executed="10" passed="10" failed="0" error="0" timeout="0" aborted="0" inconclusive="0" passedButRunAborted="0" notRunnable="0" notExecuted="0" disconnected="0" warning="0" completed="0" inProgress="0" pending="0" />
    <Output>
      <StdOut>[xUnit.net 00:00:00.00] xUnit.net VSTest Adapter v2.4.5+1caef2f33e (64-bit .NET 8.0.24)
[xUnit.net 00:00:01.51]   Discovering: CrudService.Infrastructure.Tests
[xUnit.net 00:00:01.62]   Discovered:  CrudService.Infrastructure.Tests
[xUnit.net 00:00:01.63]   Starting:    CrudService.Infrastructure.Tests
[xUnit.net 00:00:01.75]   Finished:    CrudService.Infrastructure.Tests
</StdOut>
    </Output>
  </ResultSummary>
</TestRun>