<?xml version="1.0" encoding="utf-8"?>
<TestRun id="61d5138c-16ff-451e-8ba6-8890f9a63b0b" name="@psofka0487 2026-03-01 18:35:57" xmlns="http://microsoft.com/schemas/VisualStudio/TeamTest/2010">
  <Times creation="2026-03-01T18:35:57.6351202-05:00" queuing="2026-03-01T18:35:57.6351203-05:00" start="2026-03-01T18:35:56.6543350-05:00" finish="2026-03-01T18:35:57.6363181-05:00" />
  <TestSettings name="default" id="bbe761b1-47f1-4c95-8e7f-4388edc1c684">
    <Deployment runDeploymentRoot="_psofka0487_2026-03-01_18_35_57" />
  </TestSettings>
  <TestLists>
    <TestList name="Resultados sin formato de lista" id="8c84fa94-04c1-424b-9868-57a2d4851a1d" />
    <TestList name="Todos los resultados cargados" id="19431567-8539-422a-85d7-44ee4e166bda" />
  </TestLists>
  <ResultSummary outcome="Completed">
    <Counters total="0" executed="0" passed="0" failed="0" error="0" timeout="0" aborted="0" inconclusive="0" passedButRunAborted="0" notRunnable="0" notExecuted="0" disconnected="0" warning="0" completed="0" inProgress="0" pending="0" />
    <Output>
      <StdOut>[xUnit.net 00:00:00.00] xUnit.net VSTest Adapter v2.5.6+bf9b858c26 (64-bit .NET 8.0.24)
[xUnit.net 00:00:00.11]   Discovering: ReservationService.Infrastructure.Tests
[xUnit.net 00:00:00.11]   Discovered:  ReservationService.Infrastructure.Tests
</StdOut>
    </Output>
    <RunInfos>
      <RunInfo computerName="psofka0487" outcome="Warning" timestamp="2026-03-01T18:35:57.5067406-05:00">
        <Text>No hay ninguna prueba disponible en /home/jorge-ruiz/Documentos/Sofka/MVP TicketRush/ticketing_project_week0/ReservationService/tests/ReservationService.Infrastructure.Tests/bin/Debug/net8.0/ReservationService.Infrastructure.Tests.dll. Asegúrese de que los detectores y ejecutores de pruebas están registrados y de que la configuración de versión de la plataforma y de Framework es correcta y vuelva a intentarlo.</Text>
      </RunInfo>
    </RunInfos>
  </ResultSummary>
</TestRun>