<?xml version="1.0" encoding="utf-8"?>
<TestRun id="4654cf8f-c9cc-4434-9256-b4244797d5ec" name="@runnervm0kj6c 2026-03-09 05:36:10" xmlns="http://microsoft.com/schemas/VisualStudio/TeamTest/2010">
  <Times creation="2026-03-09T05:36:10.4446604+00:00" queuing="2026-03-09T05:36:10.4446606+00:00" start="2026-03-09T05:36:07.5111558+00:00" finish="2026-03-09T05:36:10.4516891+00:00" />
  <TestSettings name="default" id="93dcdd31-5f82-4214-afc9-7f7658411f33">
    <Deployment runDeploymentRoot="_runnervm0kj6c_2026-03-09_05_36_10" />
  </TestSettings>
  <Results>
    <UnitTestResult executionId="4d026184-8e4b-47af-9e48-522b4c4ac014" testId="a01f38a9-b90a-d80d-0bce-92a501460bb6" testName="ReservationService.Application.Tests.ProcessExpirationCommandHandlerTests.HandleAsync_PaidTicket_ReturnsNoOp" computerName="runnervm0kj6c" duration="00:00:00.0053078" startTime="2026-03-09T05:36:10.3224732+00:00" endTime="2026-03-09T05:36:10.3224732+00:00" testType="13cdc9d9-ddb5-4fa4-a97d-d965ccfc6d4b" outcome="Passed" testListId="8c84fa94-04c1-424b-9868-57a2d4851a1d" relativeResultsDirectory="4d026184-8e4b-47af-9e48-522b4c4ac014" />
    <UnitTestResult executionId="1dd3ff8d-3c28-4a3c-89f9-60cf00f5e688" testId="851b1e42-0f20-c409-7d41-b09488fc00ec" testName="ReservationService.Application.Tests.ProcessExpirationCommandHandlerTests.HandleAsync_AlreadyReleasedTicket_ReturnsIdempotentNoOp" computerName="runnervm0kj6c" duration="00:00:00.0007695" startTime="2026-03-09T05:36:10.3225553+00:00" endTime="2026-03-09T05:36:10.3225554+00:00" testType="13cdc9d9-ddb5-4fa4-a97d-d965ccfc6d4b" outcome="Passed" testListId="8c84fa94-04c1-424b-9868-57a2d4851a1d" relativeResultsDirectory="1dd3ff8d-3c28-4a3c-89f9-60cf00f5e688" />
    <UnitTestResult executionId="e93d7dc8-cdd4-4ad0-abdb-0a3a7f3a8e70" testId="ea27eec9-c266-7752-075b-b95bf80bdafa" testName="ReservationService.Application.Tests.ProcessReservationCommandHandlerTests.HandleAsync_TicketNotFound_ReturnsFailure" computerName="runnervm0kj6c" duration="00:00:00.0020973" startTime="2026-03-09T05:36:10.3219211+00:00" endTime="2026-03-09T05:36:10.3219212+00:00" testType="13cdc9d9-ddb5-4fa4-a97d-d965ccfc6d4b" outcome="Passed" testListId="8c84fa94-04c1-424b-9868-57a2d4851a1d" relativeResultsDirectory="e93d7dc8-cdd4-4ad0-abdb-0a3a7f3a8e70" />
    <UnitTestResult executionId="b757763b-0f5d-4901-aa56-bcf56aa1eeeb" testId="a1b0f722-ccb3-d4db-8365-9dd8a77ec3f0" testName="ReservationService.Application.Tests.ProcessExpirationCommandHandlerTests.HandleAsync_RepositoryThrows_ReturnsTechnicalFailure" computerName="runnervm0kj6c" duration="00:00:00.0179318" startTime="2026-03-09T05:36:10.3402756+00:00" endTime="2026-03-09T05:36:10.3402757+00:00" testType="13cdc9d9-ddb5-4fa4-a97d-d965ccfc6d4b" outcome="Passed" testListId="8c84fa94-04c1-424b-9868-57a2d4851a1d" relativeResultsDirectory="b757763b-0f5d-4901-aa56-bcf56aa1eeeb" />
    <UnitTestResult executionId="dd8e36de-086d-436b-ad18-71829b52fd6e" testId="153dc984-ce57-1e4e-d1c0-5c1f1f067503" testName="ReservationService.Application.Tests.ProcessExpirationCommandHandlerTests.HandleAsync_ConcurrentModification_ReturnsFailure" computerName="runnervm0kj6c" duration="00:00:00.1270360" startTime="2026-03-09T05:36:10.3167416+00:00" endTime="2026-03-09T05:36:10.3167746+00:00" testType="13cdc9d9-ddb5-4fa4-a97d-d965ccfc6d4b" outcome="Passed" testListId="8c84fa94-04c1-424b-9868-57a2d4851a1d" relativeResultsDirectory="dd8e36de-086d-436b-ad18-71829b52fd6e" />
    <UnitTestResult executionId="1f9bdcd4-1df1-4ae6-a5e9-fc74edca6917" testId="dcee8225-e9e6-f8d9-9ce7-e4ba20bf0fea" testName="ReservationService.Application.Tests.ProcessExpirationCommandHandlerTests.HandleAsync_ReservedTicket_ReleasesAndReturnsStatusChanged" computerName="runnervm0kj6c" duration="00:00:00.0012505" startTime="2026-03-09T05:36:10.3415974+00:00" endTime="2026-03-09T05:36:10.3415974+00:00" testType="13cdc9d9-ddb5-4fa4-a97d-d965ccfc6d4b" outcome="Passed" testListId="8c84fa94-04c1-424b-9868-57a2d4851a1d" relativeResultsDirectory="1f9bdcd4-1df1-4ae6-a5e9-fc74edca6917" />
    <UnitTestResult executionId="d9a19eac-a639-49a6-bf1c-f58bb30b7a45" testId="5b8a3290-e5e5-fa7a-e233-0b6484c6e538" testName="ReservationService.Application.Tests.ProcessReservationCommandHandlerTests.HandleAsync_ConcurrentModification_ReturnsFailure" computerName="runnervm0kj6c" duration="00:00:00.0008382" startTime="2026-03-09T05:36:10.3223807+00:00" endTime="2026-03-09T05:36:10.3223808+00:00" testType="13cdc9d9-ddb5-4fa4-a97d-d965ccfc6d4b" outcome="Passed" testListId="8c84fa94-04c1-424b-9868-57a2d4851a1d" relativeResultsDirectory="d9a19eac-a639-49a6-bf1c-f58bb30b7a45" />
    <UnitTestResult executionId="d762aaab-8169-4e0b-92cd-452edd5c6728" testId="7e16d553-1f03-47a8-6140-d8fc1fb6b94b" testName="ReservationService.Application.Tests.ProcessReservationCommandHandlerTests.HandleAsync_AvailableTicket_ReturnsSuccess" computerName="runnervm0kj6c" duration="00:00:00.1289190" startTime="2026-03-09T05:36:10.3202885+00:00" endTime="2026-03-09T05:36:10.3202886+00:00" testType="13cdc9d9-ddb5-4fa4-a97d-d965ccfc6d4b" outcome="Passed" testListId="8c84fa94-04c1-424b-9868-57a2d4851a1d" relativeResultsDirectory="d762aaab-8169-4e0b-92cd-452edd5c6728" />
    <UnitTestResult executionId="2ba589bd-b3ea-461a-97db-92b290b9fc52" testId="e99d0590-7c8f-e39d-1d9a-1cd010aa6086" testName="ReservationService.Application.Tests.ProcessReservationCommandHandlerTests.HandleAsync_TicketAlreadyReserved_ReturnsFailure" computerName="runnervm0kj6c" duration="00:00:00.0033328" startTime="2026-03-09T05:36:10.3226469+00:00" endTime="2026-03-09T05:36:10.3226469+00:00" testType="13cdc9d9-ddb5-4fa4-a97d-d965ccfc6d4b" outcome="Passed" testListId="8c84fa94-04c1-424b-9868-57a2d4851a1d" relativeResultsDirectory="2ba589bd-b3ea-461a-97db-92b290b9fc52" />
  </Results>
  <TestDefinitions>
    <UnitTest name="ReservationService.Application.Tests.ProcessReservationCommandHandlerTests.HandleAsync_AvailableTicket_ReturnsSuccess" storage="/home/runner/work/ticketing_project_week1/ticketing_project_week1/reservationservice/tests/reservationservice.application.tests/bin/release/net8.0/reservationservice.application.tests.dll" id="7e16d553-1f03-47a8-6140-d8fc1fb6b94b">
      <Execution id="d762aaab-8169-4e0b-92cd-452edd5c6728" />
      <TestMethod codeBase="/home/runner/work/ticketing_project_week1/ticketing_project_week1/ReservationService/tests/ReservationService.Application.Tests/bin/Release/net8.0/ReservationService.Application.Tests.dll" adapterTypeName="executor://xunit/VsTestRunner2/netcoreapp" className="ReservationService.Application.Tests.ProcessReservationCommandHandlerTests" name="HandleAsync_AvailableTicket_ReturnsSuccess" />
    </UnitTest>
    <UnitTest name="ReservationService.Application.Tests.ProcessExpirationCommandHandlerTests.HandleAsync_ReservedTicket_ReleasesAndReturnsStatusChanged" storage="/home/runner/work/ticketing_project_week1/ticketing_project_week1/reservationservice/tests/reservationservice.application.tests/bin/release/net8.0/reservationservice.application.tests.dll" id="dcee8225-e9e6-f8d9-9ce7-e4ba20bf0fea">
      <Execution id="1f9bdcd4-1df1-4ae6-a5e9-fc74edca6917" />
      <TestMethod codeBase="/home/runner/work/ticketing_project_week1/ticketing_project_week1/ReservationService/tests/ReservationService.Application.Tests/bin/Release/net8.0/ReservationService.Application.Tests.dll" adapterTypeName="executor://xunit/VsTestRunner2/netcoreapp" className="ReservationService.Application.Tests.ProcessExpirationCommandHandlerTests" name="HandleAsync_ReservedTicket_ReleasesAndReturnsStatusChanged" />
    </UnitTest>
    <UnitTest name="ReservationService.Application.Tests.ProcessExpirationCommandHandlerTests.HandleAsync_ConcurrentModification_ReturnsFailure" storage="/home/runner/work/ticketing_project_week1/ticketing_project_week1/reservationservice/tests/reservationservice.application.tests/bin/release/net8.0/reservationservice.application.tests.dll" id="153dc984-ce57-1e4e-d1c0-5c1f1f067503">
      <Execution id="dd8e36de-086d-436b-ad18-71829b52fd6e" />
      <TestMethod codeBase="/home/runner/work/ticketing_project_week1/ticketing_project_week1/ReservationService/tests/ReservationService.Application.Tests/bin/Release/net8.0/ReservationService.Application.Tests.dll" adapterTypeName="executor://xunit/VsTestRunner2/netcoreapp" className="ReservationService.Application.Tests.ProcessExpirationCommandHandlerTests" name="HandleAsync_ConcurrentModification_ReturnsFailure" />
    </UnitTest>
    <UnitTest name="ReservationService.Application.Tests.ProcessExpirationCommandHandlerTests.HandleAsync_RepositoryThrows_ReturnsTechnicalFailure" storage="/home/runner/work/ticketing_project_week1/ticketing_project_week1/reservationservice/tests/reservationservice.application.tests/bin/release/net8.0/reservationservice.application.tests.dll" id="a1b0f722-ccb3-d4db-8365-9dd8a77ec3f0">
      <Execution id="b757763b-0f5d-4901-aa56-bcf56aa1eeeb" />
      <TestMethod codeBase="/home/runner/work/ticketing_project_week1/ticketing_project_week1/ReservationService/tests/ReservationService.Application.Tests/bin/Release/net8.0/ReservationService.Application.Tests.dll" adapterTypeName="executor://xunit/VsTestRunner2/netcoreapp" className="ReservationService.Application.Tests.ProcessExpirationCommandHandlerTests" name="HandleAsync_RepositoryThrows_ReturnsTechnicalFailure" />
    </UnitTest>
    <UnitTest name="ReservationService.Application.Tests.ProcessReservationCommandHandlerTests.HandleAsync_ConcurrentModification_ReturnsFailure" storage="/home/runner/work/ticketing_project_week1/ticketing_project_week1/reservationservice/tests/reservationservice.application.tests/bin/release/net8.0/reservationservice.application.tests.dll" id="5b8a3290-e5e5-fa7a-e233-0b6484c6e538">
      <Execution id="d9a19eac-a639-49a6-bf1c-f58bb30b7a45" />
      <TestMethod codeBase="/home/runner/work/ticketing_project_week1/ticketing_project_week1/ReservationService/tests/ReservationService.Application.Tests/bin/Release/net8.0/ReservationService.Application.Tests.dll" adapterTypeName="executor://xunit/VsTestRunner2/netcoreapp" className="ReservationService.Application.Tests.ProcessReservationCommandHandlerTests" name="HandleAsync_ConcurrentModification_ReturnsFailure" />
    </UnitTest>
    <UnitTest name="ReservationService.Application.Tests.ProcessExpirationCommandHandlerTests.HandleAsync_PaidTicket_ReturnsNoOp" storage="/home/runner/work/ticketing_project_week1/ticketing_project_week1/reservationservice/tests/reservationservice.application.tests/bin/release/net8.0/reservationservice.application.tests.dll" id="a01f38a9-b90a-d80d-0bce-92a501460bb6">
      <Execution id="4d026184-8e4b-47af-9e48-522b4c4ac014" />
      <TestMethod codeBase="/home/runner/work/ticketing_project_week1/ticketing_project_week1/ReservationService/tests/ReservationService.Application.Tests/bin/Release/net8.0/ReservationService.Application.Tests.dll" adapterTypeName="executor://xunit/VsTestRunner2/netcoreapp" className="ReservationService.Application.Tests.ProcessExpirationCommandHandlerTests" name="HandleAsync_PaidTicket_ReturnsNoOp" />
    </UnitTest>
    <UnitTest name="ReservationService.Application.Tests.ProcessReservationCommandHandlerTests.HandleAsync_TicketAlreadyReserved_ReturnsFailure" storage="/home/runner/work/ticketing_project_week1/ticketing_project_week1/reservationservice/tests/reservationservice.application.tests/bin/release/net8.0/reservationservice.application.tests.dll" id="e99d0590-7c8f-e39d-1d9a-1cd010aa6086">
      <Execution id="2ba589bd-b3ea-461a-97db-92b290b9fc52" />
      <TestMethod codeBase="/home/runner/work/ticketing_project_week1/ticketing_project_week1/ReservationService/tests/ReservationService.Application.Tests/bin/Release/net8.0/ReservationService.Application.Tests.dll" adapterTypeName="executor://xunit/VsTestRunner2/netcoreapp" className="ReservationService.Application.Tests.ProcessReservationCommandHandlerTests" name="HandleAsync_TicketAlreadyReserved_ReturnsFailure" />
    </UnitTest>
    <UnitTest name="ReservationService.Application.Tests.ProcessReservationCommandHandlerTests.HandleAsync_TicketNotFound_ReturnsFailure" storage="/home/runner/work/ticketing_project_week1/ticketing_project_week1/reservationservice/tests/reservationservice.application.tests/bin/release/net8.0/reservationservice.application.tests.dll" id="ea27eec9-c266-7752-075b-b95bf80bdafa">
      <Execution id="e93d7dc8-cdd4-4ad0-abdb-0a3a7f3a8e70" />
      <TestMethod codeBase="/home/runner/work/ticketing_project_week1/ticketing_project_week1/ReservationService/tests/ReservationService.Application.Tests/bin/Release/net8.0/ReservationService.Application.Tests.dll" adapterTypeName="executor://xunit/VsTestRunner2/netcoreapp" className="ReservationService.Application.Tests.ProcessReservationCommandHandlerTests" name="HandleAsync_TicketNotFound_ReturnsFailure" />
    </UnitTest>
    <UnitTest name="ReservationService.Application.Tests.ProcessExpirationCommandHandlerTests.HandleAsync_AlreadyReleasedTicket_ReturnsIdempotentNoOp" storage="/home/runner/work/ticketing_project_week1/ticketing_project_week1/reservationservice/tests/reservationservice.application.tests/bin/release/net8.0/reservationservice.application.tests.dll" id="851b1e42-0f20-c409-7d41-b09488fc00ec">
      <Execution id="1dd3ff8d-3c28-4a3c-89f9-60cf00f5e688" />
      <TestMethod codeBase="/home/runner/work/ticketing_project_week1/ticketing_project_week1/ReservationService/tests/ReservationService.Application.Tests/bin/Release/net8.0/ReservationService.Application.Tests.dll" adapterTypeName="executor://xunit/VsTestRunner2/netcoreapp" className="ReservationService.Application.Tests.ProcessExpirationCommandHandlerTests" name="HandleAsync_AlreadyReleasedTicket_ReturnsIdempotentNoOp" />
    </UnitTest>
  </TestDefinitions>
  <TestEntries>
    <TestEntry testId="a01f38a9-b90a-d80d-0bce-92a501460bb6" executionId="4d026184-8e4b-47af-9e48-522b4c4ac014" testListId="8c84fa94-04c1-424b-9868-57a2d4851a1d" />
    <TestEntry testId="851b1e42-0f20-c409-7d41-b09488fc00ec" executionId="1dd3ff8d-3c28-4a3c-89f9-60cf00f5e688" testListId="8c84fa94-04c1-424b-9868-57a2d4851a1d" />
    <TestEntry testId="ea27eec9-c266-7752-075b-b95bf80bdafa" executionId="e93d7dc8-cdd4-4ad0-abdb-0a3a7f3a8e70" testListId="8c84fa94-04c1-424b-9868-57a2d4851a1d" />
    <TestEntry testId="a1b0f722-ccb3-d4db-8365-9dd8a77ec3f0" executionId="b757763b-0f5d-4901-aa56-bcf56aa1eeeb" testListId="8c84fa94-04c1-424b-9868-57a2d4851a1d" />
    <TestEntry testId="153dc984-ce57-1e4e-d1c0-5c1f1f067503" executionId="dd8e36de-086d-436b-ad18-71829b52fd6e" testListId="8c84fa94-04c1-424b-9868-57a2d4851a1d" />
    <TestEntry testId="dcee8225-e9e6-f8d9-9ce7-e4ba20bf0fea" executionId="1f9bdcd4-1df1-4ae6-a5e9-fc74edca6917" testListId="8c84fa94-04c1-424b-9868-57a2d4851a1d" />
    <TestEntry testId="5b8a3290-e5e5-fa7a-e233-0b6484c6e538" executionId="d9a19eac-a639-49a6-bf1c-f58bb30b7a45" testListId="8c84fa94-04c1-424b-9868-57a2d4851a1d" />
    <TestEntry testId="7e16d553-1f03-47a8-6140-d8fc1fb6b94b" executionId="d762aaab-8169-4e0b-92cd-452edd5c6728" testListId="8c84fa94-04c1-424b-9868-57a2d4851a1d" />
    <TestEntry testId="e99d0590-7c8f-e39d-1d9a-1cd010aa6086" executionId="2ba589bd-b3ea-461a-97db-92b290b9fc52" testListId="8c84fa94-04c1-424b-9868-57a2d4851a1d" />
  </TestEntries>
  <TestLists>
    <TestList name="Results Not in a List" id="8c84fa94-04c1-424b-9868-57a2d4851a1d" />
    <TestList name="All Loaded Results" id="19431567-8539-422a-85d7-44ee4e166bda" />
  </TestLists>
  <ResultSummary outcome="Completed">
    <Counters total="9" executed="9" passed="9" failed="0" error="0" timeout="0" aborted="0" inconclusive="0" passedButRunAborted="0" notRunnable="0" notExecuted="0" disconnected="0" warning="0" completed="0" inProgress="0" pending="0" />
    <Output>
      <StdOut>[xUnit.net 00:00:00.00] xUnit.net VSTest Adapter v2.5.6+bf9b858c26 (64-bit .NET 8.0.24)
[xUnit.net 00:00:00.22]   Discovering: ReservationService.Application.Tests
[xUnit.net 00:00:00.36]   Discovered:  ReservationService.Application.Tests
[xUnit.net 00:00:00.36]   Starting:    ReservationService.Application.Tests
[xUnit.net 00:00:00.56]   Finished:    ReservationService.Application.Tests
</StdOut>
    </Output>
  </ResultSummary>
</TestRun>