<?xml version="1.0" encoding="utf-8"?>
<TestRun id="99fbab89-1036-4978-805c-c8fb0742d7c4" name="@runnervm0kj6c 2026-03-09 05:36:30" xmlns="http://microsoft.com/schemas/VisualStudio/TeamTest/2010">
  <Times creation="2026-03-09T05:36:30.1178499+00:00" queuing="2026-03-09T05:36:30.1178500+00:00" start="2026-03-09T05:36:28.7724121+00:00" finish="2026-03-09T05:36:30.1873905+00:00" />
  <TestSettings name="default" id="336357aa-970b-4d1d-ba19-903408029200">
    <Deployment runDeploymentRoot="_runnervm0kj6c_2026-03-09_05_36_30" />
  </TestSettings>
  <Results>
    <UnitTestResult executionId="97fcec59-25d5-4c4c-9341-ad0bee40c04f" testId="c401cd1f-5049-4d7d-0f2a-972449840902" testName="GetTicketsByEvent: evento sin tickets → retorna lista vacía" computerName="runnervm0kj6c" duration="00:00:00.0078435" startTime="2026-03-09T05:36:30.0858198+00:00" endTime="2026-03-09T05:36:30.0858198+00:00" testType="13cdc9d9-ddb5-4fa4-a97d-d965ccfc6d4b" outcome="Passed" testListId="8c84fa94-04c1-424b-9868-57a2d4851a1d" relativeResultsDirectory="97fcec59-25d5-4c4c-9341-ad0bee40c04f" />
    <UnitTestResult executionId="7a9ca2cd-b05e-4993-a024-d9d6537dd39a" testId="ab188617-e425-90a9-5403-7250969ac1b1" testName="GetExpiredTickets → retorna solo tickets expirados" computerName="runnervm0kj6c" duration="00:00:00.0029538" startTime="2026-03-09T05:36:30.0869654+00:00" endTime="2026-03-09T05:36:30.0869654+00:00" testType="13cdc9d9-ddb5-4fa4-a97d-d965ccfc6d4b" outcome="Passed" testListId="8c84fa94-04c1-424b-9868-57a2d4851a1d" relativeResultsDirectory="7a9ca2cd-b05e-4993-a024-d9d6537dd39a" />
    <UnitTestResult executionId="72aa54b4-4bb4-4623-bca1-3eff547471b5" testId="12e16d7e-f2fb-937e-a986-53f2168ab883" testName="CrudService.Application.Tests.Events.GetAllEventsQueryHandlerTests.HandleAsync_ReturnsAllMappedDtos" computerName="runnervm0kj6c" duration="00:00:00.0087810" startTime="2026-03-09T05:36:30.0860479+00:00" endTime="2026-03-09T05:36:30.0860480+00:00" testType="13cdc9d9-ddb5-4fa4-a97d-d965ccfc6d4b" outcome="Passed" testListId="8c84fa94-04c1-424b-9868-57a2d4851a1d" relativeResultsDirectory="72aa54b4-4bb4-4623-bca1-3eff547471b5" />
    <UnitTestResult executionId="5cd2ecb1-f1c9-4f63-9ab4-336fd2afe1b9" testId="839f7d4e-a22a-7e27-5b87-960ac7e4aa79" testName="CrudService.Application.Tests.Tickets.UpdateTicketStatusCommandHandlerTests.HandleAsync_InvalidStatus_ThrowsInvalidTicketStatusException" computerName="runnervm0kj6c" duration="00:00:00.0070485" startTime="2026-03-09T05:36:30.0859450+00:00" endTime="2026-03-09T05:36:30.0859450+00:00" testType="13cdc9d9-ddb5-4fa4-a97d-d965ccfc6d4b" outcome="Passed" testListId="8c84fa94-04c1-424b-9868-57a2d4851a1d" relativeResultsDirectory="5cd2ecb1-f1c9-4f63-9ab4-336fd2afe1b9" />
    <UnitTestResult executionId="206e057d-32a8-43ef-845a-fce3c66969fc" testId="42a652e3-d08a-a9a5-8500-928961fad08a" testName="CrudService.Application.Tests.Tickets.ReleaseTicketCommandHandlerTests.HandleAsync_ClearsReservationFields" computerName="runnervm0kj6c" duration="00:00:00.0222514" startTime="2026-03-09T05:36:30.0816320+00:00" endTime="2026-03-09T05:36:30.0816321+00:00" testType="13cdc9d9-ddb5-4fa4-a97d-d965ccfc6d4b" outcome="Passed" testListId="8c84fa94-04c1-424b-9868-57a2d4851a1d" relativeResultsDirectory="206e057d-32a8-43ef-845a-fce3c66969fc" />
    <UnitTestResult executionId="d6c28cc2-1a11-43d5-bc55-e8b257e1f3cc" testId="94e90d41-114d-a5cb-d913-6b9c52c6d362" testName="CrudService.Application.Tests.Tickets.UpdateTicketStatusCommandHandlerTests.HandleAsync_NotFound_ThrowsTicketNotFoundException" computerName="runnervm0kj6c" duration="00:00:00.0253137" startTime="2026-03-09T05:36:30.0850386+00:00" endTime="2026-03-09T05:36:30.0850387+00:00" testType="13cdc9d9-ddb5-4fa4-a97d-d965ccfc6d4b" outcome="Passed" testListId="8c84fa94-04c1-424b-9868-57a2d4851a1d" relativeResultsDirectory="d6c28cc2-1a11-43d5-bc55-e8b257e1f3cc" />
    <UnitTestResult executionId="8de3e5ac-8570-499a-b7ed-00354be18cf3" testId="e2c31fcb-67f5-81c6-b044-b7d79dcc77ff" testName="CrudService.Application.Tests.Tickets.CreateTicketsCommandHandlerTests.HandleAsync_CreatesRequestedQuantity" computerName="runnervm0kj6c" duration="00:00:00.0213122" startTime="2026-03-09T05:36:30.0863232+00:00" endTime="2026-03-09T05:36:30.0863233+00:00" testType="13cdc9d9-ddb5-4fa4-a97d-d965ccfc6d4b" outcome="Passed" testListId="8c84fa94-04c1-424b-9868-57a2d4851a1d" relativeResultsDirectory="8de3e5ac-8570-499a-b7ed-00354be18cf3" />
    <UnitTestResult executionId="77f23450-123f-4823-9bd2-1e1ce6483eb1" testId="e3119a36-e91d-9416-6b32-eeda203a46b6" testName="UpdateTicketStatus: estado válido → actualiza y registra historial" computerName="runnervm0kj6c" duration="00:00:00.0251388" startTime="2026-03-09T05:36:30.0817762+00:00" endTime="2026-03-09T05:36:30.0817763+00:00" testType="13cdc9d9-ddb5-4fa4-a97d-d965ccfc6d4b" outcome="Passed" testListId="8c84fa94-04c1-424b-9868-57a2d4851a1d" relativeResultsDirectory="77f23450-123f-4823-9bd2-1e1ce6483eb1" />
    <UnitTestResult executionId="077141b1-b63a-49f5-b9b8-0d5aabe9f25d" testId="a1e36fae-cf1f-cfd9-1262-0dae2f43287f" testName="CrudService.Application.Tests.Events.UpdateEventCommandHandlerTests.HandleAsync_PartialUpdate_OnlyUpdatesProvidedFields" computerName="runnervm0kj6c" duration="00:00:00.0223801" startTime="2026-03-09T05:36:30.0816995+00:00" endTime="2026-03-09T05:36:30.0816995+00:00" testType="13cdc9d9-ddb5-4fa4-a97d-d965ccfc6d4b" outcome="Passed" testListId="8c84fa94-04c1-424b-9868-57a2d4851a1d" relativeResultsDirectory="077141b1-b63a-49f5-b9b8-0d5aabe9f25d" />
    <UnitTestResult executionId="c2e1a8a1-5479-42c8-b931-c083dd9b4e05" testId="fbf7e344-4508-2674-a0b8-b1ab3f6d50fb" testName="CrudService.Application.Tests.Tickets.ReleaseTicketCommandHandlerTests.HandleAsync_NotFound_ThrowsTicketNotFoundException" computerName="runnervm0kj6c" duration="00:00:00.0179906" startTime="2026-03-09T05:36:30.0848094+00:00" endTime="2026-03-09T05:36:30.0848095+00:00" testType="13cdc9d9-ddb5-4fa4-a97d-d965ccfc6d4b" outcome="Passed" testListId="8c84fa94-04c1-424b-9868-57a2d4851a1d" relativeResultsDirectory="c2e1a8a1-5479-42c8-b931-c083dd9b4e05" />
    <UnitTestResult executionId="cfe06344-1090-42de-9b9b-e8bd91ccbdf5" testId="15fabdb4-c16c-38b9-163d-db9704a0a5b6" testName="CrudService.Application.Tests.Events.DeleteEventCommandHandlerTests.HandleAsync_Found_ReturnsTrue" computerName="runnervm0kj6c" duration="00:00:00.0806730" startTime="2026-03-09T05:36:30.0142552+00:00" endTime="2026-03-09T05:36:30.0142553+00:00" testType="13cdc9d9-ddb5-4fa4-a97d-d965ccfc6d4b" outcome="Passed" testListId="8c84fa94-04c1-424b-9868-57a2d4851a1d" relativeResultsDirectory="cfe06344-1090-42de-9b9b-e8bd91ccbdf5" />
    <UnitTestResult executionId="b6051d4a-7aec-4abe-aea5-f17c79f6a9cf" testId="98066ba2-a723-bc68-fe6c-7dc36a1b06f9" testName="CrudService.Application.Tests.Tickets.GetTicketsByEventQueryHandlerTests.HandleAsync_ReturnsMappedDtos" computerName="runnervm0kj6c" duration="00:00:00.0961398" startTime="2026-03-09T05:36:30.0170681+00:00" endTime="2026-03-09T05:36:30.0170681+00:00" testType="13cdc9d9-ddb5-4fa4-a97d-d965ccfc6d4b" outcome="Passed" testListId="8c84fa94-04c1-424b-9868-57a2d4851a1d" relativeResultsDirectory="b6051d4a-7aec-4abe-aea5-f17c79f6a9cf" />
    <UnitTestResult executionId="3d131f25-cd6e-4784-b3bc-874d054943e2" testId="a9581a88-a29d-1a07-475e-fde8b081ac13" testName="CrudService.Application.Tests.Events.CreateEventCommandHandlerTests.HandleAsync_CreatesAndReturnsDto" computerName="runnervm0kj6c" duration="00:00:00.1100968" startTime="2026-03-09T05:36:30.0815368+00:00" endTime="2026-03-09T05:36:30.0815369+00:00" testType="13cdc9d9-ddb5-4fa4-a97d-d965ccfc6d4b" outcome="Passed" testListId="8c84fa94-04c1-424b-9868-57a2d4851a1d" relativeResultsDirectory="3d131f25-cd6e-4784-b3bc-874d054943e2" />
    <UnitTestResult executionId="f5641ad9-f6a2-44a8-ade0-1c9405ee6701" testId="b16fba50-8a9c-bc5c-71eb-f3eb65a00c1d" testName="CrudService.Application.Tests.Events.GetEventByIdQueryHandlerTests.HandleAsync_Found_ReturnsMappedDtoWithTicketCounts" computerName="runnervm0kj6c" duration="00:00:00.0067166" startTime="2026-03-09T05:36:30.0169079+00:00" endTime="2026-03-09T05:36:30.0169080+00:00" testType="13cdc9d9-ddb5-4fa4-a97d-d965ccfc6d4b" outcome="Passed" testListId="8c84fa94-04c1-424b-9868-57a2d4851a1d" relativeResultsDirectory="f5641ad9-f6a2-44a8-ade0-1c9405ee6701" />
    <UnitTestResult executionId="6e42f3f9-72b8-4b24-8d23-82f920686d78" testId="806204e5-cfb2-75f1-66a1-34b273aab8d0" testName="GetTicketsByEvent: evento con tickets → retorna lista completa" computerName="runnervm0kj6c" duration="00:00:00.0076321" startTime="2026-03-09T05:36:30.0861426+00:00" endTime="2026-03-09T05:36:30.0861426+00:00" testType="13cdc9d9-ddb5-4fa4-a97d-d965ccfc6d4b" outcome="Passed" testListId="8c84fa94-04c1-424b-9868-57a2d4851a1d" relativeResultsDirectory="6e42f3f9-72b8-4b24-8d23-82f920686d78" />
    <UnitTestResult executionId="e7a92903-29e3-449d-ae22-24c10129e781" testId="0c561d9d-f1d7-c5fc-69cc-32515f599057" testName="UpdateTicketStatus: estado inválido → lanza ArgumentException" computerName="runnervm0kj6c" duration="00:00:00.0034084" startTime="2026-03-09T05:36:30.0858897+00:00" endTime="2026-03-09T05:36:30.0858898+00:00" testType="13cdc9d9-ddb5-4fa4-a97d-d965ccfc6d4b" outcome="Passed" testListId="8c84fa94-04c1-424b-9868-57a2d4851a1d" relativeResultsDirectory="e7a92903-29e3-449d-ae22-24c10129e781" />
    <UnitTestResult executionId="80292853-6575-4014-b02a-d9d33963ff80" testId="e71cae13-0ff0-1ef4-a1c3-e2d2da0dc3de" testName="ReleaseTicket: ticket reservado → lo libera y resetea campos" computerName="runnervm0kj6c" duration="00:00:00.0033549" startTime="2026-03-09T05:36:30.0848781+00:00" endTime="2026-03-09T05:36:30.0848781+00:00" testType="13cdc9d9-ddb5-4fa4-a97d-d965ccfc6d4b" outcome="Passed" testListId="8c84fa94-04c1-424b-9868-57a2d4851a1d" relativeResultsDirectory="80292853-6575-4014-b02a-d9d33963ff80" />
    <UnitTestResult executionId="3438dee3-06af-40f7-8a64-297f1161ee0c" testId="f6ca80b8-b026-f905-0605-73cad643795a" testName="CrudService.Application.Tests.Events.DeleteEventCommandHandlerTests.HandleAsync_NotFound_ReturnsFalse" computerName="runnervm0kj6c" duration="00:00:00.0017623" startTime="2026-03-09T05:36:30.0168776+00:00" endTime="2026-03-09T05:36:30.0168777+00:00" testType="13cdc9d9-ddb5-4fa4-a97d-d965ccfc6d4b" outcome="Passed" testListId="8c84fa94-04c1-424b-9868-57a2d4851a1d" relativeResultsDirectory="3438dee3-06af-40f7-8a64-297f1161ee0c" />
    <UnitTestResult executionId="de8f573b-70dd-4cbd-9b8f-e7c22f2e113e" testId="fa34b542-62d9-8fdc-efd2-e1635f9cee4d" testName="GetTicketById: ticket existente → retorna DTO con datos correctos" computerName="runnervm0kj6c" duration="00:00:00.0007689" startTime="2026-03-09T05:36:30.0862008+00:00" endTime="2026-03-09T05:36:30.0862008+00:00" testType="13cdc9d9-ddb5-4fa4-a97d-d965ccfc6d4b" outcome="Passed" testListId="8c84fa94-04c1-424b-9868-57a2d4851a1d" relativeResultsDirectory="de8f573b-70dd-4cbd-9b8f-e7c22f2e113e" />
    <UnitTestResult executionId="05084d19-53e1-4235-9796-eec4a9721e73" testId="88cbdc77-300d-c756-1a20-66a1704ba569" testName="CrudService.Application.Tests.Tickets.GetTicketByIdQueryHandlerTests.HandleAsync_NotFound_ReturnsNull" computerName="runnervm0kj6c" duration="00:00:00.0008464" startTime="2026-03-09T05:36:30.0812325+00:00" endTime="2026-03-09T05:36:30.0812327+00:00" testType="13cdc9d9-ddb5-4fa4-a97d-d965ccfc6d4b" outcome="Passed" testListId="8c84fa94-04c1-424b-9868-57a2d4851a1d" relativeResultsDirectory="05084d19-53e1-4235-9796-eec4a9721e73" />
    <UnitTestResult executionId="8520931a-78b4-42e9-9565-c7f3eea4dbc7" testId="e764170c-581f-a52b-d633-af18082e7bdd" testName="CrudService.Application.Tests.Events.UpdateEventCommandHandlerTests.HandleAsync_NotFound_ThrowsEventNotFoundException" computerName="runnervm0kj6c" duration="00:00:00.0193415" startTime="2026-03-09T05:36:30.0851526+00:00" endTime="2026-03-09T05:36:30.0851526+00:00" testType="13cdc9d9-ddb5-4fa4-a97d-d965ccfc6d4b" outcome="Passed" testListId="8c84fa94-04c1-424b-9868-57a2d4851a1d" relativeResultsDirectory="8520931a-78b4-42e9-9565-c7f3eea4dbc7" />
    <UnitTestResult executionId="06503951-98f8-4433-afa0-676803be1485" testId="175f0917-a149-03d6-7a4f-2016b7844b69" testName="CrudService.Application.Tests.Tickets.UpdateTicketStatusCommandHandlerTests.HandleAsync_ValidTransition_UpdatesAndRecordsHistory" computerName="runnervm0kj6c" duration="00:00:00.0027328" startTime="2026-03-09T05:36:30.0851009+00:00" endTime="2026-03-09T05:36:30.0851010+00:00" testType="13cdc9d9-ddb5-4fa4-a97d-d965ccfc6d4b" outcome="Passed" testListId="8c84fa94-04c1-424b-9868-57a2d4851a1d" relativeResultsDirectory="06503951-98f8-4433-afa0-676803be1485" />
    <UnitTestResult executionId="88fc2188-6ba0-483d-8339-30c28cc361ca" testId="b18613fe-5333-740f-0cf0-72cb2419470d" testName="CrudService.Application.Tests.Tickets.GetExpiredTicketsQueryHandlerTests.HandleAsync_ReturnsMappedDtos" computerName="runnervm0kj6c" duration="00:00:00.0064596" startTime="2026-03-09T05:36:30.0861040+00:00" endTime="2026-03-09T05:36:30.0861040+00:00" testType="13cdc9d9-ddb5-4fa4-a97d-d965ccfc6d4b" outcome="Passed" testListId="8c84fa94-04c1-424b-9868-57a2d4851a1d" relativeResultsDirectory="88fc2188-6ba0-483d-8339-30c28cc361ca" />
    <UnitTestResult executionId="73bd3887-b752-4b10-b8b2-f2c09f9170ba" testId="20e5e537-40c1-ba69-9e4f-0011a4ab197b" testName="GetTicketById: ticket no existe → retorna null" computerName="runnervm0kj6c" duration="00:00:00.0021318" startTime="2026-03-09T05:36:30.0818443+00:00" endTime="2026-03-09T05:36:30.0818444+00:00" testType="13cdc9d9-ddb5-4fa4-a97d-d965ccfc6d4b" outcome="Passed" testListId="8c84fa94-04c1-424b-9868-57a2d4851a1d" relativeResultsDirectory="73bd3887-b752-4b10-b8b2-f2c09f9170ba" />
    <UnitTestResult executionId="56faf127-51e7-4377-b34d-be9271e5dc64" testId="15ae21df-86fb-a502-983d-5bfd6760d1d8" testName="CrudService.Application.Tests.Tickets.ReleaseTicketCommandHandlerTests.HandleAsync_NoReason_UsesDefaultReason" computerName="runnervm0kj6c" duration="00:00:00.0020537" startTime="2026-03-09T05:36:30.0849383+00:00" endTime="2026-03-09T05:36:30.0849383+00:00" testType="13cdc9d9-ddb5-4fa4-a97d-d965ccfc6d4b" outcome="Passed" testListId="8c84fa94-04c1-424b-9868-57a2d4851a1d" relativeResultsDirectory="56faf127-51e7-4377-b34d-be9271e5dc64" />
    <UnitTestResult executionId="f8acff53-1836-431f-ace1-397ab2f6f6b7" testId="87588f98-a683-08fc-1e30-2baffa459921" testName="ReleaseTicket: ticket no encontrado → lanza KeyNotFoundException" computerName="runnervm0kj6c" duration="00:00:00.0010485" startTime="2026-03-09T05:36:30.0862566+00:00" endTime="2026-03-09T05:36:30.0862567+00:00" testType="13cdc9d9-ddb5-4fa4-a97d-d965ccfc6d4b" outcome="Passed" testListId="8c84fa94-04c1-424b-9868-57a2d4851a1d" relativeResultsDirectory="f8acff53-1836-431f-ace1-397ab2f6f6b7" />
    <UnitTestResult executionId="5c6b6cc0-e90c-4e38-b380-752343401028" testId="b4727890-dd30-73f0-115d-ada80a974303" testName="CrudService.Application.Tests.Events.GetEventByIdQueryHandlerTests.HandleAsync_NotFound_ReturnsNull" computerName="runnervm0kj6c" duration="00:00:00.0749562" startTime="2026-03-09T05:36:29.9953425+00:00" endTime="2026-03-09T05:36:29.9953728+00:00" testType="13cdc9d9-ddb5-4fa4-a97d-d965ccfc6d4b" outcome="Passed" testListId="8c84fa94-04c1-424b-9868-57a2d4851a1d" relativeResultsDirectory="5c6b6cc0-e90c-4e38-b380-752343401028" />
    <UnitTestResult executionId="46aa6bba-270c-4d0d-980f-fb5ee5b7049e" testId="311790c2-f832-5caf-9159-ae6edb8289f1" testName="CrudService.Application.Tests.Tickets.GetTicketByIdQueryHandlerTests.HandleAsync_Found_ReturnsDto" computerName="runnervm0kj6c" duration="00:00:00.0098468" startTime="2026-03-09T05:36:30.0171390+00:00" endTime="2026-03-09T05:36:30.0171393+00:00" testType="13cdc9d9-ddb5-4fa4-a97d-d965ccfc6d4b" outcome="Passed" testListId="8c84fa94-04c1-424b-9868-57a2d4851a1d" relativeResultsDirectory="46aa6bba-270c-4d0d-980f-fb5ee5b7049e" />
  </Results>
  <TestDefinitions>
    <UnitTest name="CrudService.Application.Tests.Tickets.GetExpiredTicketsQueryHandlerTests.HandleAsync_ReturnsMappedDtos" storage="/home/runner/work/ticketing_project_week1/ticketing_project_week1/crud_service/tests/crudservice.application.tests/bin/release/net8.0/crudservice.application.tests.dll" id="b18613fe-5333-740f-0cf0-72cb2419470d">
      <Execution id="88fc2188-6ba0-483d-8339-30c28cc361ca" />
      <TestMethod codeBase="/home/runner/work/ticketing_project_week1/ticketing_project_week1/crud_service/tests/CrudService.Application.Tests/bin/Release/net8.0/CrudService.Application.Tests.dll" adapterTypeName="executor://xunit/VsTestRunner2/netcoreapp" className="CrudService.Application.Tests.Tickets.GetExpiredTicketsQueryHandlerTests" name="HandleAsync_ReturnsMappedDtos" />
    </UnitTest>
    <UnitTest name="ReleaseTicket: ticket no encontrado → lanza KeyNotFoundException" storage="/home/runner/work/ticketing_project_week1/ticketing_project_week1/crud_service/tests/crudservice.application.tests/bin/release/net8.0/crudservice.application.tests.dll" id="87588f98-a683-08fc-1e30-2baffa459921">
      <Execution id="f8acff53-1836-431f-ace1-397ab2f6f6b7" />
      <TestMethod codeBase="/home/runner/work/ticketing_project_week1/ticketing_project_week1/crud_service/tests/CrudService.Application.Tests/bin/Release/net8.0/CrudService.Application.Tests.dll" adapterTypeName="executor://xunit/VsTestRunner2/netcoreapp" className="CrudService.Application.Tests.TicketServiceTests" name="ReleaseTicketAsync_TicketNotFound_ThrowsKeyNotFoundException" />
    </UnitTest>
    <UnitTest name="CrudService.Application.Tests.Events.UpdateEventCommandHandlerTests.HandleAsync_NotFound_ThrowsEventNotFoundException" storage="/home/runner/work/ticketing_project_week1/ticketing_project_week1/crud_service/tests/crudservice.application.tests/bin/release/net8.0/crudservice.application.tests.dll" id="e764170c-581f-a52b-d633-af18082e7bdd">
      <Execution id="8520931a-78b4-42e9-9565-c7f3eea4dbc7" />
      <TestMethod codeBase="/home/runner/work/ticketing_project_week1/ticketing_project_week1/crud_service/tests/CrudService.Application.Tests/bin/Release/net8.0/CrudService.Application.Tests.dll" adapterTypeName="executor://xunit/VsTestRunner2/netcoreapp" className="CrudService.Application.Tests.Events.UpdateEventCommandHandlerTests" name="HandleAsync_NotFound_ThrowsEventNotFoundException" />
    </UnitTest>
    <UnitTest name="CrudService.Application.Tests.Tickets.ReleaseTicketCommandHandlerTests.HandleAsync_NoReason_UsesDefaultReason" storage="/home/runner/work/ticketing_project_week1/ticketing_project_week1/crud_service/tests/crudservice.application.tests/bin/release/net8.0/crudservice.application.tests.dll" id="15ae21df-86fb-a502-983d-5bfd6760d1d8">
      <Execution id="56faf127-51e7-4377-b34d-be9271e5dc64" />
      <TestMethod codeBase="/home/runner/work/ticketing_project_week1/ticketing_project_week1/crud_service/tests/CrudService.Application.Tests/bin/Release/net8.0/CrudService.Application.Tests.dll" adapterTypeName="executor://xunit/VsTestRunner2/netcoreapp" className="CrudService.Application.Tests.Tickets.ReleaseTicketCommandHandlerTests" name="HandleAsync_NoReason_UsesDefaultReason" />
    </UnitTest>
    <UnitTest name="ReleaseTicket: ticket reservado → lo libera y resetea campos" storage="/home/runner/work/ticketing_project_week1/ticketing_project_week1/crud_service/tests/crudservice.application.tests/bin/release/net8.0/crudservice.application.tests.dll" id="e71cae13-0ff0-1ef4-a1c3-e2d2da0dc3de">
      <Execution id="80292853-6575-4014-b02a-d9d33963ff80" />
      <TestMethod codeBase="/home/runner/work/ticketing_project_week1/ticketing_project_week1/crud_service/tests/CrudService.Application.Tests/bin/Release/net8.0/CrudService.Application.Tests.dll" adapterTypeName="executor://xunit/VsTestRunner2/netcoreapp" className="CrudService.Application.Tests.TicketServiceTests" name="ReleaseTicketAsync_ReservedTicket_ReleasesAndClearsFields" />
    </UnitTest>
    <UnitTest name="CrudService.Application.Tests.Tickets.CreateTicketsCommandHandlerTests.HandleAsync_CreatesRequestedQuantity" storage="/home/runner/work/ticketing_project_week1/ticketing_project_week1/crud_service/tests/crudservice.application.tests/bin/release/net8.0/crudservice.application.tests.dll" id="e2c31fcb-67f5-81c6-b044-b7d79dcc77ff">
      <Execution id="8de3e5ac-8570-499a-b7ed-00354be18cf3" />
      <TestMethod codeBase="/home/runner/work/ticketing_project_week1/ticketing_project_week1/crud_service/tests/CrudService.Application.Tests/bin/Release/net8.0/CrudService.Application.Tests.dll" adapterTypeName="executor://xunit/VsTestRunner2/netcoreapp" className="CrudService.Application.Tests.Tickets.CreateTicketsCommandHandlerTests" name="HandleAsync_CreatesRequestedQuantity" />
    </UnitTest>
    <UnitTest name="CrudService.Application.Tests.Events.DeleteEventCommandHandlerTests.HandleAsync_Found_ReturnsTrue" storage="/home/runner/work/ticketing_project_week1/ticketing_project_week1/crud_service/tests/crudservice.application.tests/bin/release/net8.0/crudservice.application.tests.dll" id="15fabdb4-c16c-38b9-163d-db9704a0a5b6">
      <Execution id="cfe06344-1090-42de-9b9b-e8bd91ccbdf5" />
      <TestMethod codeBase="/home/runner/work/ticketing_project_week1/ticketing_project_week1/crud_service/tests/CrudService.Application.Tests/bin/Release/net8.0/CrudService.Application.Tests.dll" adapterTypeName="executor://xunit/VsTestRunner2/netcoreapp" className="CrudService.Application.Tests.Events.DeleteEventCommandHandlerTests" name="HandleAsync_Found_ReturnsTrue" />
    </UnitTest>
    <UnitTest name="CrudService.Application.Tests.Tickets.ReleaseTicketCommandHandlerTests.HandleAsync_NotFound_ThrowsTicketNotFoundException" storage="/home/runner/work/ticketing_project_week1/ticketing_project_week1/crud_service/tests/crudservice.application.tests/bin/release/net8.0/crudservice.application.tests.dll" id="fbf7e344-4508-2674-a0b8-b1ab3f6d50fb">
      <Execution id="c2e1a8a1-5479-42c8-b931-c083dd9b4e05" />
      <TestMethod codeBase="/home/runner/work/ticketing_project_week1/ticketing_project_week1/crud_service/tests/CrudService.Application.Tests/bin/Release/net8.0/CrudService.Application.Tests.dll" adapterTypeName="executor://xunit/VsTestRunner2/netcoreapp" className="CrudService.Application.Tests.Tickets.ReleaseTicketCommandHandlerTests" name="HandleAsync_NotFound_ThrowsTicketNotFoundException" />
    </UnitTest>
    <UnitTest name="CrudService.Application.Tests.Events.GetEventByIdQueryHandlerTests.HandleAsync_Found_ReturnsMappedDtoWithTicketCounts" storage="/home/runner/work/ticketing_project_week1/ticketing_project_week1/crud_service/tests/crudservice.application.tests/bin/release/net8.0/crudservice.application.tests.dll" id="b16fba50-8a9c-bc5c-71eb-f3eb65a00c1d">
      <Execution id="f5641ad9-f6a2-44a8-ade0-1c9405ee6701" />
      <TestMethod codeBase="/home/runner/work/ticketing_project_week1/ticketing_project_week1/crud_service/tests/CrudService.Application.Tests/bin/Release/net8.0/CrudService.Application.Tests.dll" adapterTypeName="executor://xunit/VsTestRunner2/netcoreapp" className="CrudService.Application.Tests.Events.GetEventByIdQueryHandlerTests" name="HandleAsync_Found_ReturnsMappedDtoWithTicketCounts" />
    </UnitTest>
    <UnitTest name="GetTicketById: ticket no existe → retorna null" storage="/home/runner/work/ticketing_project_week1/ticketing_project_week1/crud_service/tests/crudservice.application.tests/bin/release/net8.0/crudservice.application.tests.dll" id="20e5e537-40c1-ba69-9e4f-0011a4ab197b">
      <Execution id="73bd3887-b752-4b10-b8b2-f2c09f9170ba" />
      <TestMethod codeBase="/home/runner/work/ticketing_project_week1/ticketing_project_week1/crud_service/tests/CrudService.Application.Tests/bin/Release/net8.0/CrudService.Application.Tests.dll" adapterTypeName="executor://xunit/VsTestRunner2/netcoreapp" className="CrudService.Application.Tests.TicketServiceTests" name="GetTicketByIdAsync_NotFound_ReturnsNull" />
    </UnitTest>
    <UnitTest name="UpdateTicketStatus: estado inválido → lanza ArgumentException" storage="/home/runner/work/ticketing_project_week1/ticketing_project_week1/crud_service/tests/crudservice.application.tests/bin/release/net8.0/crudservice.application.tests.dll" id="0c561d9d-f1d7-c5fc-69cc-32515f599057">
      <Execution id="e7a92903-29e3-449d-ae22-24c10129e781" />
      <TestMethod codeBase="/home/runner/work/ticketing_project_week1/ticketing_project_week1/crud_service/tests/CrudService.Application.Tests/bin/Release/net8.0/CrudService.Application.Tests.dll" adapterTypeName="executor://xunit/VsTestRunner2/netcoreapp" className="CrudService.Application.Tests.TicketServiceTests" name="UpdateTicketStatusAsync_InvalidStatus_ThrowsArgumentException" />
    </UnitTest>
    <UnitTest name="CrudService.Application.Tests.Events.DeleteEventCommandHandlerTests.HandleAsync_NotFound_ReturnsFalse" storage="/home/runner/work/ticketing_project_week1/ticketing_project_week1/crud_service/tests/crudservice.application.tests/bin/release/net8.0/crudservice.application.tests.dll" id="f6ca80b8-b026-f905-0605-73cad643795a">
      <Execution id="3438dee3-06af-40f7-8a64-297f1161ee0c" />
      <TestMethod codeBase="/home/runner/work/ticketing_project_week1/ticketing_project_week1/crud_service/tests/CrudService.Application.Tests/bin/Release/net8.0/CrudService.Application.Tests.dll" adapterTypeName="executor://xunit/VsTestRunner2/netcoreapp" className="CrudService.Application.Tests.Events.DeleteEventCommandHandlerTests" name="HandleAsync_NotFound_ReturnsFalse" />
    </UnitTest>
    <UnitTest name="UpdateTicketStatus: estado válido → actualiza y registra historial" storage="/home/runner/work/ticketing_project_week1/ticketing_project_week1/crud_service/tests/crudservice.application.tests/bin/release/net8.0/crudservice.application.tests.dll" id="e3119a36-e91d-9416-6b32-eeda203a46b6">
      <Execution id="77f23450-123f-4823-9bd2-1e1ce6483eb1" />
      <TestMethod codeBase="/home/runner/work/ticketing_project_week1/ticketing_project_week1/crud_service/tests/CrudService.Application.Tests/bin/Release/net8.0/CrudService.Application.Tests.dll" adapterTypeName="executor://xunit/VsTestRunner2/netcoreapp" className="CrudService.Application.Tests.TicketServiceTests" name="UpdateTicketStatusAsync_ValidStatus_UpdatesAndRecordsHistory" />
    </UnitTest>
    <UnitTest name="CrudService.Application.Tests.Events.UpdateEventCommandHandlerTests.HandleAsync_PartialUpdate_OnlyUpdatesProvidedFields" storage="/home/runner/work/ticketing_project_week1/ticketing_project_week1/crud_service/tests/crudservice.application.tests/bin/release/net8.0/crudservice.application.tests.dll" id="a1e36fae-cf1f-cfd9-1262-0dae2f43287f">
      <Execution id="077141b1-b63a-49f5-b9b8-0d5aabe9f25d" />
      <TestMethod codeBase="/home/runner/work/ticketing_project_week1/ticketing_project_week1/crud_service/tests/CrudService.Application.Tests/bin/Release/net8.0/CrudService.Application.Tests.dll" adapterTypeName="executor://xunit/VsTestRunner2/netcoreapp" className="CrudService.Application.Tests.Events.UpdateEventCommandHandlerTests" name="HandleAsync_PartialUpdate_OnlyUpdatesProvidedFields" />
    </UnitTest>
    <UnitTest name="CrudService.Application.Tests.Events.GetEventByIdQueryHandlerTests.HandleAsync_NotFound_ReturnsNull" storage="/home/runner/work/ticketing_project_week1/ticketing_project_week1/crud_service/tests/crudservice.application.tests/bin/release/net8.0/crudservice.application.tests.dll" id="b4727890-dd30-73f0-115d-ada80a974303">
      <Execution id="5c6b6cc0-e90c-4e38-b380-752343401028" />
      <TestMethod codeBase="/home/runner/work/ticketing_project_week1/ticketing_project_week1/crud_service/tests/CrudService.Application.Tests/bin/Release/net8.0/CrudService.Application.Tests.dll" adapterTypeName="executor://xunit/VsTestRunner2/netcoreapp" className="CrudService.Application.Tests.Events.GetEventByIdQueryHandlerTests" name="HandleAsync_NotFound_ReturnsNull" />
    </UnitTest>
    <UnitTest name="GetExpiredTickets → retorna solo tickets expirados" storage="/home/runner/work/ticketing_project_week1/ticketing_project_week1/crud_service/tests/crudservice.application.tests/bin/release/net8.0/crudservice.application.tests.dll" id="ab188617-e425-90a9-5403-7250969ac1b1">
      <Execution id="7a9ca2cd-b05e-4993-a024-d9d6537dd39a" />
      <TestMethod codeBase="/home/runner/work/ticketing_project_week1/ticketing_project_week1/crud_service/tests/CrudService.Application.Tests/bin/Release/net8.0/CrudService.Application.Tests.dll" adapterTypeName="executor://xunit/VsTestRunner2/netcoreapp" className="CrudService.Application.Tests.TicketServiceTests" name="GetExpiredTicketsAsync_ReturnsExpiredList" />
    </UnitTest>
    <UnitTest name="GetTicketById: ticket existente → retorna DTO con datos correctos" storage="/home/runner/work/ticketing_project_week1/ticketing_project_week1/crud_service/tests/crudservice.application.tests/bin/release/net8.0/crudservice.application.tests.dll" id="fa34b542-62d9-8fdc-efd2-e1635f9cee4d">
      <Execution id="de8f573b-70dd-4cbd-9b8f-e7c22f2e113e" />
      <TestMethod codeBase="/home/runner/work/ticketing_project_week1/ticketing_project_week1/crud_service/tests/CrudService.Application.Tests/bin/Release/net8.0/CrudService.Application.Tests.dll" adapterTypeName="executor://xunit/VsTestRunner2/netcoreapp" className="CrudService.Application.Tests.TicketServiceTests" name="GetTicketByIdAsync_ExistingTicket_ReturnsMappedDto" />
    </UnitTest>
    <UnitTest name="GetTicketsByEvent: evento con tickets → retorna lista completa" storage="/home/runner/work/ticketing_project_week1/ticketing_project_week1/crud_service/tests/crudservice.application.tests/bin/release/net8.0/crudservice.application.tests.dll" id="806204e5-cfb2-75f1-66a1-34b273aab8d0">
      <Execution id="6e42f3f9-72b8-4b24-8d23-82f920686d78" />
      <TestMethod codeBase="/home/runner/work/ticketing_project_week1/ticketing_project_week1/crud_service/tests/CrudService.Application.Tests/bin/Release/net8.0/CrudService.Application.Tests.dll" adapterTypeName="executor://xunit/VsTestRunner2/netcoreapp" className="CrudService.Application.Tests.TicketServiceTests" name="GetTicketsByEventAsync_EventWithTickets_ReturnsAllTickets" />
    </UnitTest>
    <UnitTest name="GetTicketsByEvent: evento sin tickets → retorna lista vacía" storage="/home/runner/work/ticketing_project_week1/ticketing_project_week1/crud_service/tests/crudservice.application.tests/bin/release/net8.0/crudservice.application.tests.dll" id="c401cd1f-5049-4d7d-0f2a-972449840902">
      <Execution id="97fcec59-25d5-4c4c-9341-ad0bee40c04f" />
      <TestMethod codeBase="/home/runner/work/ticketing_project_week1/ticketing_project_week1/crud_service/tests/CrudService.Application.Tests/bin/Release/net8.0/CrudService.Application.Tests.dll" adapterTypeName="executor://xunit/VsTestRunner2/netcoreapp" className="CrudService.Application.Tests.TicketServiceTests" name="GetTicketsByEventAsync_NoTickets_ReturnsEmptyList" />
    </UnitTest>
    <UnitTest name="CrudService.Application.Tests.Tickets.ReleaseTicketCommandHandlerTests.HandleAsync_ClearsReservationFields" storage="/home/runner/work/ticketing_project_week1/ticketing_project_week1/crud_service/tests/crudservice.application.tests/bin/release/net8.0/crudservice.application.tests.dll" id="42a652e3-d08a-a9a5-8500-928961fad08a">
      <Execution id="206e057d-32a8-43ef-845a-fce3c66969fc" />
      <TestMethod codeBase="/home/runner/work/ticketing_project_week1/ticketing_project_week1/crud_service/tests/CrudService.Application.Tests/bin/Release/net8.0/CrudService.Application.Tests.dll" adapterTypeName="executor://xunit/VsTestRunner2/netcoreapp" className="CrudService.Application.Tests.Tickets.ReleaseTicketCommandHandlerTests" name="HandleAsync_ClearsReservationFields" />
    </UnitTest>
    <UnitTest name="CrudService.Application.Tests.Tickets.GetTicketByIdQueryHandlerTests.HandleAsync_Found_ReturnsDto" storage="/home/runner/work/ticketing_project_week1/ticketing_project_week1/crud_service/tests/crudservice.application.tests/bin/release/net8.0/crudservice.application.tests.dll" id="311790c2-f832-5caf-9159-ae6edb8289f1">
      <Execution id="46aa6bba-270c-4d0d-980f-fb5ee5b7049e" />
      <TestMethod codeBase="/home/runner/work/ticketing_project_week1/ticketing_project_week1/crud_service/tests/CrudService.Application.Tests/bin/Release/net8.0/CrudService.Application.Tests.dll" adapterTypeName="executor://xunit/VsTestRunner2/netcoreapp" className="CrudService.Application.Tests.Tickets.GetTicketByIdQueryHandlerTests" name="HandleAsync_Found_ReturnsDto" />
    </UnitTest>
    <UnitTest name="CrudService.Application.Tests.Events.CreateEventCommandHandlerTests.HandleAsync_CreatesAndReturnsDto" storage="/home/runner/work/ticketing_project_week1/ticketing_project_week1/crud_service/tests/crudservice.application.tests/bin/release/net8.0/crudservice.application.tests.dll" id="a9581a88-a29d-1a07-475e-fde8b081ac13">
      <Execution id="3d131f25-cd6e-4784-b3bc-874d054943e2" />
      <TestMethod codeBase="/home/runner/work/ticketing_project_week1/ticketing_project_week1/crud_service/tests/CrudService.Application.Tests/bin/Release/net8.0/CrudService.Application.Tests.dll" adapterTypeName="executor://xunit/VsTestRunner2/netcoreapp" className="CrudService.Application.Tests.Events.CreateEventCommandHandlerTests" name="HandleAsync_CreatesAndReturnsDto" />
    </UnitTest>
    <UnitTest name="CrudService.Application.Tests.Tickets.GetTicketsByEventQueryHandlerTests.HandleAsync_ReturnsMappedDtos" storage="/home/runner/work/ticketing_project_week1/ticketing_project_week1/crud_service/tests/crudservice.application.tests/bin/release/net8.0/crudservice.application.tests.dll" id="98066ba2-a723-bc68-fe6c-7dc36a1b06f9">
      <Execution id="b6051d4a-7aec-4abe-aea5-f17c79f6a9cf" />
      <TestMethod codeBase="/home/runner/work/ticketing_project_week1/ticketing_project_week1/crud_service/tests/CrudService.Application.Tests/bin/Release/net8.0/CrudService.Application.Tests.dll" adapterTypeName="executor://xunit/VsTestRunner2/netcoreapp" className="CrudService.Application.Tests.Tickets.GetTicketsByEventQueryHandlerTests" name="HandleAsync_ReturnsMappedDtos" />
    </UnitTest>
    <UnitTest name="CrudService.Application.Tests.Events.GetAllEventsQueryHandlerTests.HandleAsync_ReturnsAllMappedDtos" storage="/home/runner/work/ticketing_project_week1/ticketing_project_week1/crud_service/tests/crudservice.application.tests/bin/release/net8.0/crudservice.application.tests.dll" id="12e16d7e-f2fb-937e-a986-53f2168ab883">
      <Execution id="72aa54b4-4bb4-4623-bca1-3eff547471b5" />
      <TestMethod codeBase="/home/runner/work/ticketing_project_week1/ticketing_project_week1/crud_service/tests/CrudService.Application.Tests/bin/Release/net8.0/CrudService.Application.Tests.dll" adapterTypeName="executor://xunit/VsTestRunner2/netcoreapp" className="CrudService.Application.Tests.Events.GetAllEventsQueryHandlerTests" name="HandleAsync_ReturnsAllMappedDtos" />
    </UnitTest>
    <UnitTest name="CrudService.Application.Tests.Tickets.UpdateTicketStatusCommandHandlerTests.HandleAsync_NotFound_ThrowsTicketNotFoundException" storage="/home/runner/work/ticketing_project_week1/ticketing_project_week1/crud_service/tests/crudservice.application.tests/bin/release/net8.0/crudservice.application.tests.dll" id="94e90d41-114d-a5cb-d913-6b9c52c6d362">
      <Execution id="d6c28cc2-1a11-43d5-bc55-e8b257e1f3cc" />
      <TestMethod codeBase="/home/runner/work/ticketing_project_week1/ticketing_project_week1/crud_service/tests/CrudService.Application.Tests/bin/Release/net8.0/CrudService.Application.Tests.dll" adapterTypeName="executor://xunit/VsTestRunner2/netcoreapp" className="CrudService.Application.Tests.Tickets.UpdateTicketStatusCommandHandlerTests" name="HandleAsync_NotFound_ThrowsTicketNotFoundException" />
    </UnitTest>
    <UnitTest name="CrudService.Application.Tests.Tickets.UpdateTicketStatusCommandHandlerTests.HandleAsync_ValidTransition_UpdatesAndRecordsHistory" storage="/home/runner/work/ticketing_project_week1/ticketing_project_week1/crud_service/tests/crudservice.application.tests/bin/release/net8.0/crudservice.application.tests.dll" id="175f0917-a149-03d6-7a4f-2016b7844b69">
      <Execution id="06503951-98f8-4433-afa0-676803be1485" />
      <TestMethod codeBase="/home/runner/work/ticketing_project_week1/ticketing_project_week1/crud_service/tests/CrudService.Application.Tests/bin/Release/net8.0/CrudService.Application.Tests.dll" adapterTypeName="executor://xunit/VsTestRunner2/netcoreapp" className="CrudService.Application.Tests.Tickets.UpdateTicketStatusCommandHandlerTests" name="HandleAsync_ValidTransition_UpdatesAndRecordsHistory" />
    </UnitTest>
    <UnitTest name="CrudService.Application.Tests.Tickets.GetTicketByIdQueryHandlerTests.HandleAsync_NotFound_ReturnsNull" storage="/home/runner/work/ticketing_project_week1/ticketing_project_week1/crud_service/tests/crudservice.application.tests/bin/release/net8.0/crudservice.application.tests.dll" id="88cbdc77-300d-c756-1a20-66a1704ba569">
      <Execution id="05084d19-53e1-4235-9796-eec4a9721e73" />
      <TestMethod codeBase="/home/runner/work/ticketing_project_week1/ticketing_project_week1/crud_service/tests/CrudService.Application.Tests/bin/Release/net8.0/CrudService.Application.Tests.dll" adapterTypeName="executor://xunit/VsTestRunner2/netcoreapp" className="CrudService.Application.Tests.Tickets.GetTicketByIdQueryHandlerTests" name="HandleAsync_NotFound_ReturnsNull" />
    </UnitTest>
    <UnitTest name="CrudService.Application.Tests.Tickets.UpdateTicketStatusCommandHandlerTests.HandleAsync_InvalidStatus_ThrowsInvalidTicketStatusException" storage="/home/runner/work/ticketing_project_week1/ticketing_project_week1/crud_service/tests/crudservice.application.tests/bin/release/net8.0/crudservice.application.tests.dll" id="839f7d4e-a22a-7e27-5b87-960ac7e4aa79">
      <Execution id="5cd2ecb1-f1c9-4f63-9ab4-336fd2afe1b9" />
      <TestMethod codeBase="/home/runner/work/ticketing_project_week1/ticketing_project_week1/crud_service/tests/CrudService.Application.Tests/bin/Release/net8.0/CrudService.Application.Tests.dll" adapterTypeName="executor://xunit/VsTestRunner2/netcoreapp" className="CrudService.Application.Tests.Tickets.UpdateTicketStatusCommandHandlerTests" name="HandleAsync_InvalidStatus_ThrowsInvalidTicketStatusException" />
    </UnitTest>
  </TestDefinitions>
  <TestEntries>
    <TestEntry testId="c401cd1f-5049-4d7d-0f2a-972449840902" executionId="97fcec59-25d5-4c4c-9341-ad0bee40c04f" testListId="8c84fa94-04c1-424b-9868-57a2d4851a1d" />
    <TestEntry testId="ab188617-e425-90a9-5403-7250969ac1b1" executionId="7a9ca2cd-b05e-4993-a024-d9d6537dd39a" testListId="8c84fa94-04c1-424b-9868-57a2d4851a1d" />
    <TestEntry testId="12e16d7e-f2fb-937e-a986-53f2168ab883" executionId="72aa54b4-4bb4-4623-bca1-3eff547471b5" testListId="8c84fa94-04c1-424b-9868-57a2d4851a1d" />
    <TestEntry testId="839f7d4e-a22a-7e27-5b87-960ac7e4aa79" executionId="5cd2ecb1-f1c9-4f63-9ab4-336fd2afe1b9" testListId="8c84fa94-04c1-424b-9868-57a2d4851a1d" />
    <TestEntry testId="42a652e3-d08a-a9a5-8500-928961fad08a" executionId="206e057d-32a8-43ef-845a-fce3c66969fc" testListId="8c84fa94-04c1-424b-9868-57a2d4851a1d" />
    <TestEntry testId="94e90d41-114d-a5cb-d913-6b9c52c6d362" executionId="d6c28cc2-1a11-43d5-bc55-e8b257e1f3cc" testListId="8c84fa94-04c1-424b-9868-57a2d4851a1d" />
    <TestEntry testId="e2c31fcb-67f5-81c6-b044-b7d79dcc77ff" executionId="8de3e5ac-8570-499a-b7ed-00354be18cf3" testListId="8c84fa94-04c1-424b-9868-57a2d4851a1d" />
    <TestEntry testId="e3119a36-e91d-9416-6b32-eeda203a46b6" executionId="77f23450-123f-4823-9bd2-1e1ce6483eb1" testListId="8c84fa94-04c1-424b-9868-57a2d4851a1d" />
    <TestEntry testId="a1e36fae-cf1f-cfd9-1262-0dae2f43287f" executionId="077141b1-b63a-49f5-b9b8-0d5aabe9f25d" testListId="8c84fa94-04c1-424b-9868-57a2d4851a1d" />
    <TestEntry testId="fbf7e344-4508-2674-a0b8-b1ab3f6d50fb" executionId="c2e1a8a1-5479-42c8-b931-c083dd9b4e05" testListId="8c84fa94-04c1-424b-9868-57a2d4851a1d" />
    <TestEntry testId="15fabdb4-c16c-38b9-163d-db9704a0a5b6" executionId="cfe06344-1090-42de-9b9b-e8bd91ccbdf5" testListId="8c84fa94-04c1-424b-9868-57a2d4851a1d" />
    <TestEntry testId="98066ba2-a723-bc68-fe6c-7dc36a1b06f9" executionId="b6051d4a-7aec-4abe-aea5-f17c79f6a9cf" testListId="8c84fa94-04c1-424b-9868-57a2d4851a1d" />
    <TestEntry testId="a9581a88-a29d-1a07-475e-fde8b081ac13" executionId="3d131f25-cd6e-4784-b3bc-874d054943e2" testListId="8c84fa94-04c1-424b-9868-57a2d4851a1d" />
    <TestEntry testId="b16fba50-8a9c-bc5c-71eb-f3eb65a00c1d" executionId="f5641ad9-f6a2-44a8-ade0-1c9405ee6701" testListId="8c84fa94-04c1-424b-9868-57a2d4851a1d" />
    <TestEntry testId="806204e5-cfb2-75f1-66a1-34b273aab8d0" executionId="6e42f3f9-72b8-4b24-8d23-82f920686d78" testListId="8c84fa94-04c1-424b-9868-57a2d4851a1d" />
    <TestEntry testId="0c561d9d-f1d7-c5fc-69cc-32515f599057" executionId="e7a92903-29e3-449d-ae22-24c10129e781" testListId="8c84fa94-04c1-424b-9868-57a2d4851a1d" />
    <TestEntry testId="e71cae13-0ff0-1ef4-a1c3-e2d2da0dc3de" executionId="80292853-6575-4014-b02a-d9d33963ff80" testListId="8c84fa94-04c1-424b-9868-57a2d4851a1d" />
    <TestEntry testId="f6ca80b8-b026-f905-0605-73cad643795a" executionId="3438dee3-06af-40f7-8a64-297f1161ee0c" testListId="8c84fa94-04c1-424b-9868-57a2d4851a1d" />
    <TestEntry testId="fa34b542-62d9-8fdc-efd2-e1635f9cee4d" executionId="de8f573b-70dd-4cbd-9b8f-e7c22f2e113e" testListId="8c84fa94-04c1-424b-9868-57a2d4851a1d" />
    <TestEntry testId="88cbdc77-300d-c756-1a20-66a1704ba569" executionId="05084d19-53e1-4235-9796-eec4a9721e73" testListId="8c84fa94-04c1-424b-9868-57a2d4851a1d" />
    <TestEntry testId="e764170c-581f-a52b-d633-af18082e7bdd" executionId="8520931a-78b4-42e9-9565-c7f3eea4dbc7" testListId="8c84fa94-04c1-424b-9868-57a2d4851a1d" />
    <TestEntry testId="175f0917-a149-03d6-7a4f-2016b7844b69" executionId="06503951-98f8-4433-afa0-676803be1485" testListId="8c84fa94-04c1-424b-9868-57a2d4851a1d" />
    <TestEntry testId="b18613fe-5333-740f-0cf0-72cb2419470d" executionId="88fc2188-6ba0-483d-8339-30c28cc361ca" testListId="8c84fa94-04c1-424b-9868-57a2d4851a1d" />
    <TestEntry testId="20e5e537-40c1-ba69-9e4f-0011a4ab197b" executionId="73bd3887-b752-4b10-b8b2-f2c09f9170ba" testListId="8c84fa94-04c1-424b-9868-57a2d4851a1d" />
    <TestEntry testId="15ae21df-86fb-a502-983d-5bfd6760d1d8" executionId="56faf127-51e7-4377-b34d-be9271e5dc64" testListId="8c84fa94-04c1-424b-9868-57a2d4851a1d" />
    <TestEntry testId="87588f98-a683-08fc-1e30-2baffa459921" executionId="f8acff53-1836-431f-ace1-397ab2f6f6b7" testListId="8c84fa94-04c1-424b-9868-57a2d4851a1d" />
    <TestEntry testId="b4727890-dd30-73f0-115d-ada80a974303" executionId="5c6b6cc0-e90c-4e38-b380-752343401028" testListId="8c84fa94-04c1-424b-9868-57a2d4851a1d" />
    <TestEntry testId="311790c2-f832-5caf-9159-ae6edb8289f1" executionId="46aa6bba-270c-4d0d-980f-fb5ee5b7049e" testListId="8c84fa94-04c1-424b-9868-57a2d4851a1d" />
  </TestEntries>
  <TestLists>
    <TestList name="Results Not in a List" id="8c84fa94-04c1-424b-9868-57a2d4851a1d" />
    <TestList name="All Loaded Results" id="19431567-8539-422a-85d7-44ee4e166bda" />
  </TestLists>
  <ResultSummary outcome="Completed">
    <Counters total="28" executed="28" passed="28" failed="0" error="0" timeout="0" aborted="0" inconclusive="0" passedButRunAborted="0" notRunnable="0" notExecuted="0" disconnected="0" warning="0" completed="0" inProgress="0" pending="0" />
    <Output>
      <StdOut>[xUnit.net 00:00:00.00] xUnit.net VSTest Adapter v2.4.5+1caef2f33e (64-bit .NET 8.0.24)
[xUnit.net 00:00:00.52]   Discovering: CrudService.Application.Tests
[xUnit.net 00:00:00.55]   Discovered:  CrudService.Application.Tests
[xUnit.net 00:00:00.55]   Starting:    CrudService.Application.Tests
[xUnit.net 00:00:00.78]   Finished:    CrudService.Application.Tests
</StdOut>
    </Output>
  </ResultSummary>
</TestRun>